------------------------------------------------------------
TimeQuest Timing Analyzer Summary
------------------------------------------------------------

Type  : Slow 1200mV 85C Model Setup 'CLOCK_50'
Slack : -4.384
TNS   : -68.034

Type  : Slow 1200mV 85C Model Setup 'freqDivider:freq|clkOut'
Slack : -2.577
TNS   : -31.829

Type  : Slow 1200mV 85C Model Setup 'KEY[0]'
Slack : 0.210
TNS   : 0.000

Type  : Slow 1200mV 85C Model Hold 'freqDivider:freq|clkOut'
Slack : 0.404
TNS   : 0.000

Type  : Slow 1200mV 85C Model Hold 'KEY[0]'
Slack : 0.445
TNS   : 0.000

Type  : Slow 1200mV 85C Model Hold 'CLOCK_50'
Slack : 0.656
TNS   : 0.000

Type  : Slow 1200mV 85C Model Minimum Pulse Width 'CLOCK_50'
Slack : -3.000
TNS   : -44.120

Type  : Slow 1200mV 85C Model Minimum Pulse Width 'KEY[0]'
Slack : -3.000
TNS   : -4.285

Type  : Slow 1200mV 85C Model Minimum Pulse Width 'freqDivider:freq|clkOut'
Slack : -1.285
TNS   : -20.560

Type  : Slow 1200mV 0C Model Setup 'CLOCK_50'
Slack : -3.967
TNS   : -58.283

Type  : Slow 1200mV 0C Model Setup 'freqDivider:freq|clkOut'
Slack : -2.303
TNS   : -28.261

Type  : Slow 1200mV 0C Model Setup 'KEY[0]'
Slack : 0.297
TNS   : 0.000

Type  : Slow 1200mV 0C Model Hold 'freqDivider:freq|clkOut'
Slack : 0.354
TNS   : 0.000

Type  : Slow 1200mV 0C Model Hold 'KEY[0]'
Slack : 0.398
TNS   : 0.000

Type  : Slow 1200mV 0C Model Hold 'CLOCK_50'
Slack : 0.600
TNS   : 0.000

Type  : Slow 1200mV 0C Model Minimum Pulse Width 'CLOCK_50'
Slack : -3.000
TNS   : -44.120

Type  : Slow 1200mV 0C Model Minimum Pulse Width 'KEY[0]'
Slack : -3.000
TNS   : -4.285

Type  : Slow 1200mV 0C Model Minimum Pulse Width 'freqDivider:freq|clkOut'
Slack : -1.285
TNS   : -20.560

Type  : Fast 1200mV 0C Model Setup 'CLOCK_50'
Slack : -1.704
TNS   : -18.063

Type  : Fast 1200mV 0C Model Setup 'freqDivider:freq|clkOut'
Slack : -0.712
TNS   : -7.008

Type  : Fast 1200mV 0C Model Setup 'KEY[0]'
Slack : 0.626
TNS   : 0.000

Type  : Fast 1200mV 0C Model Hold 'freqDivider:freq|clkOut'
Slack : 0.183
TNS   : 0.000

Type  : Fast 1200mV 0C Model Hold 'KEY[0]'
Slack : 0.208
TNS   : 0.000

Type  : Fast 1200mV 0C Model Hold 'CLOCK_50'
Slack : 0.300
TNS   : 0.000

Type  : Fast 1200mV 0C Model Minimum Pulse Width 'CLOCK_50'
Slack : -3.000
TNS   : -36.964

Type  : Fast 1200mV 0C Model Minimum Pulse Width 'KEY[0]'
Slack : -3.000
TNS   : -4.142

Type  : Fast 1200mV 0C Model Minimum Pulse Width 'freqDivider:freq|clkOut'
Slack : -1.000
TNS   : -16.000

------------------------------------------------------------
