Archive member included to satisfy reference by file (symbol)

/opt/microchip/xc32/v3.01/bin/bin/../../lib/gcc/pic32mx/8.3.1/../../../../pic32mx/lib/libpic32.a(memcmp.o)
                              build/USB-II_STARTER_KIT/debug/_ext/332309696/port.o (memcmp)
/opt/microchip/xc32/v3.01/bin/bin/../../lib/gcc/pic32mx/8.3.1/../../../../pic32mx/lib/libpic32.a(memcpy.o)
                              build/USB-II_STARTER_KIT/debug/_ext/449926602/queue.o (memcpy)
/opt/microchip/xc32/v3.01/bin/bin/../../lib/gcc/pic32mx/8.3.1/../../../../pic32mx/lib/libpic32.a(memset.o)
                              build/USB-II_STARTER_KIT/debug/_ext/332309696/port.o (memset)
/opt/microchip/xc32/v3.01/bin/bin/../../lib/gcc/pic32mx/8.3.1/../../../../pic32mx/lib/libpic32.a(strlen.o)
                              build/USB-II_STARTER_KIT/debug/_ext/449926602/tasks.o (strlen)
/opt/microchip/xc32/v3.01/bin/bin/../../lib/gcc/pic32mx/8.3.1/../../../../pic32mx/lib/libpic32.a(default-bootstrap-exception-handler.o)
                              /tmp/ccGEWmdA.o (_bootstrap_exception_handler)
/opt/microchip/xc32/v3.01/bin/bin/../../lib/gcc/pic32mx/8.3.1/../../../../pic32mx/lib/libpic32.a(default-on-reset.o)
                              /tmp/ccGEWmdA.o (_on_reset)
/opt/microchip/xc32/v3.01/bin/bin/../../lib/gcc/pic32mx/8.3.1/../../../../pic32mx/lib/libpic32.a(default-on-bootstrap.o)
                              /tmp/ccGEWmdA.o (_on_bootstrap)
/opt/microchip/xc32/v3.01/bin/bin/../../lib/gcc/pic32mx/8.3.1/../../../../pic32mx/lib/libpic32.a(default-nmi-handler.o)
                              /tmp/ccGEWmdA.o (_nmi_handler)
/opt/microchip/xc32/v3.01/bin/bin/../../lib/gcc/pic32mx/8.3.1/../../../../pic32mx/lib/libpic32.a(xc32_uart.o)
                              build/USB-II_STARTER_KIT/debug/_ext/1472/mainSOTR_TMAN.o (__XC_UART)
/opt/microchip/xc32/v3.01/bin/bin/../../lib/gcc/pic32mx/8.3.1/../../../../pic32mx/lib/libpic32.a(pic32_data_init.o)
                              /tmp/ccGEWmdA.o (__pic32_data_init)
/opt/microchip/xc32/v3.01/bin/bin/../../lib/gcc/pic32mx/8.3.1/../../../../pic32mx/lib/libpic32.a(general-exception.o)
                              /tmp/ccGEWmdA.o (_general_exception_context)
/opt/microchip/xc32/v3.01/bin/bin/../../lib/gcc/pic32mx/8.3.1/../../../../pic32mx/lib/libpic32.a(vector0.o)
                              /tmp/ccaqVV9A.o (__vector_dispatch_0)
/opt/microchip/xc32/v3.01/bin/bin/../../lib/gcc/pic32mx/8.3.1/../../../../pic32mx/lib/libpic32.a(vector2.o)
                              /tmp/ccaqVV9A.o (__vector_dispatch_2)
/opt/microchip/xc32/v3.01/bin/bin/../../lib/gcc/pic32mx/8.3.1/../../../../pic32mx/lib/libpic32.a(vector3.o)
                              /tmp/ccaqVV9A.o (__vector_dispatch_3)
/opt/microchip/xc32/v3.01/bin/bin/../../lib/gcc/pic32mx/8.3.1/../../../../pic32mx/lib/libpic32.a(vector5.o)
                              /tmp/ccaqVV9A.o (__vector_dispatch_5)
/opt/microchip/xc32/v3.01/bin/bin/../../lib/gcc/pic32mx/8.3.1/../../../../pic32mx/lib/libpic32.a(vector6.o)
                              /tmp/ccaqVV9A.o (__vector_dispatch_6)
/opt/microchip/xc32/v3.01/bin/bin/../../lib/gcc/pic32mx/8.3.1/../../../../pic32mx/lib/libpic32.a(vector7.o)
                              /tmp/ccaqVV9A.o (__vector_dispatch_7)
/opt/microchip/xc32/v3.01/bin/bin/../../lib/gcc/pic32mx/8.3.1/../../../../pic32mx/lib/libpic32.a(vector9.o)
                              /tmp/ccaqVV9A.o (__vector_dispatch_9)
/opt/microchip/xc32/v3.01/bin/bin/../../lib/gcc/pic32mx/8.3.1/../../../../pic32mx/lib/libpic32.a(vector10.o)
                              /tmp/ccaqVV9A.o (__vector_dispatch_10)
/opt/microchip/xc32/v3.01/bin/bin/../../lib/gcc/pic32mx/8.3.1/../../../../pic32mx/lib/libpic32.a(vector11.o)
                              /tmp/ccaqVV9A.o (__vector_dispatch_11)
/opt/microchip/xc32/v3.01/bin/bin/../../lib/gcc/pic32mx/8.3.1/../../../../pic32mx/lib/libpic32.a(vector12.o)
                              /tmp/ccaqVV9A.o (__vector_dispatch_12)
/opt/microchip/xc32/v3.01/bin/bin/../../lib/gcc/pic32mx/8.3.1/../../../../pic32mx/lib/libpic32.a(vector13.o)
                              /tmp/ccaqVV9A.o (__vector_dispatch_13)
/opt/microchip/xc32/v3.01/bin/bin/../../lib/gcc/pic32mx/8.3.1/../../../../pic32mx/lib/libpic32.a(vector14.o)
                              /tmp/ccaqVV9A.o (__vector_dispatch_14)
/opt/microchip/xc32/v3.01/bin/bin/../../lib/gcc/pic32mx/8.3.1/../../../../pic32mx/lib/libpic32.a(vector15.o)
                              /tmp/ccaqVV9A.o (__vector_dispatch_15)
/opt/microchip/xc32/v3.01/bin/bin/../../lib/gcc/pic32mx/8.3.1/../../../../pic32mx/lib/libpic32.a(vector16.o)
                              /tmp/ccaqVV9A.o (__vector_dispatch_16)
/opt/microchip/xc32/v3.01/bin/bin/../../lib/gcc/pic32mx/8.3.1/../../../../pic32mx/lib/libpic32.a(vector17.o)
                              /tmp/ccaqVV9A.o (__vector_dispatch_17)
/opt/microchip/xc32/v3.01/bin/bin/../../lib/gcc/pic32mx/8.3.1/../../../../pic32mx/lib/libpic32.a(vector18.o)
[...]
Memory Configuration

Name             Origin             Length             Attributes
kseg0_data_mem   0x0000000080000000 0x0000000000000200
kseg1_data_mem   0x00000000a0000000 0x0000000000020000 w !x
kseg0_boot_mem   0x000000009fc00490 0x0000000000000970
kseg1_boot_mem   0x00000000bfc00000 0x0000000000000490
kseg0_program_mem 0x000000009d000000 0x0000000000080000 xr
exception_mem    0x000000009fc01000 0x0000000000001000
debug_exec_mem   0x00000000bfc02000 0x0000000000000ff0
config3          0x00000000bfc02ff0 0x0000000000000004
config2          0x00000000bfc02ff4 0x0000000000000004
config1          0x00000000bfc02ff8 0x0000000000000004
config0          0x00000000bfc02ffc 0x0000000000000004
sfrs             0x00000000bf800000 0x0000000000100000
configsfrs       0x00000000bfc02ff0 0x0000000000000010
*default*        0x0000000000000000 0xffffffffffffffff

Linker script and memory map


reserve_data_0_kseg0
                0x0000000080000000      0x200
                0x0000000080000000        0x2 SHORT 0x0
                0x00000000000001fd                . = 0x1fd
 *fill*         0x0000000080000002      0x1fb 
                0x0000000080000200                . = ALIGN (0x4)
 *fill*         0x00000000800001fd        0x3 

reserve_data_0_kseg1
                0x00000000a0000000      0x200
                0x00000000a0000000        0x2 SHORT 0x0
                0x00000000000001fd                . = 0x1fd
 *fill*         0x00000000a0000002      0x1fb 
                0x00000000a0000200                . = ALIGN (0x4)
 *fill*         0x00000000a00001fd        0x3 

reserve_boot_0x1fc02000_kseg0
                0x000000009fc02000      0xff0
                0x000000009fc02000        0x2 SHORT 0x0
                0x0000000000000500                . = 0x500
 *fill*         0x000000009fc02002      0x4fe 
                0x000000009fc02500                . = ALIGN (0x4)
                0x000000009fc02500        0x2 SHORT 0x0
                0x0000000000000ff0                . = 0xff0
 *fill*         0x000000009fc02502      0xaee 
                0x000000009fc02ff0                . = ALIGN (0x4)

reserve_boot_0x1fc02000_kseg1
                0x00000000bfc02000      0xff0
                0x00000000bfc02000        0x2 SHORT 0x0
                0x0000000000000500                . = 0x500
 *fill*         0x00000000bfc02002      0x4fe 
                0x00000000bfc02500                . = ALIGN (0x4)
                0x00000000bfc02500        0x2 SHORT 0x0
                0x0000000000000ff0                . = 0xff0
 *fill*         0x00000000bfc02502      0xaee 
                0x00000000bfc02ff0                . = ALIGN (0x4)
LOAD /opt/microchip/xc32/v3.01/bin/bin/../../lib/gcc/pic32mx/8.3.1/../../../../pic32mx/lib/software-debug-break.o
LOAD build/USB-II_STARTER_KIT/debug/_ext/332309696/port.o
LOAD build/USB-II_STARTER_KIT/debug/_ext/332309696/port_asm.o
LOAD build/USB-II_STARTER_KIT/debug/_ext/449926602/queue.o
LOAD build/USB-II_STARTER_KIT/debug/_ext/449926602/tasks.o
LOAD build/USB-II_STARTER_KIT/debug/_ext/449926602/list.o
LOAD build/USB-II_STARTER_KIT/debug/_ext/449926602/timers.o
LOAD build/USB-II_STARTER_KIT/debug/_ext/1884096877/heap_4.o
LOAD build/USB-II_STARTER_KIT/debug/_ext/1472/main.o
LOAD build/USB-II_STARTER_KIT/debug/_ext/1472/ConfigPerformance.o
LOAD build/USB-II_STARTER_KIT/debug/_ext/1852901230/uart.o
LOAD build/USB-II_STARTER_KIT/debug/_ext/1472/libtman.o
LOAD build/USB-II_STARTER_KIT/debug/_ext/1472/mainSOTR_TMAN.o
LOAD build/USB-II_STARTER_KIT/debug/_ext/1472/structs.o
                0x0000000000000001                __MPLAB_BUILD = 0x1
                0x0000000000000001                __MPLAB_DEBUG = 0x1
                0x0000000000000001                __DEBUG = 0x1
                0x0000000000000001                __MPLAB_DEBUGGER_PK3 = 0x1
                0x0000000000000000                _min_heap_size = 0x0
LOAD /tmp/ccGEWmdA.o
LOAD /tmp/cc4Wya86.o
LOAD /tmp/ccaqVV9A.o
LOAD /opt/microchip/xc32/v3.01/bin/bin/../../lib/gcc/pic32mx/8.3.1/../../../../pic32mx/lib/./proc/32MX795F512L/default_isr_vectors.o
LOAD /opt/microchip/xc32/v3.01/bin/bin/../../lib/gcc/pic32mx/8.3.1/../../../../pic32mx/lib/pic32_software_reset.o
LOAD /opt/microchip/xc32/v3.01/bin/bin/../../lib/gcc/pic32mx/8.3.1/libgcc.a
START GROUP
LOAD /opt/microchip/xc32/v3.01/bin/bin/../../lib/gcc/pic32mx/8.3.1/../../../../pic32mx/lib/libpic32.a
LOAD /opt/microchip/xc32/v3.01/bin/bin/../../lib/gcc/pic32mx/8.3.1/../../../../pic32mx/lib/libdebug.a
LOAD /opt/microchip/xc32/v3.01/bin/bin/../../lib/gcc/pic32mx/8.3.1/../../../../pic32mx/lib/libc.a
LOAD /opt/microchip/xc32/v3.01/bin/bin/../../lib/gcc/pic32mx/8.3.1/../../../../pic32mx/lib/libm.a
LOAD /opt/microchip/xc32/v3.01/bin/bin/../../lib/gcc/pic32mx/8.3.1/../../../../pic32mx/lib/libe.a
LOAD /opt/microchip/xc32/v3.01/bin/bin/../../lib/gcc/pic32mx/8.3.1/../../../../pic32mx/lib/libdsp.a
LOAD /opt/microchip/xc32/v3.01/bin/bin/../../lib/gcc/pic32mx/8.3.1/libgcc.a
LOAD /opt/microchip/xc32/v3.01/bin/bin/../../lib/gcc/pic32mx/8.3.1/../../../../pic32mx/lib/libpic32.a
END GROUP
LOAD /opt/microchip/xc32/v3.01/bin/bin/../../lib/gcc/pic32mx/8.3.1/libgcc.a
                0x0000000000000400                PROVIDE (_min_stack_size = 0x400)
START GROUP
LOAD libmchp_peripheral.a
END GROUP
START GROUP
LOAD libmchp_peripheral_32MX795F512L.a
END GROUP
                0x0000000000000001                PROVIDE (_vector_spacing = 0x1)
                0x000000009fc01000                PROVIDE (_ebase_address = 0x9fc01000)
                0x00000000bfc00000                _RESET_ADDR = 0xbfc00000
                0x00000000bfc00380                _BEV_EXCPT_ADDR = 0xbfc00380
                0x00000000bfc00480                _DBG_EXCPT_ADDR = 0xbfc00480
                0x00000000bfc02000                _DBG_CODE_ADDR = 0xbfc02000
                0x0000000000000ff0                _DBG_CODE_SIZE = 0xff0
                0x000000009fc01180                _GEN_EXCPT_ADDR = (_ebase_address + 0x180)

.config_BFC02FF0
                0x00000000bfc02ff0        0x4
 *(.config_BFC02FF0)
 .config_BFC02FF0
                0x00000000bfc02ff0        0x4 build/USB-II_STARTER_KIT/debug/_ext/1472/main.o
                0x00000000bfc02ff0                __config_BFC02FF0

.config_BFC02FF4
                0x00000000bfc02ff4        0x4
 *(.config_BFC02FF4)
 .config_BFC02FF4
                0x00000000bfc02ff4        0x4 build/USB-II_STARTER_KIT/debug/_ext/1472/main.o
                0x00000000bfc02ff4                __config_BFC02FF4

.config_BFC02FF8
                0x00000000bfc02ff8        0x4
 *(.config_BFC02FF8)
 .config_BFC02FF8
                0x00000000bfc02ff8        0x4 build/USB-II_STARTER_KIT/debug/_ext/1472/main.o
                0x00000000bfc02ff8                __config_BFC02FF8

.config_BFC02FFC
                0x00000000bfc02ffc        0x4
 *(.config_BFC02FFC)
 .config_BFC02FFC
                0x00000000bfc02ffc        0x4 build/USB-II_STARTER_KIT/debug/_ext/1472/main.o
                0x00000000bfc02ffc                __config_BFC02FFC

.reset          0x00000000bfc00000      0x19c
 *(.reset)
 .reset         0x00000000bfc00000        0x8 /tmp/ccGEWmdA.o
                0x00000000bfc00000                _reset
 *(.reset.startup)
 .reset.startup
                0x00000000bfc00008      0x194 /tmp/ccGEWmdA.o
                0x00000000bfc00008                _startup

.bev_excpt      0x00000000bfc00380       0x10
 *(.bev_handler)
 .bev_handler   0x00000000bfc00380       0x10 /tmp/ccGEWmdA.o

.dbg_excpt      0x00000000bfc00480        0x0
                0x00000000bfc00480                . = (. + DEFINED (_DEBUGGER)?0x8:0x0)

.dbg_code       0x00000000bfc02000        0x0
                0x00000000bfc02000                . = (. + DEFINED (_DEBUGGER)?_DBG_CODE_SIZE:0x0)

.app_excpt      0x000000009fc01180       0x10
 *(.gen_handler)
 .gen_handler   0x000000009fc01180       0x10 /tmp/ccGEWmdA.o

.vector_0       0x000000009fc01200        0x8
 *(.vector_0)
 .vector_0      0x000000009fc01200        0x8 /opt/microchip/xc32/v3.01/bin/bin/../../lib/gcc/pic32mx/8.3.1/../../../../pic32mx/lib/libpic32.a(vector0.o)
                0x000000009fc01200                __vector_dispatch_0
                0x0000000000000001                ASSERT (((_vector_spacing == 0x0) || (SIZEOF (.vector_0) <= (_vector_spacing << 0x5))), function at exception vector 0 too large)

.vector_1       0x000000009fc01220        0x8
 *(.vector_1)
 .vector_1      0x000000009fc01220        0x8 build/USB-II_STARTER_KIT/debug/_ext/332309696/port.o
                0x000000009fc01220                __vector_dispatch_1
                0x0000000000000001                ASSERT (((_vector_spacing == 0x0) || (SIZEOF (.vector_1) <= (_vector_spacing << 0x5))), function at exception vector 1 too large)

.vector_2       0x000000009fc01240        0x8
 *(.vector_2)
 .vector_2      0x000000009fc01240        0x8 /opt/microchip/xc32/v3.01/bin/bin/../../lib/gcc/pic32mx/8.3.1/../../../../pic32mx/lib/libpic32.a(vector2.o)
                0x000000009fc01240                __vector_dispatch_2
                0x0000000000000001                ASSERT (((_vector_spacing == 0x0) || (SIZEOF (.vector_2) <= (_vector_spacing << 0x5))), function at exception vector 2 too large)

.vector_3       0x000000009fc01260        0x8
 *(.vector_3)
 .vector_3      0x000000009fc01260        0x8 /opt/microchip/xc32/v3.01/bin/bin/../../lib/gcc/pic32mx/8.3.1/../../../../pic32mx/lib/libpic32.a(vector3.o)
                0x000000009fc01260                __vector_dispatch_3
                0x0000000000000001                ASSERT (((_vector_spacing == 0x0) || (SIZEOF (.vector_3) <= (_vector_spacing << 0x5))), function at exception vector 3 too large)

.vector_4       0x000000009fc01280        0x8
 *(.vector_4)
 .vector_4      0x000000009fc01280        0x8 build/USB-II_STARTER_KIT/debug/_ext/332309696/port.o
                0x000000009fc01280                __vector_dispatch_4
                0x0000000000000001                ASSERT (((_vector_spacing == 0x0) || (SIZEOF (.vector_4) <= (_vector_spacing << 0x5))), function at exception vector 4 too large)

.vector_5       0x000000009fc012a0        0x8
 *(.vector_5)
 .vector_5      0x000000009fc012a0        0x8 /opt/microchip/xc32/v3.01/bin/bin/../../lib/gcc/pic32mx/8.3.1/../../../../pic32mx/lib/libpic32.a(vector5.o)
                0x000000009fc012a0                __vector_dispatch_5
                0x0000000000000001                ASSERT (((_vector_spacing == 0x0) || (SIZEOF (.vector_5) <= (_vector_spacing << 0x5))), function at exception vector 5 too large)

.vector_6       0x000000009fc012c0        0x8
 *(.vector_6)
 .vector_6      0x000000009fc012c0        0x8 /opt/microchip/xc32/v3.01/bin/bin/../../lib/gcc/pic32mx/8.3.1/../../../../pic32mx/lib/libpic32.a(vector6.o)
                0x000000009fc012c0                __vector_dispatch_6
                0x0000000000000001                ASSERT (((_vector_spacing == 0x0) || (SIZEOF (.vector_6) <= (_vector_spacing << 0x5))), function at exception vector 6 too large)

.vector_7       0x000000009fc012e0        0x8
 *(.vector_7)
 .vector_7      0x000000009fc012e0        0x8 /opt/microchip/xc32/v3.01/bin/bin/../../lib/gcc/pic32mx/8.3.1/../../../../pic32mx/lib/libpic32.a(vector7.o)
                0x000000009fc012e0                __vector_dispatch_7
                0x0000000000000001                ASSERT (((_vector_spacing == 0x0) || (SIZEOF (.vector_7) <= (_vector_spacing << 0x5))), function at exception vector 7 too large)

.vector_8       0x000000009fc01300        0x8
 *(.vector_8)
 .vector_8      0x000000009fc01300        0x8 build/USB-II_STARTER_KIT/debug/_ext/1472/libtman.o
                0x000000009fc01300                __vector_dispatch_8
                0x0000000000000001                ASSERT (((_vector_spacing == 0x0) || (SIZEOF (.vector_8) <= (_vector_spacing << 0x5))), function at exception vector 8 too large)

.vector_9       0x000000009fc01320        0x8
 *(.vector_9)
 .vector_9      0x000000009fc01320        0x8 /opt/microchip/xc32/v3.01/bin/bin/../../lib/gcc/pic32mx/8.3.1/../../../../pic32mx/lib/libpic32.a(vector9.o)
                0x000000009fc01320                __vector_dispatch_9
                0x0000000000000001                ASSERT (((_vector_spacing == 0x0) || (SIZEOF (.vector_9) <= (_vector_spacing << 0x5))), function at exception vector 9 too large)

.vector_10      0x000000009fc01340        0x8
 *(.vector_10)
 .vector_10     0x000000009fc01340        0x8 /opt/microchip/xc32/v3.01/bin/bin/../../lib/gcc/pic32mx/8.3.1/../../../../pic32mx/lib/libpic32.a(vector10.o)
                0x000000009fc01340                __vector_dispatch_10
                0x0000000000000001                ASSERT (((_vector_spacing == 0x0) || (SIZEOF (.vector_10) <= (_vector_spacing << 0x5))), function at exception vector 10 too large)

.vector_11      0x000000009fc01360        0x8
 *(.vector_11)
 .vector_11     0x000000009fc01360        0x8 /opt/microchip/xc32/v3.01/bin/bin/../../lib/gcc/pic32mx/8.3.1/../../../../pic32mx/lib/libpic32.a(vector11.o)
                0x000000009fc01360                __vector_dispatch_11
                0x0000000000000001                ASSERT (((_vector_spacing == 0x0) || (SIZEOF (.vector_11) <= (_vector_spacing << 0x5))), function at exception vector 11 too large)

.vector_12      0x000000009fc01380        0x8
 *(.vector_12)
 .vector_12     0x000000009fc01380        0x8 /opt/microchip/xc32/v3.01/bin/bin/../../lib/gcc/pic32mx/8.3.1/../../../../pic32mx/lib/libpic32.a(vector12.o)
                0x000000009fc01380                __vector_dispatch_12
                0x0000000000000001                ASSERT (((_vector_spacing == 0x0) || (SIZEOF (.vector_12) <= (_vector_spacing << 0x5))), function at exception vector 12 too large)

.vector_13      0x000000009fc013a0        0x8
 *(.vector_13)
 .vector_13     0x000000009fc013a0        0x8 /opt/microchip/xc32/v3.01/bin/bin/../../lib/gcc/pic32mx/8.3.1/../../../../pic32mx/lib/libpic32.a(vector13.o)
                0x000000009fc013a0                __vector_dispatch_13
                0x0000000000000001                ASSERT (((_vector_spacing == 0x0) || (SIZEOF (.vector_13) <= (_vector_spacing << 0x5))), function at exception vector 13 too large)

.vector_14      0x000000009fc013c0        0x8
 *(.vector_14)
 .vector_14     0x000000009fc013c0        0x8 /opt/microchip/xc32/v3.01/bin/bin/../../lib/gcc/pic32mx/8.3.1/../../../../pic32mx/lib/libpic32.a(vector14.o)
                0x000000009fc013c0                __vector_dispatch_14
                0x0000000000000001                ASSERT (((_vector_spacing == 0x0) || (SIZEOF (.vector_14) <= (_vector_spacing << 0x5))), function at exception vector 14 too large)

.vector_15      0x000000009fc013e0        0x8
 *(.vector_15)
 .vector_15     0x000000009fc013e0        0x8 /opt/microchip/xc32/v3.01/bin/bin/../../lib/gcc/pic32mx/8.3.1/../../../../pic32mx/lib/libpic32.a(vector15.o)
                0x000000009fc013e0                __vector_dispatch_15
                0x0000000000000001                ASSERT (((_vector_spacing == 0x0) || (SIZEOF (.vector_15) <= (_vector_spacing << 0x5))), function at exception vector 15 too large)

.vector_16      0x000000009fc01400        0x8
 *(.vector_16)
 .vector_16     0x000000009fc01400        0x8 /opt/microchip/xc32/v3.01/bin/bin/../../lib/gcc/pic32mx/8.3.1/../../../../pic32mx/lib/libpic32.a(vector16.o)
                0x000000009fc01400                __vector_dispatch_16
                0x0000000000000001                ASSERT (((_vector_spacing == 0x0) || (SIZEOF (.vector_16) <= (_vector_spacing << 0x5))), function at exception vector 16 too large)

.vector_17      0x000000009fc01420        0x8
 *(.vector_17)
 .vector_17     0x000000009fc01420        0x8 /opt/microchip/xc32/v3.01/bin/bin/../../lib/gcc/pic32mx/8.3.1/../../../../pic32mx/lib/libpic32.a(vector17.o)
                0x000000009fc01420                __vector_dispatch_17
                0x0000000000000001                ASSERT (((_vector_spacing == 0x0) || (SIZEOF (.vector_17) <= (_vector_spacing << 0x5))), function at exception vector 17 too large)

.vector_18      0x000000009fc01440        0x8
 *(.vector_18)
 .vector_18     0x000000009fc01440        0x8 /opt/microchip/xc32/v3.01/bin/bin/../../lib/gcc/pic32mx/8.3.1/../../../../pic32mx/lib/libpic32.a(vector18.o)
                0x000000009fc01440                __vector_dispatch_18
                0x0000000000000001                ASSERT (((_vector_spacing == 0x0) || (SIZEOF (.vector_18) <= (_vector_spacing << 0x5))), function at exception vector 18 too large)

.vector_19      0x000000009fc01460        0x8
 *(.vector_19)
 .vector_19     0x000000009fc01460        0x8 /opt/microchip/xc32/v3.01/bin/bin/../../lib/gcc/pic32mx/8.3.1/../../../../pic32mx/lib/libpic32.a(vector19.o)
                0x000000009fc01460                __vector_dispatch_19
                0x0000000000000001                ASSERT (((_vector_spacing == 0x0) || (SIZEOF (.vector_19) <= (_vector_spacing << 0x5))), function at exception vector 19 too large)

.vector_20      0x000000009fc01480        0x8
 *(.vector_20)
 .vector_20     0x000000009fc01480        0x8 /opt/microchip/xc32/v3.01/bin/bin/../../lib/gcc/pic32mx/8.3.1/../../../../pic32mx/lib/libpic32.a(vector20.o)
                0x000000009fc01480                __vector_dispatch_20
                0x0000000000000001                ASSERT (((_vector_spacing == 0x0) || (SIZEOF (.vector_20) <= (_vector_spacing << 0x5))), function at exception vector 20 too large)

.vector_21      0x000000009fc014a0        0x8
 *(.vector_21)
 .vector_21     0x000000009fc014a0        0x8 /opt/microchip/xc32/v3.01/bin/bin/../../lib/gcc/pic32mx/8.3.1/../../../../pic32mx/lib/libpic32.a(vector21.o)
                0x000000009fc014a0                __vector_dispatch_21
                0x0000000000000001                ASSERT (((_vector_spacing == 0x0) || (SIZEOF (.vector_21) <= (_vector_spacing << 0x5))), function at exception vector 21 too large)

.vector_22      0x000000009fc014c0        0x8
 *(.vector_22)
 .vector_22     0x000000009fc014c0        0x8 /opt/microchip/xc32/v3.01/bin/bin/../../lib/gcc/pic32mx/8.3.1/../../../../pic32mx/lib/libpic32.a(vector22.o)
                0x000000009fc014c0                __vector_dispatch_22
                0x0000000000000001                ASSERT (((_vector_spacing == 0x0) || (SIZEOF (.vector_22) <= (_vector_spacing << 0x5))), function at exception vector 22 too large)

.vector_23      0x000000009fc014e0        0x8
 *(.vector_23)
 .vector_23     0x000000009fc014e0        0x8 /opt/microchip/xc32/v3.01/bin/bin/../../lib/gcc/pic32mx/8.3.1/../../../../pic32mx/lib/libpic32.a(vector23.o)
                0x000000009fc014e0                __vector_dispatch_23
                0x0000000000000001                ASSERT (((_vector_spacing == 0x0) || (SIZEOF (.vector_23) <= (_vector_spacing << 0x5))), function at exception vector 23 too large)

.vector_24      0x000000009fc01500        0x8
 *(.vector_24)
 .vector_24     0x000000009fc01500        0x8 /opt/microchip/xc32/v3.01/bin/bin/../../lib/gcc/pic32mx/8.3.1/../../../../pic32mx/lib/libpic32.a(vector24.o)
                0x000000009fc01500                __vector_dispatch_24
                0x0000000000000001                ASSERT (((_vector_spacing == 0x0) || (SIZEOF (.vector_24) <= (_vector_spacing << 0x5))), function at exception vector 24 too large)

.vector_25      0x000000009fc01520        0x8
 *(.vector_25)
 .vector_25     0x000000009fc01520        0x8 /opt/microchip/xc32/v3.01/bin/bin/../../lib/gcc/pic32mx/8.3.1/../../../../pic32mx/lib/libpic32.a(vector25.o)
                0x000000009fc01520                __vector_dispatch_25
                0x0000000000000001                ASSERT (((_vector_spacing == 0x0) || (SIZEOF (.vector_25) <= (_vector_spacing << 0x5))), function at exception vector 25 too large)

.vector_26      0x000000009fc01540        0x8
 *(.vector_26)
 .vector_26     0x000000009fc01540        0x8 /opt/microchip/xc32/v3.01/bin/bin/../../lib/gcc/pic32mx/8.3.1/../../../../pic32mx/lib/libpic32.a(vector26.o)
                0x000000009fc01540                __vector_dispatch_26
                0x0000000000000001                ASSERT (((_vector_spacing == 0x0) || (SIZEOF (.vector_26) <= (_vector_spacing << 0x5))), function at exception vector 26 too large)

.vector_27      0x000000009fc01560        0x8
 *(.vector_27)
 .vector_27     0x000000009fc01560        0x8 /opt/microchip/xc32/v3.01/bin/bin/../../lib/gcc/pic32mx/8.3.1/../../../../pic32mx/lib/libpic32.a(vector27.o)
                0x000000009fc01560                __vector_dispatch_27
                0x0000000000000001                ASSERT (((_vector_spacing == 0x0) || (SIZEOF (.vector_27) <= (_vector_spacing << 0x5))), function at exception vector 27 too large)

.vector_28      0x000000009fc01580        0x8
 *(.vector_28)
 .vector_28     0x000000009fc01580        0x8 /opt/microchip/xc32/v3.01/bin/bin/../../lib/gcc/pic32mx/8.3.1/../../../../pic32mx/lib/libpic32.a(vector28.o)
                0x000000009fc01580                __vector_dispatch_28
                0x0000000000000001                ASSERT (((_vector_spacing == 0x0) || (SIZEOF (.vector_28) <= (_vector_spacing << 0x5))), function at exception vector 28 too large)

.vector_29      0x000000009fc015a0        0x8
 *(.vector_29)
 .vector_29     0x000000009fc015a0        0x8 /opt/microchip/xc32/v3.01/bin/bin/../../lib/gcc/pic32mx/8.3.1/../../../../pic32mx/lib/libpic32.a(vector29.o)
                0x000000009fc015a0                __vector_dispatch_29
                0x0000000000000001                ASSERT (((_vector_spacing == 0x0) || (SIZEOF (.vector_29) <= (_vector_spacing << 0x5))), function at exception vector 29 too large)

.vector_30      0x000000009fc015c0        0x8
 *(.vector_30)
 .vector_30     0x000000009fc015c0        0x8 /opt/microchip/xc32/v3.01/bin/bin/../../lib/gcc/pic32mx/8.3.1/../../../../pic32mx/lib/libpic32.a(vector30.o)
                0x000000009fc015c0                __vector_dispatch_30
                0x0000000000000001                ASSERT (((_vector_spacing == 0x0) || (SIZEOF (.vector_30) <= (_vector_spacing << 0x5))), function at exception vector 30 too large)

.vector_31      0x000000009fc015e0        0x8
 *(.vector_31)
 .vector_31     0x000000009fc015e0        0x8 /opt/microchip/xc32/v3.01/bin/bin/../../lib/gcc/pic32mx/8.3.1/../../../../pic32mx/lib/libpic32.a(vector31.o)
                0x000000009fc015e0                __vector_dispatch_31
                0x0000000000000001                ASSERT (((_vector_spacing == 0x0) || (SIZEOF (.vector_31) <= (_vector_spacing << 0x5))), function at exception vector 31 too large)

.vector_32      0x000000009fc01600        0x8
 *(.vector_32)
 .vector_32     0x000000009fc01600        0x8 /opt/microchip/xc32/v3.01/bin/bin/../../lib/gcc/pic32mx/8.3.1/../../../../pic32mx/lib/libpic32.a(vector32.o)
                0x000000009fc01600                __vector_dispatch_32
                0x0000000000000001                ASSERT (((_vector_spacing == 0x0) || (SIZEOF (.vector_32) <= (_vector_spacing << 0x5))), function at exception vector 32 too large)

.vector_33      0x000000009fc01620        0x8
 *(.vector_33)
 .vector_33     0x000000009fc01620        0x8 /opt/microchip/xc32/v3.01/bin/bin/../../lib/gcc/pic32mx/8.3.1/../../../../pic32mx/lib/libpic32.a(vector33.o)
                0x000000009fc01620                __vector_dispatch_33
                0x0000000000000001                ASSERT (((_vector_spacing == 0x0) || (SIZEOF (.vector_33) <= (_vector_spacing << 0x5))), function at exception vector 33 too large)

.vector_34      0x000000009fc01640        0x8
 *(.vector_34)
 .vector_34     0x000000009fc01640        0x8 /opt/microchip/xc32/v3.01/bin/bin/../../lib/gcc/pic32mx/8.3.1/../../../../pic32mx/lib/libpic32.a(vector34.o)
                0x000000009fc01640                __vector_dispatch_34
                0x0000000000000001                ASSERT (((_vector_spacing == 0x0) || (SIZEOF (.vector_34) <= (_vector_spacing << 0x5))), function at exception vector 34 too large)

.vector_35      0x000000009fc01660        0x8
 *(.vector_35)
 .vector_35     0x000000009fc01660        0x8 /opt/microchip/xc32/v3.01/bin/bin/../../lib/gcc/pic32mx/8.3.1/../../../../pic32mx/lib/libpic32.a(vector35.o)
                0x000000009fc01660                __vector_dispatch_35
                0x0000000000000001                ASSERT (((_vector_spacing == 0x0) || (SIZEOF (.vector_35) <= (_vector_spacing << 0x5))), function at exception vector 35 too large)

.vector_36      0x000000009fc01680        0x8
 *(.vector_36)
 .vector_36     0x000000009fc01680        0x8 /opt/microchip/xc32/v3.01/bin/bin/../../lib/gcc/pic32mx/8.3.1/../../../../pic32mx/lib/libpic32.a(vector36.o)
                0x000000009fc01680                __vector_dispatch_36
                0x0000000000000001                ASSERT (((_vector_spacing == 0x0) || (SIZEOF (.vector_36) <= (_vector_spacing << 0x5))), function at exception vector 36 too large)

.vector_37      0x000000009fc016a0        0x8
 *(.vector_37)
 .vector_37     0x000000009fc016a0        0x8 /opt/microchip/xc32/v3.01/bin/bin/../../lib/gcc/pic32mx/8.3.1/../../../../pic32mx/lib/libpic32.a(vector37.o)
                0x000000009fc016a0                __vector_dispatch_37
                0x0000000000000001                ASSERT (((_vector_spacing == 0x0) || (SIZEOF (.vector_37) <= (_vector_spacing << 0x5))), function at exception vector 37 too large)

.vector_38      0x000000009fc016c0        0x8
 *(.vector_38)
 .vector_38     0x000000009fc016c0        0x8 /opt/microchip/xc32/v3.01/bin/bin/../../lib/gcc/pic32mx/8.3.1/../../../../pic32mx/lib/libpic32.a(vector38.o)
                0x000000009fc016c0                __vector_dispatch_38
                0x0000000000000001                ASSERT (((_vector_spacing == 0x0) || (SIZEOF (.vector_38) <= (_vector_spacing << 0x5))), function at exception vector 38 too large)

.vector_39      0x000000009fc016e0        0x8
 *(.vector_39)
 .vector_39     0x000000009fc016e0        0x8 /opt/microchip/xc32/v3.01/bin/bin/../../lib/gcc/pic32mx/8.3.1/../../../../pic32mx/lib/libpic32.a(vector39.o)
                0x000000009fc016e0                __vector_dispatch_39
                0x0000000000000001                ASSERT (((_vector_spacing == 0x0) || (SIZEOF (.vector_39) <= (_vector_spacing << 0x5))), function at exception vector 39 too large)

.vector_40      0x000000009fc01700        0x8
 *(.vector_40)
 .vector_40     0x000000009fc01700        0x8 /opt/microchip/xc32/v3.01/bin/bin/../../lib/gcc/pic32mx/8.3.1/../../../../pic32mx/lib/libpic32.a(vector40.o)
                0x000000009fc01700                __vector_dispatch_40
                0x0000000000000001                ASSERT (((_vector_spacing == 0x0) || (SIZEOF (.vector_40) <= (_vector_spacing << 0x5))), function at exception vector 40 too large)

.vector_41      0x000000009fc01720        0x8
 *(.vector_41)
 .vector_41     0x000000009fc01720        0x8 /opt/microchip/xc32/v3.01/bin/bin/../../lib/gcc/pic32mx/8.3.1/../../../../pic32mx/lib/libpic32.a(vector41.o)
                0x000000009fc01720                __vector_dispatch_41
                0x0000000000000001                ASSERT (((_vector_spacing == 0x0) || (SIZEOF (.vector_41) <= (_vector_spacing << 0x5))), function at exception vector 41 too large)

.vector_42      0x000000009fc01740        0x8
 *(.vector_42)
 .vector_42     0x000000009fc01740        0x8 /opt/microchip/xc32/v3.01/bin/bin/../../lib/gcc/pic32mx/8.3.1/../../../../pic32mx/lib/libpic32.a(vector42.o)
                0x000000009fc01740                __vector_dispatch_42
                0x0000000000000001                ASSERT (((_vector_spacing == 0x0) || (SIZEOF (.vector_42) <= (_vector_spacing << 0x5))), function at exception vector 42 too large)

.vector_43      0x000000009fc01760        0x8
 *(.vector_43)
 .vector_43     0x000000009fc01760        0x8 /opt/microchip/xc32/v3.01/bin/bin/../../lib/gcc/pic32mx/8.3.1/../../../../pic32mx/lib/libpic32.a(vector43.o)
                0x000000009fc01760                __vector_dispatch_43
                0x0000000000000001                ASSERT (((_vector_spacing == 0x0) || (SIZEOF (.vector_43) <= (_vector_spacing << 0x5))), function at exception vector 43 too large)

.vector_44      0x000000009fc01780        0x8
 *(.vector_44)
 .vector_44     0x000000009fc01780        0x8 /opt/microchip/xc32/v3.01/bin/bin/../../lib/gcc/pic32mx/8.3.1/../../../../pic32mx/lib/libpic32.a(vector44.o)
                0x000000009fc01780                __vector_dispatch_44
                0x0000000000000001                ASSERT (((_vector_spacing == 0x0) || (SIZEOF (.vector_44) <= (_vector_spacing << 0x5))), function at exception vector 44 too large)

.vector_45      0x000000009fc017a0        0x8
 *(.vector_45)
 .vector_45     0x000000009fc017a0        0x8 /opt/microchip/xc32/v3.01/bin/bin/../../lib/gcc/pic32mx/8.3.1/../../../../pic32mx/lib/libpic32.a(vector45.o)
                0x000000009fc017a0                __vector_dispatch_45
                0x0000000000000001                ASSERT (((_vector_spacing == 0x0) || (SIZEOF (.vector_45) <= (_vector_spacing << 0x5))), function at exception vector 45 too large)

.vector_46      0x000000009fc017c0        0x8
 *(.vector_46)
 .vector_46     0x000000009fc017c0        0x8 /opt/microchip/xc32/v3.01/bin/bin/../../lib/gcc/pic32mx/8.3.1/../../../../pic32mx/lib/libpic32.a(vector46.o)
                0x000000009fc017c0                __vector_dispatch_46
                0x0000000000000001                ASSERT (((_vector_spacing == 0x0) || (SIZEOF (.vector_46) <= (_vector_spacing << 0x5))), function at exception vector 46 too large)

.vector_47      0x000000009fc017e0        0x8
 *(.vector_47)
 .vector_47     0x000000009fc017e0        0x8 /opt/microchip/xc32/v3.01/bin/bin/../../lib/gcc/pic32mx/8.3.1/../../../../pic32mx/lib/libpic32.a(vector47.o)
                0x000000009fc017e0                __vector_dispatch_47
                0x0000000000000001                ASSERT (((_vector_spacing == 0x0) || (SIZEOF (.vector_47) <= (_vector_spacing << 0x5))), function at exception vector 47 too large)

.vector_48      0x000000009fc01800        0x8
 *(.vector_48)
 .vector_48     0x000000009fc01800        0x8 /opt/microchip/xc32/v3.01/bin/bin/../../lib/gcc/pic32mx/8.3.1/../../../../pic32mx/lib/libpic32.a(vector48.o)
                0x000000009fc01800                __vector_dispatch_48
                0x0000000000000001                ASSERT (((_vector_spacing == 0x0) || (SIZEOF (.vector_48) <= (_vector_spacing << 0x5))), function at exception vector 48 too large)

.vector_49      0x000000009fc01820        0x8
 *(.vector_49)
 .vector_49     0x000000009fc01820        0x8 /opt/microchip/xc32/v3.01/bin/bin/../../lib/gcc/pic32mx/8.3.1/../../../../pic32mx/lib/libpic32.a(vector49.o)
                0x000000009fc01820                __vector_dispatch_49
                0x0000000000000001                ASSERT (((_vector_spacing == 0x0) || (SIZEOF (.vector_49) <= (_vector_spacing << 0x5))), function at exception vector 49 too large)

.vector_50      0x000000009fc01840        0x8
 *(.vector_50)
 .vector_50     0x000000009fc01840        0x8 /opt/microchip/xc32/v3.01/bin/bin/../../lib/gcc/pic32mx/8.3.1/../../../../pic32mx/lib/libpic32.a(vector50.o)
                0x000000009fc01840                __vector_dispatch_50
                0x0000000000000001                ASSERT (((_vector_spacing == 0x0) || (SIZEOF (.vector_50) <= (_vector_spacing << 0x5))), function at exception vector 50 too large)

.vector_51      0x000000009fc01860        0x8
 *(.vector_51)
 .vector_51     0x000000009fc01860        0x8 /opt/microchip/xc32/v3.01/bin/bin/../../lib/gcc/pic32mx/8.3.1/../../../../pic32mx/lib/libpic32.a(vector51.o)
                0x000000009fc01860                __vector_dispatch_51
                0x0000000000000001                ASSERT (((_vector_spacing == 0x0) || (SIZEOF (.vector_51) <= (_vector_spacing << 0x5))), function at exception vector 51 too large)

.vector_52      0x000000009fc01880        0x0
 *(.vector_52)
                0x0000000000000001                ASSERT (((_vector_spacing == 0x0) || (SIZEOF (.vector_52) <= (_vector_spacing << 0x5))), function at exception vector 52 too large)

.vector_53      0x000000009fc018a0        0x0
 *(.vector_53)
                0x0000000000000001                ASSERT (((_vector_spacing == 0x0) || (SIZEOF (.vector_53) <= (_vector_spacing << 0x5))), function at exception vector 53 too large)

.vector_54      0x000000009fc018c0        0x0
 *(.vector_54)
                0x0000000000000001                ASSERT (((_vector_spacing == 0x0) || (SIZEOF (.vector_54) <= (_vector_spacing << 0x5))), function at exception vector 54 too large)

.vector_55      0x000000009fc018e0        0x0
 *(.vector_55)
                0x0000000000000001                ASSERT (((_vector_spacing == 0x0) || (SIZEOF (.vector_55) <= (_vector_spacing << 0x5))), function at exception vector 55 too large)

.vector_56      0x000000009fc01900        0x0
 *(.vector_56)
                0x0000000000000001                ASSERT (((_vector_spacing == 0x0) || (SIZEOF (.vector_56) <= (_vector_spacing << 0x5))), function at exception vector 56 too large)

.vector_57      0x000000009fc01920        0x0
 *(.vector_57)
                0x0000000000000001                ASSERT (((_vector_spacing == 0x0) || (SIZEOF (.vector_57) <= (_vector_spacing << 0x5))), function at exception vector 57 too large)

.vector_58      0x000000009fc01940        0x0
 *(.vector_58)
                0x0000000000000001                ASSERT (((_vector_spacing == 0x0) || (SIZEOF (.vector_58) <= (_vector_spacing << 0x5))), function at exception vector 58 too large)

.vector_59      0x000000009fc01960        0x0
 *(.vector_59)
                0x0000000000000001                ASSERT (((_vector_spacing == 0x0) || (SIZEOF (.vector_59) <= (_vector_spacing << 0x5))), function at exception vector 59 too large)

.vector_60      0x000000009fc01980        0x0
 *(.vector_60)
                0x0000000000000001                ASSERT (((_vector_spacing == 0x0) || (SIZEOF (.vector_60) <= (_vector_spacing << 0x5))), function at exception vector 60 too large)

.vector_61      0x000000009fc019a0        0x0
 *(.vector_61)
                0x0000000000000001                ASSERT (((_vector_spacing == 0x0) || (SIZEOF (.vector_61) <= (_vector_spacing << 0x5))), function at exception vector 61 too large)

.vector_62      0x000000009fc019c0        0x0
 *(.vector_62)
                0x0000000000000001                ASSERT (((_vector_spacing == 0x0) || (SIZEOF (.vector_62) <= (_vector_spacing << 0x5))), function at exception vector 62 too large)

.vector_63      0x000000009fc019e0        0x0
 *(.vector_63)
                0x0000000000000001                ASSERT (((_vector_spacing == 0x0) || (SIZEOF (.vector_63) <= (_vector_spacing << 0x5))), function at exception vector 63 too large)

.startup
 *(.startup)

.text           0x000000009d000000        0x0
 *(.stub .gnu.linkonce.t.*)
 *(.text.*personality*)
 *(.mips16.fn.*)
 *(.mips16.call.*)
 *(.gnu.warning)
                0x000000009d000000                . = ALIGN (0x4)

.init           0x000000009d000000        0x0
 *crti.o(.init)
 *crtbegin.o(.init)
 *(EXCLUDE_FILE(*crtn.o *crtend?.o *crtend.o) .init)
 *crtend.o(.init)
 *crtn.o(.init)
                0x000000009d000000                . = ALIGN (0x4)

.fini           0x000000009d000000        0x0
 *(.fini)
                0x000000009d000000                . = ALIGN (0x4)

.preinit_array  0x000000009d000000        0x0
                [!provide]                        PROVIDE (__preinit_array_start = .)
 *(.preinit_array)
                [!provide]                        PROVIDE (__preinit_array_end = .)
                0x000000009d000000                . = ALIGN (0x4)

.init_array     0x000000009d000000        0x0
                [!provide]                        PROVIDE (__init_array_start = .)
 *(SORT_BY_NAME(.init_array.*))
 *(.init_array)
                [!provide]                        PROVIDE (__init_array_end = .)
                0x000000009d000000                . = ALIGN (0x4)

.fini_array     0x000000009d000000        0x0
                [!provide]                        PROVIDE (__fini_array_start = .)
 *(SORT_BY_NAME(.fini_array.*))
 *(.fini_array)
                [!provide]                        PROVIDE (__fini_array_end = .)
                0x000000009d000000                . = ALIGN (0x4)

.ctors          0x000000009d000000        0x0
 *crtbegin.o(.ctors)
 *crtbegin?.o(.ctors)
 *(EXCLUDE_FILE(*crtend?.o *crtend.o) .ctors)
 *(SORT_BY_NAME(.ctors.*))
 *(.ctors)
                0x000000009d000000                . = ALIGN (0x4)

.dtors          0x000000009d000000        0x0
 *crtbegin.o(.dtors)
 *crtbegin?.o(.dtors)
 *(EXCLUDE_FILE(*crtend?.o *crtend.o) .dtors)
 *(SORT_BY_NAME(.dtors.*))
 *(.dtors)
                0x000000009d000000                . = ALIGN (0x4)

.rodata         0x000000009d000000        0x0
 *(.gnu.linkonce.r.*)
 *(.rodata1)
                0x000000009d000000                . = ALIGN (0x4)

.sdata2         0x000000009d000000        0x0
 *(.sdata2 .sdata2.* .gnu.linkonce.s2.*)
                0x000000009d000000                . = ALIGN (0x4)

.sbss2          0x000000009d000000        0x0
 *(.sbss2 .sbss2.* .gnu.linkonce.sb2.*)
                0x000000009d000000                . = ALIGN (0x4)

.eh_frame_hdr
 *(.eh_frame_hdr)
                0x000000009d000000                . = ALIGN (0x4)

.eh_frame
 *(.eh_frame)
                0x000000009d000000                . = ALIGN (0x4)

.gcc_except_table
 *(.gcc_except_table .gcc_except_table.*)
                0x000000009d000000                . = ALIGN (0x4)

.dbg_data       0x00000000a0000200        0x0
                0x00000000a0000200                . = (. + DEFINED (_DEBUGGER)?0x200:0x0)

.jcr            0x00000000a0000200        0x0
 *(.jcr)
                0x00000000a0000200                . = ALIGN (0x4)

.eh_frame
 *(.eh_frame)
                0x00000000a0000200                . = ALIGN (0x4)

.gcc_except_table
 *(.gcc_except_table .gcc_except_table.*)
                0x00000000a0000200                . = ALIGN (0x4)

.persist        0x00000000a0000200        0x0
                0x00000000a0000200                _persist_begin = .
 *(.persist .persist.*)
                0x00000000a0000200                . = ALIGN (0x4)
                0x00000000a0000200                _persist_end = .

.data           0x00000000a0000200        0x0
 *(.gnu.linkonce.d.*)
 *(.data1)
                0x00000000a0000200                . = ALIGN (0x4)
                0x00000000a0000200                . = .
                0x00000000a00081f0                _gp = (ALIGN (0x10) + 0x7ff0)

.got            0x00000000a0000200        0x0
 *(.got.plt)
 *(.got)
                0x00000000a0000200                . = ALIGN (0x4)

.sdata          0x00000000a0000200        0x8
                0x00000000a0000200                _sdata_begin = .
 *(.sdata .sdata.* .gnu.linkonce.s.*)
 .sdata         0x00000000a0000200        0x4 build/USB-II_STARTER_KIT/debug/_ext/332309696/port.o
                0x00000000a0000200                uxInterruptNesting
 .sdata         0x00000000a0000204        0x4 /opt/microchip/xc32/v3.01/bin/bin/../../lib/gcc/pic32mx/8.3.1/../../../../pic32mx/lib/libpic32.a(xc32_uart.o)
                0x00000000a0000204                __XC_UART
                0x00000000a0000208                . = ALIGN (0x4)
                0x00000000a0000208                _sdata_end = .

.lit8
 *(.lit8)

.lit4
 *(.lit4)
                0x00000000a0000208                . = ALIGN (0x4)
                0x00000000a0000208                _data_end = .
                0x00000000a0000208                _bss_begin = .

.sbss           0x00000000a0000208       0x7c
                0x00000000a0000208                _sbss_begin = .
 *(.dynsbss)
 *(.sbss .sbss.* .gnu.linkonce.sb.*)
 .sbss          0x00000000a0000208        0x4 build/USB-II_STARTER_KIT/debug/_ext/332309696/port.o
                0x00000000a0000208                uxSavedTaskStackPointer
 .sbss          0x00000000a000020c       0x3c build/USB-II_STARTER_KIT/debug/_ext/449926602/tasks.o
                0x00000000a000020c                pxCurrentTCB
                0x00000000a0000210                pxDelayedTaskList
                0x00000000a0000214                pxOverflowDelayedTaskList
                0x00000000a0000218                uxDeletedTasksWaitingCleanUp
                0x00000000a000021c                uxCurrentNumberOfTasks
                0x00000000a0000220                xTickCount
                0x00000000a0000224                uxTopReadyPriority
                0x00000000a0000228                xSchedulerRunning
                0x00000000a000022c                xPendedTicks
                0x00000000a0000230                xYieldPending
                0x00000000a0000234                xNumOfOverflows
                0x00000000a0000238                uxTaskNumber
                0x00000000a000023c                xNextTaskUnblockTime
                0x00000000a0000240                xIdleTaskHandle
                0x00000000a0000244                uxSchedulerSuspended
 .sbss          0x00000000a0000248       0x14 build/USB-II_STARTER_KIT/debug/_ext/449926602/timers.o
 .sbss          0x00000000a000025c       0x20 build/USB-II_STARTER_KIT/debug/_ext/1884096877/heap_4.o
 .sbss          0x00000000a000027c        0x8 build/USB-II_STARTER_KIT/debug/_ext/1472/libtman.o
                0x00000000a000027c                current_tick
                0x00000000a0000280                xHigherPriorityTaskWoken
 *(.scommon)
                0x00000000a0000284                _sbss_end = .
                0x00000000a0000284                . = ALIGN (0x4)

.bss            0x00000000a0000284        0x0
 *(.dynbss)
 *(COMMON)
                0x00000000a0000284                . = ALIGN ((. != 0x0)?0x4:0x1)
                0x00000000a0000284                . = ALIGN (0x4)
                0x00000000a0000284                _end = .
                0x00000000a0000284                _bss_end = .
                0x0000000000020000                _bmxdudba_address = LENGTH (kseg1_data_mem)
                0x0000000000020000                _bmxdupba_address = LENGTH (kseg1_data_mem)

/DISCARD/
 *(.pdr)
 *(.rel.dyn)
 *(.note.GNU-stack)
 *(.note.GNU-stack)
 *(.gnu_debuglink)
 *(.gnu.lto_*)
 *(.discard)

.gptab.sdata
 *(.gptab.data)
 *(.gptab.sdata)

.gptab.sbss
 *(.gptab.bss)
 *(.gptab.sbss)

.mdebug.abi32   0x0000000000000000        0x0
 *(.mdebug.abi32)
 .mdebug.abi32  0x0000000000000000        0x0 /opt/microchip/xc32/v3.01/bin/bin/../../lib/gcc/pic32mx/8.3.1/../../../../pic32mx/lib/software-debug-break.o
 .mdebug.abi32  0x0000000000000000        0x0 build/USB-II_STARTER_KIT/debug/_ext/332309696/port.o
 .mdebug.abi32  0x0000000000000000        0x0 build/USB-II_STARTER_KIT/debug/_ext/449926602/queue.o
 .mdebug.abi32  0x0000000000000000        0x0 build/USB-II_STARTER_KIT/debug/_ext/449926602/tasks.o
 .mdebug.abi32  0x0000000000000000        0x0 build/USB-II_STARTER_KIT/debug/_ext/449926602/list.o
 .mdebug.abi32  0x0000000000000000        0x0 build/USB-II_STARTER_KIT/debug/_ext/449926602/timers.o
 .mdebug.abi32  0x0000000000000000        0x0 build/USB-II_STARTER_KIT/debug/_ext/1884096877/heap_4.o
 .mdebug.abi32  0x0000000000000000        0x0 build/USB-II_STARTER_KIT/debug/_ext/1472/main.o
 .mdebug.abi32  0x0000000000000000        0x0 build/USB-II_STARTER_KIT/debug/_ext/1472/ConfigPerformance.o
 .mdebug.abi32  0x0000000000000000        0x0 build/USB-II_STARTER_KIT/debug/_ext/1852901230/uart.o
 .mdebug.abi32  0x0000000000000000        0x0 build/USB-II_STARTER_KIT/debug/_ext/1472/libtman.o
 .mdebug.abi32  0x0000000000000000        0x0 build/USB-II_STARTER_KIT/debug/_ext/1472/mainSOTR_TMAN.o
 .mdebug.abi32  0x0000000000000000        0x0 build/USB-II_STARTER_KIT/debug/_ext/1472/structs.o
 .mdebug.abi32  0x0000000000000000        0x0 /opt/microchip/xc32/v3.01/bin/bin/../../lib/gcc/pic32mx/8.3.1/../../../../pic32mx/lib/libpic32.a(default-bootstrap-exception-handler.o)
 .mdebug.abi32  0x0000000000000000        0x0 /opt/microchip/xc32/v3.01/bin/bin/../../lib/gcc/pic32mx/8.3.1/../../../../pic32mx/lib/libpic32.a(default-on-reset.o)
 .mdebug.abi32  0x0000000000000000        0x0 /opt/microchip/xc32/v3.01/bin/bin/../../lib/gcc/pic32mx/8.3.1/../../../../pic32mx/lib/libpic32.a(default-on-bootstrap.o)
 .mdebug.abi32  0x0000000000000000        0x0 /opt/microchip/xc32/v3.01/bin/bin/../../lib/gcc/pic32mx/8.3.1/../../../../pic32mx/lib/libpic32.a(xc32_uart.o)
 .mdebug.abi32  0x0000000000000000        0x0 /opt/microchip/xc32/v3.01/bin/bin/../../lib/gcc/pic32mx/8.3.1/../../../../pic32mx/lib/libpic32.a(defaultinterrupt.o)
 .mdebug.abi32  0x0000000000000000        0x0 /opt/microchip/xc32/v3.01/bin/bin/../../lib/gcc/pic32mx/8.3.1/../../../../pic32mx/lib/libdebug.a(db_utils.o)
 .mdebug.abi32  0x0000000000000000        0x0 /opt/microchip/xc32/v3.01/bin/bin/../../lib/gcc/pic32mx/8.3.1/../../../../pic32mx/lib/libc.a(malloc.o)
 .mdebug.abi32  0x0000000000000000        0x0 /opt/microchip/xc32/v3.01/bin/bin/../../lib/gcc/pic32mx/8.3.1/../../../../pic32mx/lib/libc.a(puts.o)
 .mdebug.abi32  0x0000000000000000        0x0 /opt/microchip/xc32/v3.01/bin/bin/../../lib/gcc/pic32mx/8.3.1/../../../../pic32mx/lib/libc.a(printf_cdnopuxX.eo)
 .mdebug.abi32  0x0000000000000000        0x0 /opt/microchip/xc32/v3.01/bin/bin/../../lib/gcc/pic32mx/8.3.1/../../../../pic32mx/lib/libc.a(_iob.o)
 .mdebug.abi32  0x0000000000000000        0x0 /opt/microchip/xc32/v3.01/bin/bin/../../lib/gcc/pic32mx/8.3.1/../../../../pic32mx/lib/libc.a(_fputc_simple.o)
 .mdebug.abi32  0x0000000000000000        0x0 /opt/microchip/xc32/v3.01/bin/bin/../../lib/gcc/pic32mx/8.3.1/../../../../pic32mx/lib/libc.a(doprnt_cdnopuxX.eo)
 .mdebug.abi32  0x0000000000000000        0x0 /opt/microchip/xc32/v3.01/bin/bin/../../lib/gcc/pic32mx/8.3.1/../../../../pic32mx/lib/libc.a(_flsbuf_simple.o)
 .mdebug.abi32  0x0000000000000000        0x0 /opt/microchip/xc32/v3.01/bin/bin/../../lib/gcc/pic32mx/8.3.1/../../../../pic32mx/lib/libc.a(ctype.o)
 .mdebug.abi32  0x0000000000000000        0x0 /opt/microchip/xc32/v3.01/bin/bin/../../lib/gcc/pic32mx/8.3.1/libgcc.a(_lshrdi3.o)
 .mdebug.abi32  0x0000000000000000        0x0 /opt/microchip/xc32/v3.01/bin/bin/../../lib/gcc/pic32mx/8.3.1/libgcc.a(_udivdi3.o)
 .mdebug.abi32  0x0000000000000000        0x0 /opt/microchip/xc32/v3.01/bin/bin/../../lib/gcc/pic32mx/8.3.1/libgcc.a(_umoddi3.o)
 .mdebug.abi32  0x0000000000000000        0x0 /opt/microchip/xc32/v3.01/bin/bin/../../lib/gcc/pic32mx/8.3.1/../../../../pic32mx/lib/libpic32.a(sbrk.o)
 .mdebug.abi32  0x0000000000000000        0x0 /opt/microchip/xc32/v3.01/bin/bin/../../lib/gcc/pic32mx/8.3.1/../../../../pic32mx/lib/libpic32.a(write.o)
 .mdebug.abi32  0x0000000000000000        0x0 /opt/microchip/xc32/v3.01/bin/bin/../../lib/gcc/pic32mx/8.3.1/../../../../pic32mx/lib/libpic32.a(errno.o)

.mdebug.abiN32
 *(.mdebug.abiN32)

.mdebug.abi64
 *(.mdebug.abi64)

.mdebug.abiO64
 *(.mdebug.abiO64)

.mdebug.eabi32
 *(.mdebug.eabi32)

.mdebug.eabi64
 *(.mdebug.eabi64)

.gcc_compiled_long32
 *(.gcc_compiled_long32)

.gcc_compiled_long64
 *(.gcc_compiled_long64)

.stab
 *(.stab)

.stabstr
 *(.stabstr)

.stab.excl
 *(.stab.excl)

.stab.exclstr
 *(.stab.exclstr)

.stab.index
 *(.stab.index)

.stab.indexstr
 *(.stab.indexstr)

.comment        0x0000000000000000      0x135
 *(.comment)
 .comment       0x0000000000000000       0x53 /opt/microchip/xc32/v3.01/bin/bin/../../lib/gcc/pic32mx/8.3.1/../../../../pic32mx/lib/software-debug-break.o
                                         0x54 (size before relaxing)
 .comment       0x0000000000000053       0x54 build/USB-II_STARTER_KIT/debug/_ext/332309696/port.o
 .comment       0x0000000000000053       0x54 build/USB-II_STARTER_KIT/debug/_ext/449926602/queue.o
 .comment       0x0000000000000053       0x54 build/USB-II_STARTER_KIT/debug/_ext/449926602/tasks.o
 .comment       0x0000000000000053       0x54 build/USB-II_STARTER_KIT/debug/_ext/449926602/list.o
 .comment       0x0000000000000053       0x54 build/USB-II_STARTER_KIT/debug/_ext/449926602/timers.o
 .comment       0x0000000000000053       0x54 build/USB-II_STARTER_KIT/debug/_ext/1884096877/heap_4.o
 .comment       0x0000000000000053       0x54 build/USB-II_STARTER_KIT/debug/_ext/1472/main.o
 .comment       0x0000000000000053       0x54 build/USB-II_STARTER_KIT/debug/_ext/1472/ConfigPerformance.o
 .comment       0x0000000000000053       0x54 build/USB-II_STARTER_KIT/debug/_ext/1852901230/uart.o
 .comment       0x0000000000000053       0x54 build/USB-II_STARTER_KIT/debug/_ext/1472/libtman.o
 .comment       0x0000000000000053       0x54 build/USB-II_STARTER_KIT/debug/_ext/1472/mainSOTR_TMAN.o
 .comment       0x0000000000000053       0x54 build/USB-II_STARTER_KIT/debug/_ext/1472/structs.o
 .comment       0x0000000000000053       0x18 /opt/microchip/xc32/v3.01/bin/bin/../../lib/gcc/pic32mx/8.3.1/../../../../pic32mx/lib/libpic32.a(memcmp.o)
                                         0x19 (size before relaxing)
 .comment       0x000000000000006b       0x18 /opt/microchip/xc32/v3.01/bin/bin/../../lib/gcc/pic32mx/8.3.1/../../../../pic32mx/lib/libpic32.a(memset.o)
                                         0x19 (size before relaxing)
 .comment       0x0000000000000083       0x19 /opt/microchip/xc32/v3.01/bin/bin/../../lib/gcc/pic32mx/8.3.1/../../../../pic32mx/lib/libpic32.a(strlen.o)
                                         0x1a (size before relaxing)
 .comment       0x000000000000009c       0x54 /opt/microchip/xc32/v3.01/bin/bin/../../lib/gcc/pic32mx/8.3.1/../../../../pic32mx/lib/libpic32.a(default-bootstrap-exception-handler.o)
 .comment       0x000000000000009c       0x54 /opt/microchip/xc32/v3.01/bin/bin/../../lib/gcc/pic32mx/8.3.1/../../../../pic32mx/lib/libpic32.a(default-on-reset.o)
 .comment       0x000000000000009c       0x54 /opt/microchip/xc32/v3.01/bin/bin/../../lib/gcc/pic32mx/8.3.1/../../../../pic32mx/lib/libpic32.a(default-on-bootstrap.o)
 .comment       0x000000000000009c       0x54 /opt/microchip/xc32/v3.01/bin/bin/../../lib/gcc/pic32mx/8.3.1/../../../../pic32mx/lib/libpic32.a(xc32_uart.o)
 .comment       0x000000000000009c       0x54 /opt/microchip/xc32/v3.01/bin/bin/../../lib/gcc/pic32mx/8.3.1/../../../../pic32mx/lib/libpic32.a(defaultinterrupt.o)
 .comment       0x000000000000009c       0x54 /opt/microchip/xc32/v3.01/bin/bin/../../lib/gcc/pic32mx/8.3.1/../../../../pic32mx/lib/libdebug.a(db_utils.o)
 .comment       0x000000000000009c       0x54 /opt/microchip/xc32/v3.01/bin/bin/../../lib/gcc/pic32mx/8.3.1/../../../../pic32mx/lib/libc.a(malloc.o)
 .comment       0x000000000000009c       0x54 /opt/microchip/xc32/v3.01/bin/bin/../../lib/gcc/pic32mx/8.3.1/../../../../pic32mx/lib/libc.a(puts.o)
 .comment       0x000000000000009c       0x54 /opt/microchip/xc32/v3.01/bin/bin/../../lib/gcc/pic32mx/8.3.1/../../../../pic32mx/lib/libc.a(printf_cdnopuxX.eo)
 .comment       0x000000000000009c       0x54 /opt/microchip/xc32/v3.01/bin/bin/../../lib/gcc/pic32mx/8.3.1/../../../../pic32mx/lib/libc.a(_iob.o)
 .comment       0x000000000000009c       0x54 /opt/microchip/xc32/v3.01/bin/bin/../../lib/gcc/pic32mx/8.3.1/../../../../pic32mx/lib/libc.a(_fputc_simple.o)
 .comment       0x000000000000009c       0x54 /opt/microchip/xc32/v3.01/bin/bin/../../lib/gcc/pic32mx/8.3.1/../../../../pic32mx/lib/libc.a(doprnt_cdnopuxX.eo)
 .comment       0x000000000000009c       0x54 /opt/microchip/xc32/v3.01/bin/bin/../../lib/gcc/pic32mx/8.3.1/../../../../pic32mx/lib/libc.a(_flsbuf_simple.o)
 .comment       0x000000000000009c       0x4e /opt/microchip/xc32/v3.01/bin/bin/../../lib/gcc/pic32mx/8.3.1/../../../../pic32mx/lib/libc.a(ctype.o)
                                         0xa2 (size before relaxing)
 .comment       0x00000000000000ea       0x54 /opt/microchip/xc32/v3.01/bin/bin/../../lib/gcc/pic32mx/8.3.1/libgcc.a(_lshrdi3.o)
 .comment       0x00000000000000ea       0x54 /opt/microchip/xc32/v3.01/bin/bin/../../lib/gcc/pic32mx/8.3.1/libgcc.a(_udivdi3.o)
 .comment       0x00000000000000ea       0x54 /opt/microchip/xc32/v3.01/bin/bin/../../lib/gcc/pic32mx/8.3.1/libgcc.a(_umoddi3.o)
 .comment       0x00000000000000ea       0x4b /opt/microchip/xc32/v3.01/bin/bin/../../lib/gcc/pic32mx/8.3.1/../../../../pic32mx/lib/libpic32.a(sbrk.o)
                                         0x9f (size before relaxing)
 .comment       0x0000000000000135       0x54 /opt/microchip/xc32/v3.01/bin/bin/../../lib/gcc/pic32mx/8.3.1/../../../../pic32mx/lib/libpic32.a(write.o)
 .comment       0x0000000000000135       0x54 /opt/microchip/xc32/v3.01/bin/bin/../../lib/gcc/pic32mx/8.3.1/../../../../pic32mx/lib/libpic32.a(errno.o)

.debug
 *.elf(.debug)
 *(.debug)

.line
 *.elf(.line)
 *(.line)

.debug_srcinfo
 *.elf(.debug_srcinfo)
 *(.debug_srcinfo)

.debug_sfnames
 *.elf(.debug_sfnames)
 *(.debug_sfnames)

.debug_aranges  0x0000000000000000      0x580
 *.elf(.debug_aranges)
 *(.debug_aranges)
 .debug_aranges
                0x0000000000000000       0x20 /opt/microchip/xc32/v3.01/bin/bin/../../lib/gcc/pic32mx/8.3.1/../../../../pic32mx/lib/software-debug-break.o
 .debug_aranges
                0x0000000000000020       0x38 build/USB-II_STARTER_KIT/debug/_ext/332309696/port.o
 .debug_aranges
                0x0000000000000058       0x20 build/USB-II_STARTER_KIT/debug/_ext/332309696/port_asm.o
 .debug_aranges
                0x0000000000000078       0x38 build/USB-II_STARTER_KIT/debug/_ext/449926602/queue.o
 .debug_aranges
                0x00000000000000b0       0x38 build/USB-II_STARTER_KIT/debug/_ext/449926602/tasks.o
 .debug_aranges
                0x00000000000000e8       0x38 build/USB-II_STARTER_KIT/debug/_ext/449926602/list.o
 .debug_aranges
                0x0000000000000120       0x38 build/USB-II_STARTER_KIT/debug/_ext/449926602/timers.o
 .debug_aranges
                0x0000000000000158       0x38 build/USB-II_STARTER_KIT/debug/_ext/1884096877/heap_4.o
 .debug_aranges
                0x0000000000000190       0x38 build/USB-II_STARTER_KIT/debug/_ext/1472/main.o
 .debug_aranges
                0x00000000000001c8       0x38 build/USB-II_STARTER_KIT/debug/_ext/1472/ConfigPerformance.o
 .debug_aranges
                0x0000000000000200       0x38 build/USB-II_STARTER_KIT/debug/_ext/1852901230/uart.o
 .debug_aranges
                0x0000000000000238       0x38 build/USB-II_STARTER_KIT/debug/_ext/1472/libtman.o
 .debug_aranges
                0x0000000000000270       0x38 build/USB-II_STARTER_KIT/debug/_ext/1472/mainSOTR_TMAN.o
 .debug_aranges
                0x00000000000002a8       0x38 build/USB-II_STARTER_KIT/debug/_ext/1472/structs.o
 .debug_aranges
                0x00000000000002e0       0x40 /tmp/ccGEWmdA.o
 .debug_aranges
                0x0000000000000320       0x20 /opt/microchip/xc32/v3.01/bin/bin/../../lib/gcc/pic32mx/8.3.1/../../../../pic32mx/lib/libpic32.a(default-bootstrap-exception-handler.o)
 .debug_aranges
                0x0000000000000340       0x20 /opt/microchip/xc32/v3.01/bin/bin/../../lib/gcc/pic32mx/8.3.1/../../../../pic32mx/lib/libpic32.a(default-on-reset.o)
 .debug_aranges
                0x0000000000000360       0x20 /opt/microchip/xc32/v3.01/bin/bin/../../lib/gcc/pic32mx/8.3.1/../../../../pic32mx/lib/libpic32.a(default-on-bootstrap.o)
 .debug_aranges
                0x0000000000000380       0x20 /opt/microchip/xc32/v3.01/bin/bin/../../lib/gcc/pic32mx/8.3.1/../../../../pic32mx/lib/libpic32.a(defaultinterrupt.o)
 .debug_aranges
                0x00000000000003a0       0x48 /opt/microchip/xc32/v3.01/bin/bin/../../lib/gcc/pic32mx/8.3.1/../../../../pic32mx/lib/libdebug.a(db_utils.o)
 .debug_aranges
                0x00000000000003e8       0x30 /opt/microchip/xc32/v3.01/bin/bin/../../lib/gcc/pic32mx/8.3.1/../../../../pic32mx/lib/libc.a(malloc.o)
 .debug_aranges
                0x0000000000000418       0x28 /opt/microchip/xc32/v3.01/bin/bin/../../lib/gcc/pic32mx/8.3.1/../../../../pic32mx/lib/libc.a(puts.o)
 .debug_aranges
                0x0000000000000440       0x20 /opt/microchip/xc32/v3.01/bin/bin/../../lib/gcc/pic32mx/8.3.1/../../../../pic32mx/lib/libc.a(printf_cdnopuxX.eo)
 .debug_aranges
                0x0000000000000460       0x20 /opt/microchip/xc32/v3.01/bin/bin/../../lib/gcc/pic32mx/8.3.1/../../../../pic32mx/lib/libc.a(_fputc_simple.o)
 .debug_aranges
                0x0000000000000480       0x20 /opt/microchip/xc32/v3.01/bin/bin/../../lib/gcc/pic32mx/8.3.1/../../../../pic32mx/lib/libc.a(doprnt_cdnopuxX.eo)
 .debug_aranges
                0x00000000000004a0       0x20 /opt/microchip/xc32/v3.01/bin/bin/../../lib/gcc/pic32mx/8.3.1/../../../../pic32mx/lib/libc.a(_flsbuf_simple.o)
 .debug_aranges
                0x00000000000004c0       0x20 /opt/microchip/xc32/v3.01/bin/bin/../../lib/gcc/pic32mx/8.3.1/libgcc.a(_lshrdi3.o)
 .debug_aranges
                0x00000000000004e0       0x20 /opt/microchip/xc32/v3.01/bin/bin/../../lib/gcc/pic32mx/8.3.1/libgcc.a(_udivdi3.o)
 .debug_aranges
                0x0000000000000500       0x20 /opt/microchip/xc32/v3.01/bin/bin/../../lib/gcc/pic32mx/8.3.1/libgcc.a(_umoddi3.o)
 .debug_aranges
                0x0000000000000520       0x40 /opt/microchip/xc32/v3.01/bin/bin/../../lib/gcc/pic32mx/8.3.1/../../../../pic32mx/lib/libpic32.a(sbrk.o)
 .debug_aranges
                0x0000000000000560       0x20 /opt/microchip/xc32/v3.01/bin/bin/../../lib/gcc/pic32mx/8.3.1/../../../../pic32mx/lib/libpic32.a(write.o)

.debug_pubnames
 *.elf(.debug_pubnames)
 *(.debug_pubnames)

.debug_info     0x0000000000000000   0x2660cd
 *.elf(.debug_info .gnu.linkonce.wi.*)
 *(.debug_info .gnu.linkonce.wi.*)
 .debug_info    0x0000000000000000       0x3f /opt/microchip/xc32/v3.01/bin/bin/../../lib/gcc/pic32mx/8.3.1/../../../../pic32mx/lib/software-debug-break.o
 .debug_info    0x000000000000003f    0x328d3 build/USB-II_STARTER_KIT/debug/_ext/332309696/port.o
 .debug_info    0x0000000000032912       0x26 build/USB-II_STARTER_KIT/debug/_ext/332309696/port_asm.o
 .debug_info    0x0000000000032938    0x34713 build/USB-II_STARTER_KIT/debug/_ext/449926602/queue.o
 .debug_info    0x000000000006704b    0x3573e build/USB-II_STARTER_KIT/debug/_ext/449926602/tasks.o
 .debug_info    0x000000000009c789    0x3278a build/USB-II_STARTER_KIT/debug/_ext/449926602/list.o
 .debug_info    0x00000000000cef13    0x33763 build/USB-II_STARTER_KIT/debug/_ext/449926602/timers.o
 .debug_info    0x0000000000102676    0x32aca build/USB-II_STARTER_KIT/debug/_ext/1884096877/heap_4.o
 .debug_info    0x0000000000135140    0x32724 build/USB-II_STARTER_KIT/debug/_ext/1472/main.o
 .debug_info    0x0000000000167864    0x326a0 build/USB-II_STARTER_KIT/debug/_ext/1472/ConfigPerformance.o
 .debug_info    0x0000000000199f04    0x32620 build/USB-II_STARTER_KIT/debug/_ext/1852901230/uart.o
 .debug_info    0x00000000001cc524    0x32bf5 build/USB-II_STARTER_KIT/debug/_ext/1472/libtman.o
 .debug_info    0x00000000001ff119    0x32dac build/USB-II_STARTER_KIT/debug/_ext/1472/mainSOTR_TMAN.o
 .debug_info    0x0000000000231ec5    0x32927 build/USB-II_STARTER_KIT/debug/_ext/1472/structs.o
 .debug_info    0x00000000002647ec       0x22 /tmp/ccGEWmdA.o
 .debug_info    0x000000000026480e       0x41 /opt/microchip/xc32/v3.01/bin/bin/../../lib/gcc/pic32mx/8.3.1/../../../../pic32mx/lib/libpic32.a(default-bootstrap-exception-handler.o)
 .debug_info    0x000000000026484f       0x3f /opt/microchip/xc32/v3.01/bin/bin/../../lib/gcc/pic32mx/8.3.1/../../../../pic32mx/lib/libpic32.a(default-on-reset.o)
 .debug_info    0x000000000026488e       0x3f /opt/microchip/xc32/v3.01/bin/bin/../../lib/gcc/pic32mx/8.3.1/../../../../pic32mx/lib/libpic32.a(default-on-bootstrap.o)
 .debug_info    0x00000000002648cd       0x40 /opt/microchip/xc32/v3.01/bin/bin/../../lib/gcc/pic32mx/8.3.1/../../../../pic32mx/lib/libpic32.a(defaultinterrupt.o)
 .debug_info    0x000000000026490d       0xab /opt/microchip/xc32/v3.01/bin/bin/../../lib/gcc/pic32mx/8.3.1/../../../../pic32mx/lib/libdebug.a(db_utils.o)
 .debug_info    0x00000000002649b8       0x66 /opt/microchip/xc32/v3.01/bin/bin/../../lib/gcc/pic32mx/8.3.1/../../../../pic32mx/lib/libc.a(malloc.o)
 .debug_info    0x0000000000264a1e       0x52 /opt/microchip/xc32/v3.01/bin/bin/../../lib/gcc/pic32mx/8.3.1/../../../../pic32mx/lib/libc.a(puts.o)
 .debug_info    0x0000000000264a70       0x3e /opt/microchip/xc32/v3.01/bin/bin/../../lib/gcc/pic32mx/8.3.1/../../../../pic32mx/lib/libc.a(printf_cdnopuxX.eo)
 .debug_info    0x0000000000264aae       0x48 /opt/microchip/xc32/v3.01/bin/bin/../../lib/gcc/pic32mx/8.3.1/../../../../pic32mx/lib/libc.a(_fputc_simple.o)
 .debug_info    0x0000000000264af6       0x3f /opt/microchip/xc32/v3.01/bin/bin/../../lib/gcc/pic32mx/8.3.1/../../../../pic32mx/lib/libc.a(doprnt_cdnopuxX.eo)
 .debug_info    0x0000000000264b35       0x3e /opt/microchip/xc32/v3.01/bin/bin/../../lib/gcc/pic32mx/8.3.1/../../../../pic32mx/lib/libc.a(_flsbuf_simple.o)
 .debug_info    0x0000000000264b73      0x33c /opt/microchip/xc32/v3.01/bin/bin/../../lib/gcc/pic32mx/8.3.1/libgcc.a(_lshrdi3.o)
 .debug_info    0x0000000000264eaf      0x85c /opt/microchip/xc32/v3.01/bin/bin/../../lib/gcc/pic32mx/8.3.1/libgcc.a(_udivdi3.o)
 .debug_info    0x000000000026570b      0x8d4 /opt/microchip/xc32/v3.01/bin/bin/../../lib/gcc/pic32mx/8.3.1/libgcc.a(_umoddi3.o)
 .debug_info    0x0000000000265fdf       0xae /opt/microchip/xc32/v3.01/bin/bin/../../lib/gcc/pic32mx/8.3.1/../../../../pic32mx/lib/libpic32.a(sbrk.o)
 .debug_info    0x000000000026608d       0x40 /opt/microchip/xc32/v3.01/bin/bin/../../lib/gcc/pic32mx/8.3.1/../../../../pic32mx/lib/libpic32.a(write.o)

.debug_abbrev   0x0000000000000000     0x2d75
 *.elf(.debug_abbrev)
 *(.debug_abbrev)
 .debug_abbrev  0x0000000000000000       0x2e /opt/microchip/xc32/v3.01/bin/bin/../../lib/gcc/pic32mx/8.3.1/../../../../pic32mx/lib/software-debug-break.o
 .debug_abbrev  0x000000000000002e      0x396 build/USB-II_STARTER_KIT/debug/_ext/332309696/port.o
 .debug_abbrev  0x00000000000003c4       0x14 build/USB-II_STARTER_KIT/debug/_ext/332309696/port_asm.o
 .debug_abbrev  0x00000000000003d8      0x369 build/USB-II_STARTER_KIT/debug/_ext/449926602/queue.o
 .debug_abbrev  0x0000000000000741      0x3be build/USB-II_STARTER_KIT/debug/_ext/449926602/tasks.o
 .debug_abbrev  0x0000000000000aff      0x23b build/USB-II_STARTER_KIT/debug/_ext/449926602/list.o
 .debug_abbrev  0x0000000000000d3a      0x3c1 build/USB-II_STARTER_KIT/debug/_ext/449926602/timers.o
 .debug_abbrev  0x00000000000010fb      0x39a build/USB-II_STARTER_KIT/debug/_ext/1884096877/heap_4.o
 .debug_abbrev  0x0000000000001495      0x2b5 build/USB-II_STARTER_KIT/debug/_ext/1472/main.o
 .debug_abbrev  0x000000000000174a      0x26f build/USB-II_STARTER_KIT/debug/_ext/1472/ConfigPerformance.o
 .debug_abbrev  0x00000000000019b9      0x26f build/USB-II_STARTER_KIT/debug/_ext/1852901230/uart.o
 .debug_abbrev  0x0000000000001c28      0x362 build/USB-II_STARTER_KIT/debug/_ext/1472/libtman.o
 .debug_abbrev  0x0000000000001f8a      0x2e0 build/USB-II_STARTER_KIT/debug/_ext/1472/mainSOTR_TMAN.o
 .debug_abbrev  0x000000000000226a      0x2be build/USB-II_STARTER_KIT/debug/_ext/1472/structs.o
 .debug_abbrev  0x0000000000002528       0x12 /tmp/ccGEWmdA.o
 .debug_abbrev  0x000000000000253a       0x31 /opt/microchip/xc32/v3.01/bin/bin/../../lib/gcc/pic32mx/8.3.1/../../../../pic32mx/lib/libpic32.a(default-bootstrap-exception-handler.o)
 .debug_abbrev  0x000000000000256b       0x2e /opt/microchip/xc32/v3.01/bin/bin/../../lib/gcc/pic32mx/8.3.1/../../../../pic32mx/lib/libpic32.a(default-on-reset.o)
 .debug_abbrev  0x0000000000002599       0x2e /opt/microchip/xc32/v3.01/bin/bin/../../lib/gcc/pic32mx/8.3.1/../../../../pic32mx/lib/libpic32.a(default-on-bootstrap.o)
 .debug_abbrev  0x00000000000025c7       0x31 /opt/microchip/xc32/v3.01/bin/bin/../../lib/gcc/pic32mx/8.3.1/../../../../pic32mx/lib/libpic32.a(defaultinterrupt.o)
 .debug_abbrev  0x00000000000025f8       0x46 /opt/microchip/xc32/v3.01/bin/bin/../../lib/gcc/pic32mx/8.3.1/../../../../pic32mx/lib/libdebug.a(db_utils.o)
 .debug_abbrev  0x000000000000263e       0x46 /opt/microchip/xc32/v3.01/bin/bin/../../lib/gcc/pic32mx/8.3.1/../../../../pic32mx/lib/libc.a(malloc.o)
 .debug_abbrev  0x0000000000002684       0x2e /opt/microchip/xc32/v3.01/bin/bin/../../lib/gcc/pic32mx/8.3.1/../../../../pic32mx/lib/libc.a(puts.o)
 .debug_abbrev  0x00000000000026b2       0x2e /opt/microchip/xc32/v3.01/bin/bin/../../lib/gcc/pic32mx/8.3.1/../../../../pic32mx/lib/libc.a(printf_cdnopuxX.eo)
 .debug_abbrev  0x00000000000026e0       0x37 /opt/microchip/xc32/v3.01/bin/bin/../../lib/gcc/pic32mx/8.3.1/../../../../pic32mx/lib/libc.a(_fputc_simple.o)
 .debug_abbrev  0x0000000000002717       0x2e /opt/microchip/xc32/v3.01/bin/bin/../../lib/gcc/pic32mx/8.3.1/../../../../pic32mx/lib/libc.a(doprnt_cdnopuxX.eo)
 .debug_abbrev  0x0000000000002745       0x2e /opt/microchip/xc32/v3.01/bin/bin/../../lib/gcc/pic32mx/8.3.1/../../../../pic32mx/lib/libc.a(_flsbuf_simple.o)
 .debug_abbrev  0x0000000000002773      0x17e /opt/microchip/xc32/v3.01/bin/bin/../../lib/gcc/pic32mx/8.3.1/libgcc.a(_lshrdi3.o)
 .debug_abbrev  0x00000000000028f1      0x1d8 /opt/microchip/xc32/v3.01/bin/bin/../../lib/gcc/pic32mx/8.3.1/libgcc.a(_udivdi3.o)
 .debug_abbrev  0x0000000000002ac9      0x1ee /opt/microchip/xc32/v3.01/bin/bin/../../lib/gcc/pic32mx/8.3.1/libgcc.a(_umoddi3.o)
 .debug_abbrev  0x0000000000002cb7       0x90 /opt/microchip/xc32/v3.01/bin/bin/../../lib/gcc/pic32mx/8.3.1/../../../../pic32mx/lib/libpic32.a(sbrk.o)
 .debug_abbrev  0x0000000000002d47       0x2e /opt/microchip/xc32/v3.01/bin/bin/../../lib/gcc/pic32mx/8.3.1/../../../../pic32mx/lib/libpic32.a(write.o)

.debug_line     0x0000000000000000     0x6bf5
 *.elf(.debug_line)
 *(.debug_line)
 .debug_line    0x0000000000000000       0xb1 /opt/microchip/xc32/v3.01/bin/bin/../../lib/gcc/pic32mx/8.3.1/../../../../pic32mx/lib/software-debug-break.o
 .debug_line    0x00000000000000b1      0x41d build/USB-II_STARTER_KIT/debug/_ext/332309696/port.o
 .debug_line    0x00000000000004ce       0xe4 build/USB-II_STARTER_KIT/debug/_ext/332309696/port_asm.o
 .debug_line    0x00000000000005b2      0xcf5 build/USB-II_STARTER_KIT/debug/_ext/449926602/queue.o
 .debug_line    0x00000000000012a7     0x14b4 build/USB-II_STARTER_KIT/debug/_ext/449926602/tasks.o
 .debug_line    0x000000000000275b      0x3ae build/USB-II_STARTER_KIT/debug/_ext/449926602/list.o
 .debug_line    0x0000000000002b09      0x77d build/USB-II_STARTER_KIT/debug/_ext/449926602/timers.o
 .debug_line    0x0000000000003286      0x5fc build/USB-II_STARTER_KIT/debug/_ext/1884096877/heap_4.o
 .debug_line    0x0000000000003882      0x366 build/USB-II_STARTER_KIT/debug/_ext/1472/main.o
 .debug_line    0x0000000000003be8      0x38f build/USB-II_STARTER_KIT/debug/_ext/1472/ConfigPerformance.o
 .debug_line    0x0000000000003f77      0x2de build/USB-II_STARTER_KIT/debug/_ext/1852901230/uart.o
 .debug_line    0x0000000000004255      0x4a1 build/USB-II_STARTER_KIT/debug/_ext/1472/libtman.o
 .debug_line    0x00000000000046f6      0x530 build/USB-II_STARTER_KIT/debug/_ext/1472/mainSOTR_TMAN.o
 .debug_line    0x0000000000004c26      0x3b0 build/USB-II_STARTER_KIT/debug/_ext/1472/structs.o
 .debug_line    0x0000000000004fd6      0x151 /tmp/ccGEWmdA.o
 .debug_line    0x0000000000005127       0xca /opt/microchip/xc32/v3.01/bin/bin/../../lib/gcc/pic32mx/8.3.1/../../../../pic32mx/lib/libpic32.a(default-bootstrap-exception-handler.o)
 .debug_line    0x00000000000051f1       0xa6 /opt/microchip/xc32/v3.01/bin/bin/../../lib/gcc/pic32mx/8.3.1/../../../../pic32mx/lib/libpic32.a(default-on-reset.o)
 .debug_line    0x0000000000005297       0xaa /opt/microchip/xc32/v3.01/bin/bin/../../lib/gcc/pic32mx/8.3.1/../../../../pic32mx/lib/libpic32.a(default-on-bootstrap.o)
 .debug_line    0x0000000000005341        0x0 /opt/microchip/xc32/v3.01/bin/bin/../../lib/gcc/pic32mx/8.3.1/../../../../pic32mx/lib/libpic32.a(xc32_uart.o)
 .debug_line    0x0000000000005341       0xc9 /opt/microchip/xc32/v3.01/bin/bin/../../lib/gcc/pic32mx/8.3.1/../../../../pic32mx/lib/libpic32.a(defaultinterrupt.o)
 .debug_line    0x000000000000540a       0xe0 /opt/microchip/xc32/v3.01/bin/bin/../../lib/gcc/pic32mx/8.3.1/../../../../pic32mx/lib/libdebug.a(db_utils.o)
 .debug_line    0x00000000000054ea      0x1f7 /opt/microchip/xc32/v3.01/bin/bin/../../lib/gcc/pic32mx/8.3.1/../../../../pic32mx/lib/libc.a(malloc.o)
 .debug_line    0x00000000000056e1       0xc3 /opt/microchip/xc32/v3.01/bin/bin/../../lib/gcc/pic32mx/8.3.1/../../../../pic32mx/lib/libc.a(puts.o)
 .debug_line    0x00000000000057a4       0xa8 /opt/microchip/xc32/v3.01/bin/bin/../../lib/gcc/pic32mx/8.3.1/../../../../pic32mx/lib/libc.a(printf_cdnopuxX.eo)
 .debug_line    0x000000000000584c        0x0 /opt/microchip/xc32/v3.01/bin/bin/../../lib/gcc/pic32mx/8.3.1/../../../../pic32mx/lib/libc.a(_iob.o)
 .debug_line    0x000000000000584c       0xf3 /opt/microchip/xc32/v3.01/bin/bin/../../lib/gcc/pic32mx/8.3.1/../../../../pic32mx/lib/libc.a(_fputc_simple.o)
 .debug_line    0x000000000000593f      0x35b /opt/microchip/xc32/v3.01/bin/bin/../../lib/gcc/pic32mx/8.3.1/../../../../pic32mx/lib/libc.a(doprnt_cdnopuxX.eo)
 .debug_line    0x0000000000005c9a       0xfb /opt/microchip/xc32/v3.01/bin/bin/../../lib/gcc/pic32mx/8.3.1/../../../../pic32mx/lib/libc.a(_flsbuf_simple.o)
 .debug_line    0x0000000000005d95        0x0 /opt/microchip/xc32/v3.01/bin/bin/../../lib/gcc/pic32mx/8.3.1/../../../../pic32mx/lib/libc.a(ctype.o)
 .debug_line    0x0000000000005d95      0x290 /opt/microchip/xc32/v3.01/bin/bin/../../lib/gcc/pic32mx/8.3.1/libgcc.a(_lshrdi3.o)
 .debug_line    0x0000000000006025      0x490 /opt/microchip/xc32/v3.01/bin/bin/../../lib/gcc/pic32mx/8.3.1/libgcc.a(_udivdi3.o)
 .debug_line    0x00000000000064b5      0x4d9 /opt/microchip/xc32/v3.01/bin/bin/../../lib/gcc/pic32mx/8.3.1/libgcc.a(_umoddi3.o)
 .debug_line    0x000000000000698e      0x1af /opt/microchip/xc32/v3.01/bin/bin/../../lib/gcc/pic32mx/8.3.1/../../../../pic32mx/lib/libpic32.a(sbrk.o)
 .debug_line    0x0000000000006b3d       0xb8 /opt/microchip/xc32/v3.01/bin/bin/../../lib/gcc/pic32mx/8.3.1/../../../../pic32mx/lib/libpic32.a(write.o)
 .debug_line    0x0000000000006bf5        0x0 /opt/microchip/xc32/v3.01/bin/bin/../../lib/gcc/pic32mx/8.3.1/../../../../pic32mx/lib/libpic32.a(errno.o)

.debug_frame    0x0000000000000000     0x2114
 *.elf(.debug_frame)
 *(.debug_frame)
 .debug_frame   0x0000000000000000       0x20 /opt/microchip/xc32/v3.01/bin/bin/../../lib/gcc/pic32mx/8.3.1/../../../../pic32mx/lib/software-debug-break.o
 .debug_frame   0x0000000000000020      0x1a4 build/USB-II_STARTER_KIT/debug/_ext/332309696/port.o
 .debug_frame   0x00000000000001c4      0x480 build/USB-II_STARTER_KIT/debug/_ext/449926602/queue.o
 .debug_frame   0x0000000000000644      0x8a8 build/USB-II_STARTER_KIT/debug/_ext/449926602/tasks.o
 .debug_frame   0x0000000000000eec      0x110 build/USB-II_STARTER_KIT/debug/_ext/449926602/list.o
 .debug_frame   0x0000000000000ffc      0x3a0 build/USB-II_STARTER_KIT/debug/_ext/449926602/timers.o
 .debug_frame   0x000000000000139c      0x184 build/USB-II_STARTER_KIT/debug/_ext/1884096877/heap_4.o
 .debug_frame   0x0000000000001520      0x16c build/USB-II_STARTER_KIT/debug/_ext/1472/main.o
 .debug_frame   0x000000000000168c      0x118 build/USB-II_STARTER_KIT/debug/_ext/1472/ConfigPerformance.o
 .debug_frame   0x00000000000017a4      0x118 build/USB-II_STARTER_KIT/debug/_ext/1852901230/uart.o
 .debug_frame   0x00000000000018bc      0x200 build/USB-II_STARTER_KIT/debug/_ext/1472/libtman.o
 .debug_frame   0x0000000000001abc      0x13c build/USB-II_STARTER_KIT/debug/_ext/1472/mainSOTR_TMAN.o
 .debug_frame   0x0000000000001bf8      0x13c build/USB-II_STARTER_KIT/debug/_ext/1472/structs.o
 .debug_frame   0x0000000000001d34       0x2c /opt/microchip/xc32/v3.01/bin/bin/../../lib/gcc/pic32mx/8.3.1/../../../../pic32mx/lib/libpic32.a(default-bootstrap-exception-handler.o)
 .debug_frame   0x0000000000001d60       0x20 /opt/microchip/xc32/v3.01/bin/bin/../../lib/gcc/pic32mx/8.3.1/../../../../pic32mx/lib/libpic32.a(default-on-reset.o)
 .debug_frame   0x0000000000001d80       0x20 /opt/microchip/xc32/v3.01/bin/bin/../../lib/gcc/pic32mx/8.3.1/../../../../pic32mx/lib/libpic32.a(default-on-bootstrap.o)
 .debug_frame   0x0000000000001da0       0x20 /opt/microchip/xc32/v3.01/bin/bin/../../lib/gcc/pic32mx/8.3.1/../../../../pic32mx/lib/libpic32.a(defaultinterrupt.o)
 .debug_frame   0x0000000000001dc0       0x94 /opt/microchip/xc32/v3.01/bin/bin/../../lib/gcc/pic32mx/8.3.1/../../../../pic32mx/lib/libdebug.a(db_utils.o)
 .debug_frame   0x0000000000001e54       0x74 /opt/microchip/xc32/v3.01/bin/bin/../../lib/gcc/pic32mx/8.3.1/../../../../pic32mx/lib/libc.a(malloc.o)
 .debug_frame   0x0000000000001ec8       0x50 /opt/microchip/xc32/v3.01/bin/bin/../../lib/gcc/pic32mx/8.3.1/../../../../pic32mx/lib/libc.a(puts.o)
 .debug_frame   0x0000000000001f18       0x2c /opt/microchip/xc32/v3.01/bin/bin/../../lib/gcc/pic32mx/8.3.1/../../../../pic32mx/lib/libc.a(printf_cdnopuxX.eo)
 .debug_frame   0x0000000000001f44       0x34 /opt/microchip/xc32/v3.01/bin/bin/../../lib/gcc/pic32mx/8.3.1/../../../../pic32mx/lib/libc.a(_fputc_simple.o)
 .debug_frame   0x0000000000001f78       0x40 /opt/microchip/xc32/v3.01/bin/bin/../../lib/gcc/pic32mx/8.3.1/../../../../pic32mx/lib/libc.a(doprnt_cdnopuxX.eo)
 .debug_frame   0x0000000000001fb8       0x30 /opt/microchip/xc32/v3.01/bin/bin/../../lib/gcc/pic32mx/8.3.1/../../../../pic32mx/lib/libc.a(_flsbuf_simple.o)
 .debug_frame   0x0000000000001fe8       0x20 /opt/microchip/xc32/v3.01/bin/bin/../../lib/gcc/pic32mx/8.3.1/libgcc.a(_lshrdi3.o)
 .debug_frame   0x0000000000002008       0x20 /opt/microchip/xc32/v3.01/bin/bin/../../lib/gcc/pic32mx/8.3.1/libgcc.a(_udivdi3.o)
 .debug_frame   0x0000000000002028       0x20 /opt/microchip/xc32/v3.01/bin/bin/../../lib/gcc/pic32mx/8.3.1/libgcc.a(_umoddi3.o)
 .debug_frame   0x0000000000002048       0x98 /opt/microchip/xc32/v3.01/bin/bin/../../lib/gcc/pic32mx/8.3.1/../../../../pic32mx/lib/libpic32.a(sbrk.o)
 .debug_frame   0x00000000000020e0       0x34 /opt/microchip/xc32/v3.01/bin/bin/../../lib/gcc/pic32mx/8.3.1/../../../../pic32mx/lib/libpic32.a(write.o)

.debug_str      0x0000000000000000    0xc857e
 *.elf(.debug_str)
 *(.debug_str)
 .debug_str     0x0000000000000000      0x3a3 /opt/microchip/xc32/v3.01/bin/bin/../../lib/gcc/pic32mx/8.3.1/../../../../pic32mx/lib/software-debug-break.o
 .debug_str     0x00000000000003a3    0x102a6 build/USB-II_STARTER_KIT/debug/_ext/332309696/port.o
 .debug_str     0x0000000000010649       0x94 build/USB-II_STARTER_KIT/debug/_ext/332309696/port_asm.o
 .debug_str     0x00000000000106dd    0x1091f build/USB-II_STARTER_KIT/debug/_ext/449926602/queue.o
 .debug_str     0x0000000000020ffc    0x10fee build/USB-II_STARTER_KIT/debug/_ext/449926602/tasks.o
 .debug_str     0x0000000000031fea    0x101d5 build/USB-II_STARTER_KIT/debug/_ext/449926602/list.o
 .debug_str     0x00000000000421bf    0x1078d build/USB-II_STARTER_KIT/debug/_ext/449926602/timers.o
 .debug_str     0x000000000005294c    0x103ec build/USB-II_STARTER_KIT/debug/_ext/1884096877/heap_4.o
 .debug_str     0x0000000000062d38    0x101de build/USB-II_STARTER_KIT/debug/_ext/1472/main.o
 .debug_str     0x0000000000072f16    0x1019a build/USB-II_STARTER_KIT/debug/_ext/1472/ConfigPerformance.o
 .debug_str     0x00000000000830b0    0x100df build/USB-II_STARTER_KIT/debug/_ext/1852901230/uart.o
 .debug_str     0x000000000009318f    0x10352 build/USB-II_STARTER_KIT/debug/_ext/1472/libtman.o
 .debug_str     0x00000000000a34e1    0x101b5 build/USB-II_STARTER_KIT/debug/_ext/1472/mainSOTR_TMAN.o
 .debug_str     0x00000000000b3696    0x10215 build/USB-II_STARTER_KIT/debug/_ext/1472/structs.o
 .debug_str     0x00000000000c38ab       0xc1 /tmp/ccGEWmdA.o
 .debug_str     0x00000000000c396c      0x3b3 /opt/microchip/xc32/v3.01/bin/bin/../../lib/gcc/pic32mx/8.3.1/../../../../pic32mx/lib/libpic32.a(default-bootstrap-exception-handler.o)
 .debug_str     0x00000000000c3d1f      0x38d /opt/microchip/xc32/v3.01/bin/bin/../../lib/gcc/pic32mx/8.3.1/../../../../pic32mx/lib/libpic32.a(default-on-reset.o)
 .debug_str     0x00000000000c40ac      0x395 /opt/microchip/xc32/v3.01/bin/bin/../../lib/gcc/pic32mx/8.3.1/../../../../pic32mx/lib/libpic32.a(default-on-bootstrap.o)
 .debug_str     0x00000000000c4441      0x37c /opt/microchip/xc32/v3.01/bin/bin/../../lib/gcc/pic32mx/8.3.1/../../../../pic32mx/lib/libpic32.a(xc32_uart.o)
 .debug_str     0x00000000000c47bd      0x3a7 /opt/microchip/xc32/v3.01/bin/bin/../../lib/gcc/pic32mx/8.3.1/../../../../pic32mx/lib/libpic32.a(defaultinterrupt.o)
 .debug_str     0x00000000000c4b64      0x368 /opt/microchip/xc32/v3.01/bin/bin/../../lib/gcc/pic32mx/8.3.1/../../../../pic32mx/lib/libdebug.a(db_utils.o)
 .debug_str     0x00000000000c4ecc      0x3bf /opt/microchip/xc32/v3.01/bin/bin/../../lib/gcc/pic32mx/8.3.1/../../../../pic32mx/lib/libc.a(malloc.o)
 .debug_str     0x00000000000c528b      0x3b4 /opt/microchip/xc32/v3.01/bin/bin/../../lib/gcc/pic32mx/8.3.1/../../../../pic32mx/lib/libc.a(puts.o)
 .debug_str     0x00000000000c563f      0x3bc /opt/microchip/xc32/v3.01/bin/bin/../../lib/gcc/pic32mx/8.3.1/../../../../pic32mx/lib/libc.a(printf_cdnopuxX.eo)
 .debug_str     0x00000000000c59fb      0x3a9 /opt/microchip/xc32/v3.01/bin/bin/../../lib/gcc/pic32mx/8.3.1/../../../../pic32mx/lib/libc.a(_iob.o)
 .debug_str     0x00000000000c5da4      0x3b0 /opt/microchip/xc32/v3.01/bin/bin/../../lib/gcc/pic32mx/8.3.1/../../../../pic32mx/lib/libc.a(_fputc_simple.o)
 .debug_str     0x00000000000c6154      0x3be /opt/microchip/xc32/v3.01/bin/bin/../../lib/gcc/pic32mx/8.3.1/../../../../pic32mx/lib/libc.a(doprnt_cdnopuxX.eo)
 .debug_str     0x00000000000c6512      0x3b3 /opt/microchip/xc32/v3.01/bin/bin/../../lib/gcc/pic32mx/8.3.1/../../../../pic32mx/lib/libc.a(_flsbuf_simple.o)
 .debug_str     0x00000000000c68c5      0x3aa /opt/microchip/xc32/v3.01/bin/bin/../../lib/gcc/pic32mx/8.3.1/../../../../pic32mx/lib/libc.a(ctype.o)
 .debug_str     0x00000000000c6c6f      0x4a6 /opt/microchip/xc32/v3.01/bin/bin/../../lib/gcc/pic32mx/8.3.1/libgcc.a(_lshrdi3.o)
 .debug_str     0x00000000000c7115      0x4e3 /opt/microchip/xc32/v3.01/bin/bin/../../lib/gcc/pic32mx/8.3.1/libgcc.a(_udivdi3.o)
 .debug_str     0x00000000000c75f8      0x4e3 /opt/microchip/xc32/v3.01/bin/bin/../../lib/gcc/pic32mx/8.3.1/libgcc.a(_umoddi3.o)
 .debug_str     0x00000000000c7adb      0x3ad /opt/microchip/xc32/v3.01/bin/bin/../../lib/gcc/pic32mx/8.3.1/../../../../pic32mx/lib/libpic32.a(sbrk.o)
 .debug_str     0x00000000000c7e88      0x37e /opt/microchip/xc32/v3.01/bin/bin/../../lib/gcc/pic32mx/8.3.1/../../../../pic32mx/lib/libpic32.a(write.o)
 .debug_str     0x00000000000c8206      0x378 /opt/microchip/xc32/v3.01/bin/bin/../../lib/gcc/pic32mx/8.3.1/../../../../pic32mx/lib/libpic32.a(errno.o)

.debug_loc      0x0000000000000000     0xc640
 *.elf(.debug_loc)
 *(.debug_loc)
 .debug_loc     0x0000000000000000      0x4ac build/USB-II_STARTER_KIT/debug/_ext/332309696/port.o
 .debug_loc     0x00000000000004ac     0x2715 build/USB-II_STARTER_KIT/debug/_ext/449926602/queue.o
 .debug_loc     0x0000000000002bc1     0x4528 build/USB-II_STARTER_KIT/debug/_ext/449926602/tasks.o
 .debug_loc     0x00000000000070e9      0x350 build/USB-II_STARTER_KIT/debug/_ext/449926602/list.o
 .debug_loc     0x0000000000007439     0x1492 build/USB-II_STARTER_KIT/debug/_ext/449926602/timers.o
 .debug_loc     0x00000000000088cb      0x886 build/USB-II_STARTER_KIT/debug/_ext/1884096877/heap_4.o
 .debug_loc     0x0000000000009151      0x37a build/USB-II_STARTER_KIT/debug/_ext/1472/main.o
 .debug_loc     0x00000000000094cb      0x4e3 build/USB-II_STARTER_KIT/debug/_ext/1472/ConfigPerformance.o
 .debug_loc     0x00000000000099ae      0x2e1 build/USB-II_STARTER_KIT/debug/_ext/1852901230/uart.o
 .debug_loc     0x0000000000009c8f      0x6b7 build/USB-II_STARTER_KIT/debug/_ext/1472/libtman.o
 .debug_loc     0x000000000000a346      0x8a8 build/USB-II_STARTER_KIT/debug/_ext/1472/mainSOTR_TMAN.o
 .debug_loc     0x000000000000abee      0x3b9 build/USB-II_STARTER_KIT/debug/_ext/1472/structs.o
 .debug_loc     0x000000000000afa7       0x2c /opt/microchip/xc32/v3.01/bin/bin/../../lib/gcc/pic32mx/8.3.1/../../../../pic32mx/lib/libpic32.a(default-bootstrap-exception-handler.o)
 .debug_loc     0x000000000000afd3       0x84 /opt/microchip/xc32/v3.01/bin/bin/../../lib/gcc/pic32mx/8.3.1/../../../../pic32mx/lib/libdebug.a(db_utils.o)
 .debug_loc     0x000000000000b057       0x99 /opt/microchip/xc32/v3.01/bin/bin/../../lib/gcc/pic32mx/8.3.1/libgcc.a(_lshrdi3.o)
 .debug_loc     0x000000000000b0f0      0xb5b /opt/microchip/xc32/v3.01/bin/bin/../../lib/gcc/pic32mx/8.3.1/libgcc.a(_udivdi3.o)
 .debug_loc     0x000000000000bc4b      0x969 /opt/microchip/xc32/v3.01/bin/bin/../../lib/gcc/pic32mx/8.3.1/libgcc.a(_umoddi3.o)
 .debug_loc     0x000000000000c5b4       0x6c /opt/microchip/xc32/v3.01/bin/bin/../../lib/gcc/pic32mx/8.3.1/../../../../pic32mx/lib/libpic32.a(sbrk.o)
 .debug_loc     0x000000000000c620       0x20 /opt/microchip/xc32/v3.01/bin/bin/../../lib/gcc/pic32mx/8.3.1/../../../../pic32mx/lib/libpic32.a(write.o)

.debug_macinfo
 *.elf(.debug_macinfo)
 *(.debug_macinfo)

.debug_weaknames
 *.elf(.debug_weaknames)
 *(.debug_weaknames)

.debug_funcnames
 *.elf(.debug_funcnames)
 *(.debug_funcnames)

.debug_typenames
 *.elf(.debug_typenames)
 *(.debug_typenames)

.debug_varnames
 *.elf(.debug_varnames)
 *(.debug_varnames)

.debug_pubtypes
 *.elf(.debug_pubtypes)
 *(.debug_pubtypes)

.debug_ranges   0x0000000000000000      0x4f0
 *.elf(.debug_ranges)
 *(.debug_ranges)
 .debug_ranges  0x0000000000000000       0x10 /opt/microchip/xc32/v3.01/bin/bin/../../lib/gcc/pic32mx/8.3.1/../../../../pic32mx/lib/software-debug-break.o
 .debug_ranges  0x0000000000000010       0x28 build/USB-II_STARTER_KIT/debug/_ext/332309696/port.o
 .debug_ranges  0x0000000000000038       0x28 build/USB-II_STARTER_KIT/debug/_ext/449926602/queue.o
 .debug_ranges  0x0000000000000060       0x28 build/USB-II_STARTER_KIT/debug/_ext/449926602/tasks.o
 .debug_ranges  0x0000000000000088       0x28 build/USB-II_STARTER_KIT/debug/_ext/449926602/list.o
 .debug_ranges  0x00000000000000b0       0x28 build/USB-II_STARTER_KIT/debug/_ext/449926602/timers.o
 .debug_ranges  0x00000000000000d8       0x28 build/USB-II_STARTER_KIT/debug/_ext/1884096877/heap_4.o
 .debug_ranges  0x0000000000000100       0x28 build/USB-II_STARTER_KIT/debug/_ext/1472/main.o
 .debug_ranges  0x0000000000000128       0x28 build/USB-II_STARTER_KIT/debug/_ext/1472/ConfigPerformance.o
 .debug_ranges  0x0000000000000150       0x28 build/USB-II_STARTER_KIT/debug/_ext/1852901230/uart.o
 .debug_ranges  0x0000000000000178       0x28 build/USB-II_STARTER_KIT/debug/_ext/1472/libtman.o
 .debug_ranges  0x00000000000001a0       0x28 build/USB-II_STARTER_KIT/debug/_ext/1472/mainSOTR_TMAN.o
 .debug_ranges  0x00000000000001c8       0x28 build/USB-II_STARTER_KIT/debug/_ext/1472/structs.o
 .debug_ranges  0x00000000000001f0       0x38 /tmp/ccGEWmdA.o
 .debug_ranges  0x0000000000000228       0x10 /opt/microchip/xc32/v3.01/bin/bin/../../lib/gcc/pic32mx/8.3.1/../../../../pic32mx/lib/libpic32.a(default-bootstrap-exception-handler.o)
 .debug_ranges  0x0000000000000238       0x10 /opt/microchip/xc32/v3.01/bin/bin/../../lib/gcc/pic32mx/8.3.1/../../../../pic32mx/lib/libpic32.a(default-on-reset.o)
 .debug_ranges  0x0000000000000248       0x10 /opt/microchip/xc32/v3.01/bin/bin/../../lib/gcc/pic32mx/8.3.1/../../../../pic32mx/lib/libpic32.a(default-on-bootstrap.o)
 .debug_ranges  0x0000000000000258       0x10 /opt/microchip/xc32/v3.01/bin/bin/../../lib/gcc/pic32mx/8.3.1/../../../../pic32mx/lib/libpic32.a(defaultinterrupt.o)
 .debug_ranges  0x0000000000000268       0x38 /opt/microchip/xc32/v3.01/bin/bin/../../lib/gcc/pic32mx/8.3.1/../../../../pic32mx/lib/libdebug.a(db_utils.o)
 .debug_ranges  0x00000000000002a0       0x20 /opt/microchip/xc32/v3.01/bin/bin/../../lib/gcc/pic32mx/8.3.1/../../../../pic32mx/lib/libc.a(malloc.o)
 .debug_ranges  0x00000000000002c0       0x18 /opt/microchip/xc32/v3.01/bin/bin/../../lib/gcc/pic32mx/8.3.1/../../../../pic32mx/lib/libc.a(puts.o)
 .debug_ranges  0x00000000000002d8       0x10 /opt/microchip/xc32/v3.01/bin/bin/../../lib/gcc/pic32mx/8.3.1/../../../../pic32mx/lib/libc.a(printf_cdnopuxX.eo)
 .debug_ranges  0x00000000000002e8       0x10 /opt/microchip/xc32/v3.01/bin/bin/../../lib/gcc/pic32mx/8.3.1/../../../../pic32mx/lib/libc.a(_fputc_simple.o)
 .debug_ranges  0x00000000000002f8       0x10 /opt/microchip/xc32/v3.01/bin/bin/../../lib/gcc/pic32mx/8.3.1/../../../../pic32mx/lib/libc.a(doprnt_cdnopuxX.eo)
 .debug_ranges  0x0000000000000308       0x10 /opt/microchip/xc32/v3.01/bin/bin/../../lib/gcc/pic32mx/8.3.1/../../../../pic32mx/lib/libc.a(_flsbuf_simple.o)
 .debug_ranges  0x0000000000000318       0xd0 /opt/microchip/xc32/v3.01/bin/bin/../../lib/gcc/pic32mx/8.3.1/libgcc.a(_udivdi3.o)
 .debug_ranges  0x00000000000003e8       0xa0 /opt/microchip/xc32/v3.01/bin/bin/../../lib/gcc/pic32mx/8.3.1/libgcc.a(_umoddi3.o)
 .debug_ranges  0x0000000000000488       0x58 /opt/microchip/xc32/v3.01/bin/bin/../../lib/gcc/pic32mx/8.3.1/../../../../pic32mx/lib/libpic32.a(sbrk.o)
 .debug_ranges  0x00000000000004e0       0x10 /opt/microchip/xc32/v3.01/bin/bin/../../lib/gcc/pic32mx/8.3.1/../../../../pic32mx/lib/libpic32.a(write.o)

.gnu.attributes
                0x0000000000000000       0x10
 *(.gnu.attributes)
 .gnu.attributes
                0x0000000000000000       0x10 /opt/microchip/xc32/v3.01/bin/bin/../../lib/gcc/pic32mx/8.3.1/../../../../pic32mx/lib/software-debug-break.o
 .gnu.attributes
                0x0000000000000010       0x10 build/USB-II_STARTER_KIT/debug/_ext/332309696/port.o
 .gnu.attributes
                0x0000000000000020       0x10 build/USB-II_STARTER_KIT/debug/_ext/332309696/port_asm.o
 .gnu.attributes
                0x0000000000000030       0x10 build/USB-II_STARTER_KIT/debug/_ext/449926602/queue.o
 .gnu.attributes
                0x0000000000000040       0x10 build/USB-II_STARTER_KIT/debug/_ext/449926602/tasks.o
 .gnu.attributes
                0x0000000000000050       0x10 build/USB-II_STARTER_KIT/debug/_ext/449926602/list.o
 .gnu.attributes
                0x0000000000000060       0x10 build/USB-II_STARTER_KIT/debug/_ext/449926602/timers.o
 .gnu.attributes
                0x0000000000000070       0x10 build/USB-II_STARTER_KIT/debug/_ext/1884096877/heap_4.o
 .gnu.attributes
                0x0000000000000080       0x10 build/USB-II_STARTER_KIT/debug/_ext/1472/main.o
 .gnu.attributes
                0x0000000000000090       0x10 build/USB-II_STARTER_KIT/debug/_ext/1472/ConfigPerformance.o
 .gnu.attributes
                0x00000000000000a0       0x10 build/USB-II_STARTER_KIT/debug/_ext/1852901230/uart.o
 .gnu.attributes
                0x00000000000000b0       0x10 build/USB-II_STARTER_KIT/debug/_ext/1472/libtman.o
 .gnu.attributes
                0x00000000000000c0       0x10 build/USB-II_STARTER_KIT/debug/_ext/1472/mainSOTR_TMAN.o
 .gnu.attributes
                0x00000000000000d0       0x10 build/USB-II_STARTER_KIT/debug/_ext/1472/structs.o
 .gnu.attributes
                0x00000000000000e0       0x10 /tmp/ccGEWmdA.o
 .gnu.attributes
                0x00000000000000f0       0x10 /tmp/cc4Wya86.o
 .gnu.attributes
                0x0000000000000100       0x10 /tmp/ccaqVV9A.o
 .gnu.attributes
                0x0000000000000110       0x10 /opt/microchip/xc32/v3.01/bin/bin/../../lib/gcc/pic32mx/8.3.1/../../../../pic32mx/lib/./proc/32MX795F512L/default_isr_vectors.o
 .gnu.attributes
                0x0000000000000120       0x10 /opt/microchip/xc32/v3.01/bin/bin/../../lib/gcc/pic32mx/8.3.1/../../../../pic32mx/lib/pic32_software_reset.o
 .gnu.attributes
                0x0000000000000130       0x10 /opt/microchip/xc32/v3.01/bin/bin/../../lib/gcc/pic32mx/8.3.1/../../../../pic32mx/lib/libpic32.a(memcmp.o)
 .gnu.attributes
                0x0000000000000140       0x10 /opt/microchip/xc32/v3.01/bin/bin/../../lib/gcc/pic32mx/8.3.1/../../../../pic32mx/lib/libpic32.a(memcpy.o)
 .gnu.attributes
                0x0000000000000150       0x10 /opt/microchip/xc32/v3.01/bin/bin/../../lib/gcc/pic32mx/8.3.1/../../../../pic32mx/lib/libpic32.a(memset.o)
 .gnu.attributes
                0x0000000000000160       0x10 /opt/microchip/xc32/v3.01/bin/bin/../../lib/gcc/pic32mx/8.3.1/../../../../pic32mx/lib/libpic32.a(strlen.o)
 .gnu.attributes
                0x0000000000000170       0x10 /opt/microchip/xc32/v3.01/bin/bin/../../lib/gcc/pic32mx/8.3.1/../../../../pic32mx/lib/libpic32.a(default-bootstrap-exception-handler.o)
 .gnu.attributes
                0x0000000000000180       0x10 /opt/microchip/xc32/v3.01/bin/bin/../../lib/gcc/pic32mx/8.3.1/../../../../pic32mx/lib/libpic32.a(default-on-reset.o)
 .gnu.attributes
                0x0000000000000190       0x10 /opt/microchip/xc32/v3.01/bin/bin/../../lib/gcc/pic32mx/8.3.1/../../../../pic32mx/lib/libpic32.a(default-on-bootstrap.o)
 .gnu.attributes
                0x00000000000001a0       0x10 /opt/microchip/xc32/v3.01/bin/bin/../../lib/gcc/pic32mx/8.3.1/../../../../pic32mx/lib/libpic32.a(default-nmi-handler.o)
 .gnu.attributes
                0x00000000000001b0       0x10 /opt/microchip/xc32/v3.01/bin/bin/../../lib/gcc/pic32mx/8.3.1/../../../../pic32mx/lib/libpic32.a(xc32_uart.o)
 .gnu.attributes
                0x00000000000001c0       0x10 /opt/microchip/xc32/v3.01/bin/bin/../../lib/gcc/pic32mx/8.3.1/../../../../pic32mx/lib/libpic32.a(pic32_data_init.o)
 .gnu.attributes
                0x00000000000001d0       0x10 /opt/microchip/xc32/v3.01/bin/bin/../../lib/gcc/pic32mx/8.3.1/../../../../pic32mx/lib/libpic32.a(general-exception.o)
 .gnu.attributes
                0x00000000000001e0       0x10 /opt/microchip/xc32/v3.01/bin/bin/../../lib/gcc/pic32mx/8.3.1/../../../../pic32mx/lib/libpic32.a(vector0.o)
 .gnu.attributes
                0x00000000000001f0       0x10 /opt/microchip/xc32/v3.01/bin/bin/../../lib/gcc/pic32mx/8.3.1/../../../../pic32mx/lib/libpic32.a(vector2.o)
 .gnu.attributes
                0x0000000000000200       0x10 /opt/microchip/xc32/v3.01/bin/bin/../../lib/gcc/pic32mx/8.3.1/../../../../pic32mx/lib/libpic32.a(vector3.o)
 .gnu.attributes
                0x0000000000000210       0x10 /opt/microchip/xc32/v3.01/bin/bin/../../lib/gcc/pic32mx/8.3.1/../../../../pic32mx/lib/libpic32.a(vector5.o)
 .gnu.attributes
                0x0000000000000220       0x10 /opt/microchip/xc32/v3.01/bin/bin/../../lib/gcc/pic32mx/8.3.1/../../../../pic32mx/lib/libpic32.a(vector6.o)
 .gnu.attributes
                0x0000000000000230       0x10 /opt/microchip/xc32/v3.01/bin/bin/../../lib/gcc/pic32mx/8.3.1/../../../../pic32mx/lib/libpic32.a(vector7.o)
 .gnu.attributes
                0x0000000000000240       0x10 /opt/microchip/xc32/v3.01/bin/bin/../../lib/gcc/pic32mx/8.3.1/../../../../pic32mx/lib/libpic32.a(vector9.o)
 .gnu.attributes
                0x0000000000000250       0x10 /opt/microchip/xc32/v3.01/bin/bin/../../lib/gcc/pic32mx/8.3.1/../../../../pic32mx/lib/libpic32.a(vector10.o)
 .gnu.attributes
                0x0000000000000260       0x10 /opt/microchip/xc32/v3.01/bin/bin/../../lib/gcc/pic32mx/8.3.1/../../../../pic32mx/lib/libpic32.a(vector11.o)
 .gnu.attributes
                0x0000000000000270       0x10 /opt/microchip/xc32/v3.01/bin/bin/../../lib/gcc/pic32mx/8.3.1/../../../../pic32mx/lib/libpic32.a(vector12.o)
 .gnu.attributes
                0x0000000000000280       0x10 /opt/microchip/xc32/v3.01/bin/bin/../../lib/gcc/pic32mx/8.3.1/../../../../pic32mx/lib/libpic32.a(vector13.o)
 .gnu.attributes
                0x0000000000000290       0x10 /opt/microchip/xc32/v3.01/bin/bin/../../lib/gcc/pic32mx/8.3.1/../../../../pic32mx/lib/libpic32.a(vector14.o)
 .gnu.attributes
                0x00000000000002a0       0x10 /opt/microchip/xc32/v3.01/bin/bin/../../lib/gcc/pic32mx/8.3.1/../../../../pic32mx/lib/libpic32.a(vector15.o)
 .gnu.attributes
                0x00000000000002b0       0x10 /opt/microchip/xc32/v3.01/bin/bin/../../lib/gcc/pic32mx/8.3.1/../../../../pic32mx/lib/libpic32.a(vector16.o)
 .gnu.attributes
                0x00000000000002c0       0x10 /opt/microchip/xc32/v3.01/bin/bin/../../lib/gcc/pic32mx/8.3.1/../../../../pic32mx/lib/libpic32.a(vector17.o)
 .gnu.attributes
                0x00000000000002d0       0x10 /opt/microchip/xc32/v3.01/bin/bin/../../lib/gcc/pic32mx/8.3.1/../../../../pic32mx/lib/libpic32.a(vector18.o)
 .gnu.attributes
                0x00000000000002e0       0x10 /opt/microchip/xc32/v3.01/bin/bin/../../lib/gcc/pic32mx/8.3.1/../../../../pic32mx/lib/libpic32.a(vector19.o)
 .gnu.attributes
                0x00000000000002f0       0x10 /opt/microchip/xc32/v3.01/bin/bin/../../lib/gcc/pic32mx/8.3.1/../../../../pic32mx/lib/libpic32.a(vector20.o)
 .gnu.attributes
                0x0000000000000300       0x10 /opt/microchip/xc32/v3.01/bin/bin/../../lib/gcc/pic32mx/8.3.1/../../../../pic32mx/lib/libpic32.a(vector21.o)
 .gnu.attributes
                0x0000000000000310       0x10 /opt/microchip/xc32/v3.01/bin/bin/../../lib/gcc/pic32mx/8.3.1/../../../../pic32mx/lib/libpic32.a(vector22.o)
 .gnu.attributes
                0x0000000000000320       0x10 /opt/microchip/xc32/v3.01/bin/bin/../../lib/gcc/pic32mx/8.3.1/../../../../pic32mx/lib/libpic32.a(vector23.o)
 .gnu.attributes
                0x0000000000000330       0x10 /opt/microchip/xc32/v3.01/bin/bin/../../lib/gcc/pic32mx/8.3.1/../../../../pic32mx/lib/libpic32.a(vector24.o)
 .gnu.attributes
                0x0000000000000340       0x10 /opt/microchip/xc32/v3.01/bin/bin/../../lib/gcc/pic32mx/8.3.1/../../../../pic32mx/lib/libpic32.a(vector25.o)
 .gnu.attributes
                0x0000000000000350       0x10 /opt/microchip/xc32/v3.01/bin/bin/../../lib/gcc/pic32mx/8.3.1/../../../../pic32mx/lib/libpic32.a(vector26.o)
 .gnu.attributes
                0x0000000000000360       0x10 /opt/microchip/xc32/v3.01/bin/bin/../../lib/gcc/pic32mx/8.3.1/../../../../pic32mx/lib/libpic32.a(vector27.o)
 .gnu.attributes
                0x0000000000000370       0x10 /opt/microchip/xc32/v3.01/bin/bin/../../lib/gcc/pic32mx/8.3.1/../../../../pic32mx/lib/libpic32.a(vector28.o)
 .gnu.attributes
                0x0000000000000380       0x10 /opt/microchip/xc32/v3.01/bin/bin/../../lib/gcc/pic32mx/8.3.1/../../../../pic32mx/lib/libpic32.a(vector29.o)
 .gnu.attributes
                0x0000000000000390       0x10 /opt/microchip/xc32/v3.01/bin/bin/../../lib/gcc/pic32mx/8.3.1/../../../../pic32mx/lib/libpic32.a(vector30.o)
 .gnu.attributes
                0x00000000000003a0       0x10 /opt/microchip/xc32/v3.01/bin/bin/../../lib/gcc/pic32mx/8.3.1/../../../../pic32mx/lib/libpic32.a(vector31.o)
 .gnu.attributes