Archive member included to satisfy reference by file (symbol)

/opt/microchip/xc32/v3.01/bin/bin/../../lib/gcc/pic32mx/8.3.1/../../../../pic32mx/lib/libpic32.a(memcmp.o)
                              build/USB-II_STARTER_KIT/production/_ext/332309696/port.o (memcmp)
/opt/microchip/xc32/v3.01/bin/bin/../../lib/gcc/pic32mx/8.3.1/../../../../pic32mx/lib/libpic32.a(memcpy.o)
                              build/USB-II_STARTER_KIT/production/_ext/449926602/queue.o (memcpy)
/opt/microchip/xc32/v3.01/bin/bin/../../lib/gcc/pic32mx/8.3.1/../../../../pic32mx/lib/libpic32.a(memset.o)
                              build/USB-II_STARTER_KIT/production/_ext/332309696/port.o (memset)
/opt/microchip/xc32/v3.01/bin/bin/../../lib/gcc/pic32mx/8.3.1/../../../../pic32mx/lib/libpic32.a(strlen.o)
                              build/USB-II_STARTER_KIT/production/_ext/449926602/tasks.o (strlen)
/opt/microchip/xc32/v3.01/bin/bin/../../lib/gcc/pic32mx/8.3.1/../../../../pic32mx/lib/libpic32.a(default-bootstrap-exception-handler.o)
                              /tmp/cc6Z6kKN.o (_bootstrap_exception_handler)
/opt/microchip/xc32/v3.01/bin/bin/../../lib/gcc/pic32mx/8.3.1/../../../../pic32mx/lib/libpic32.a(default-on-reset.o)
                              /tmp/cc6Z6kKN.o (_on_reset)
/opt/microchip/xc32/v3.01/bin/bin/../../lib/gcc/pic32mx/8.3.1/../../../../pic32mx/lib/libpic32.a(default-on-bootstrap.o)
                              /tmp/cc6Z6kKN.o (_on_bootstrap)
/opt/microchip/xc32/v3.01/bin/bin/../../lib/gcc/pic32mx/8.3.1/../../../../pic32mx/lib/libpic32.a(default-nmi-handler.o)
                              /tmp/cc6Z6kKN.o (_nmi_handler)
/opt/microchip/xc32/v3.01/bin/bin/../../lib/gcc/pic32mx/8.3.1/../../../../pic32mx/lib/libpic32.a(xc32_uart.o)
                              build/USB-II_STARTER_KIT/production/_ext/1472/mainSOTR_TMAN.o (__XC_UART)
/opt/microchip/xc32/v3.01/bin/bin/../../lib/gcc/pic32mx/8.3.1/../../../../pic32mx/lib/libpic32.a(pic32_data_init.o)
                              /tmp/cc6Z6kKN.o (__pic32_data_init)
/opt/microchip/xc32/v3.01/bin/bin/../../lib/gcc/pic32mx/8.3.1/../../../../pic32mx/lib/libpic32.a(general-exception.o)
                              /tmp/cc6Z6kKN.o (_general_exception_context)
/opt/microchip/xc32/v3.01/bin/bin/../../lib/gcc/pic32mx/8.3.1/../../../../pic32mx/lib/libpic32.a(vector0.o)
                              /tmp/cc8rH7tr.o (__vector_dispatch_0)
/opt/microchip/xc32/v3.01/bin/bin/../../lib/gcc/pic32mx/8.3.1/../../../../pic32mx/lib/libpic32.a(vector2.o)
                              /tmp/cc8rH7tr.o (__vector_dispatch_2)
/opt/microchip/xc32/v3.01/bin/bin/../../lib/gcc/pic32mx/8.3.1/../../../../pic32mx/lib/libpic32.a(vector3.o)
                              /tmp/cc8rH7tr.o (__vector_dispatch_3)
/opt/microchip/xc32/v3.01/bin/bin/../../lib/gcc/pic32mx/8.3.1/../../../../pic32mx/lib/libpic32.a(vector5.o)
                              /tmp/cc8rH7tr.o (__vector_dispatch_5)
/opt/microchip/xc32/v3.01/bin/bin/../../lib/gcc/pic32mx/8.3.1/../../../../pic32mx/lib/libpic32.a(vector6.o)
                              /tmp/cc8rH7tr.o (__vector_dispatch_6)
/opt/microchip/xc32/v3.01/bin/bin/../../lib/gcc/pic32mx/8.3.1/../../../../pic32mx/lib/libpic32.a(vector7.o)
                              /tmp/cc8rH7tr.o (__vector_dispatch_7)
/opt/microchip/xc32/v3.01/bin/bin/../../lib/gcc/pic32mx/8.3.1/../../../../pic32mx/lib/libpic32.a(vector8.o)
                              /tmp/cc8rH7tr.o (__vector_dispatch_8)
/opt/microchip/xc32/v3.01/bin/bin/../../lib/gcc/pic32mx/8.3.1/../../../../pic32mx/lib/libpic32.a(vector9.o)
                              /tmp/cc8rH7tr.o (__vector_dispatch_9)
/opt/microchip/xc32/v3.01/bin/bin/../../lib/gcc/pic32mx/8.3.1/../../../../pic32mx/lib/libpic32.a(vector10.o)
                              /tmp/cc8rH7tr.o (__vector_dispatch_10)
/opt/microchip/xc32/v3.01/bin/bin/../../lib/gcc/pic32mx/8.3.1/../../../../pic32mx/lib/libpic32.a(vector11.o)
                              /tmp/cc8rH7tr.o (__vector_dispatch_11)
/opt/microchip/xc32/v3.01/bin/bin/../../lib/gcc/pic32mx/8.3.1/../../../../pic32mx/lib/libpic32.a(vector13.o)
                              /tmp/cc8rH7tr.o (__vector_dispatch_13)
/opt/microchip/xc32/v3.01/bin/bin/../../lib/gcc/pic32mx/8.3.1/../../../../pic32mx/lib/libpic32.a(vector14.o)
                              /tmp/cc8rH7tr.o (__vector_dispatch_14)
/opt/microchip/xc32/v3.01/bin/bin/../../lib/gcc/pic32mx/8.3.1/../../../../pic32mx/lib/libpic32.a(vector15.o)
                              /tmp/cc8rH7tr.o (__vector_dispatch_15)
/opt/microchip/xc32/v3.01/bin/bin/../../lib/gcc/pic32mx/8.3.1/../../../../pic32mx/lib/libpic32.a(vector16.o)
                              /tmp/cc8rH7tr.o (__vector_dispatch_16)
/opt/microchip/xc32/v3.01/bin/bin/../../lib/gcc/pic32mx/8.3.1/../../../../pic32mx/lib/libpic32.a(vector17.o)
                              /tmp/cc8rH7tr.o (__vector_dispatch_17)
/opt/microchip/xc32/v3.01/bin/bin/../../lib/gcc/pic32mx/8.3.1/../../../../pic32mx/lib/libpic32.a(vector18.o)
[...]
Memory Configuration

Name             Origin             Length             Attributes
kseg0_program_mem 0x000000009d000000 0x0000000000080000 xr
kseg0_boot_mem   0x000000009fc00490 0x0000000000000970
exception_mem    0x000000009fc01000 0x0000000000001000
kseg1_boot_mem   0x00000000bfc00000 0x0000000000000490
debug_exec_mem   0x00000000bfc02000 0x0000000000000ff0
config3          0x00000000bfc02ff0 0x0000000000000004
config2          0x00000000bfc02ff4 0x0000000000000004
config1          0x00000000bfc02ff8 0x0000000000000004
config0          0x00000000bfc02ffc 0x0000000000000004
kseg1_data_mem   0x00000000a0000000 0x0000000000020000 w !x
sfrs             0x00000000bf800000 0x0000000000100000
configsfrs       0x00000000bfc02ff0 0x0000000000000010
*default*        0x0000000000000000 0xffffffffffffffff

Linker script and memory map

LOAD /opt/microchip/xc32/v3.01/bin/bin/../../lib/gcc/pic32mx/8.3.1/../../../../pic32mx/lib/debug-exception-return.o
LOAD build/USB-II_STARTER_KIT/production/_ext/332309696/port.o
LOAD build/USB-II_STARTER_KIT/production/_ext/332309696/port_asm.o
LOAD build/USB-II_STARTER_KIT/production/_ext/449926602/queue.o
LOAD build/USB-II_STARTER_KIT/production/_ext/449926602/tasks.o
LOAD build/USB-II_STARTER_KIT/production/_ext/449926602/list.o
LOAD build/USB-II_STARTER_KIT/production/_ext/449926602/timers.o
LOAD build/USB-II_STARTER_KIT/production/_ext/1884096877/heap_4.o
LOAD build/USB-II_STARTER_KIT/production/_ext/1472/main.o
LOAD build/USB-II_STARTER_KIT/production/_ext/1472/ConfigPerformance.o
LOAD build/USB-II_STARTER_KIT/production/_ext/1852901230/uart.o
LOAD build/USB-II_STARTER_KIT/production/_ext/1472/libtman.o
LOAD build/USB-II_STARTER_KIT/production/_ext/1472/mainSOTR_TMAN.o
                0x0000000000000001                __MPLAB_BUILD = 0x1
                0x0000000000000000                _min_heap_size = 0x0
LOAD /tmp/cc6Z6kKN.o
LOAD /tmp/ccIKcPcR.o
LOAD /tmp/cc8rH7tr.o
LOAD /opt/microchip/xc32/v3.01/bin/bin/../../lib/gcc/pic32mx/8.3.1/../../../../pic32mx/lib/./proc/32MX795F512L/default_isr_vectors.o
LOAD /opt/microchip/xc32/v3.01/bin/bin/../../lib/gcc/pic32mx/8.3.1/../../../../pic32mx/lib/pic32_software_reset.o
LOAD /opt/microchip/xc32/v3.01/bin/bin/../../lib/gcc/pic32mx/8.3.1/libgcc.a
START GROUP
LOAD /opt/microchip/xc32/v3.01/bin/bin/../../lib/gcc/pic32mx/8.3.1/../../../../pic32mx/lib/libpic32.a
LOAD /opt/microchip/xc32/v3.01/bin/bin/../../lib/gcc/pic32mx/8.3.1/../../../../pic32mx/lib/libdebug.a
LOAD /opt/microchip/xc32/v3.01/bin/bin/../../lib/gcc/pic32mx/8.3.1/../../../../pic32mx/lib/libc.a
LOAD /opt/microchip/xc32/v3.01/bin/bin/../../lib/gcc/pic32mx/8.3.1/../../../../pic32mx/lib/libm.a
LOAD /opt/microchip/xc32/v3.01/bin/bin/../../lib/gcc/pic32mx/8.3.1/../../../../pic32mx/lib/libe.a
LOAD /opt/microchip/xc32/v3.01/bin/bin/../../lib/gcc/pic32mx/8.3.1/../../../../pic32mx/lib/libdsp.a
LOAD /opt/microchip/xc32/v3.01/bin/bin/../../lib/gcc/pic32mx/8.3.1/libgcc.a
LOAD /opt/microchip/xc32/v3.01/bin/bin/../../lib/gcc/pic32mx/8.3.1/../../../../pic32mx/lib/libpic32.a
END GROUP
LOAD /opt/microchip/xc32/v3.01/bin/bin/../../lib/gcc/pic32mx/8.3.1/libgcc.a
                0x0000000000000400                PROVIDE (_min_stack_size = 0x400)
START GROUP
LOAD libmchp_peripheral.a
END GROUP
START GROUP
LOAD libmchp_peripheral_32MX795F512L.a
END GROUP
                0x0000000000000001                PROVIDE (_vector_spacing = 0x1)
                0x000000009fc01000                PROVIDE (_ebase_address = 0x9fc01000)
                0x00000000bfc00000                _RESET_ADDR = 0xbfc00000
                0x00000000bfc00380                _BEV_EXCPT_ADDR = 0xbfc00380
                0x00000000bfc00480                _DBG_EXCPT_ADDR = 0xbfc00480
                0x00000000bfc02000                _DBG_CODE_ADDR = 0xbfc02000
                0x0000000000000ff0                _DBG_CODE_SIZE = 0xff0
                0x000000009fc01180                _GEN_EXCPT_ADDR = (_ebase_address + 0x180)

.config_BFC02FF0
                0x00000000bfc02ff0        0x4
 *(.config_BFC02FF0)
 .config_BFC02FF0
                0x00000000bfc02ff0        0x4 build/USB-II_STARTER_KIT/production/_ext/1472/main.o
                0x00000000bfc02ff0                __config_BFC02FF0

.config_BFC02FF4
                0x00000000bfc02ff4        0x4
 *(.config_BFC02FF4)
 .config_BFC02FF4
                0x00000000bfc02ff4        0x4 build/USB-II_STARTER_KIT/production/_ext/1472/main.o
                0x00000000bfc02ff4                __config_BFC02FF4

.config_BFC02FF8
                0x00000000bfc02ff8        0x4
 *(.config_BFC02FF8)
 .config_BFC02FF8
                0x00000000bfc02ff8        0x4 build/USB-II_STARTER_KIT/production/_ext/1472/main.o
                0x00000000bfc02ff8                __config_BFC02FF8

.config_BFC02FFC
                0x00000000bfc02ffc        0x4
 *(.config_BFC02FFC)
 .config_BFC02FFC
                0x00000000bfc02ffc        0x4 build/USB-II_STARTER_KIT/production/_ext/1472/main.o
                0x00000000bfc02ffc                __config_BFC02FFC

.reset          0x00000000bfc00000      0x19c
 *(.reset)
 .reset         0x00000000bfc00000        0x8 /tmp/cc6Z6kKN.o
                0x00000000bfc00000                _reset
 *(.reset.startup)
 .reset.startup
                0x00000000bfc00008      0x194 /tmp/cc6Z6kKN.o
                0x00000000bfc00008                _startup

.bev_excpt      0x00000000bfc00380       0x10
 *(.bev_handler)
 .bev_handler   0x00000000bfc00380       0x10 /tmp/cc6Z6kKN.o

.dbg_excpt      0x00000000bfc00480        0x0
                0x00000000bfc00480                . = (. + DEFINED (_DEBUGGER)?0x8:0x0)

.dbg_code       0x00000000bfc02000        0x0
                0x00000000bfc02000                . = (. + DEFINED (_DEBUGGER)?_DBG_CODE_SIZE:0x0)

.app_excpt      0x000000009fc01180       0x10
 *(.gen_handler)
 .gen_handler   0x000000009fc01180       0x10 /tmp/cc6Z6kKN.o

.vector_0       0x000000009fc01200        0x8
 *(.vector_0)
 .vector_0      0x000000009fc01200        0x8 /opt/microchip/xc32/v3.01/bin/bin/../../lib/gcc/pic32mx/8.3.1/../../../../pic32mx/lib/libpic32.a(vector0.o)
                0x000000009fc01200                __vector_dispatch_0
                0x0000000000000001                ASSERT (((_vector_spacing == 0x0) || (SIZEOF (.vector_0) <= (_vector_spacing << 0x5))), function at exception vector 0 too large)

.vector_1       0x000000009fc01220        0x8
 *(.vector_1)
 .vector_1      0x000000009fc01220        0x8 build/USB-II_STARTER_KIT/production/_ext/332309696/port.o
                0x000000009fc01220                __vector_dispatch_1
                0x0000000000000001                ASSERT (((_vector_spacing == 0x0) || (SIZEOF (.vector_1) <= (_vector_spacing << 0x5))), function at exception vector 1 too large)

.vector_2       0x000000009fc01240        0x8
 *(.vector_2)
 .vector_2      0x000000009fc01240        0x8 /opt/microchip/xc32/v3.01/bin/bin/../../lib/gcc/pic32mx/8.3.1/../../../../pic32mx/lib/libpic32.a(vector2.o)
                0x000000009fc01240                __vector_dispatch_2
                0x0000000000000001                ASSERT (((_vector_spacing == 0x0) || (SIZEOF (.vector_2) <= (_vector_spacing << 0x5))), function at exception vector 2 too large)

.vector_3       0x000000009fc01260        0x8
 *(.vector_3)
 .vector_3      0x000000009fc01260        0x8 /opt/microchip/xc32/v3.01/bin/bin/../../lib/gcc/pic32mx/8.3.1/../../../../pic32mx/lib/libpic32.a(vector3.o)
                0x000000009fc01260                __vector_dispatch_3
                0x0000000000000001                ASSERT (((_vector_spacing == 0x0) || (SIZEOF (.vector_3) <= (_vector_spacing << 0x5))), function at exception vector 3 too large)

.vector_4       0x000000009fc01280        0x8
 *(.vector_4)
 .vector_4      0x000000009fc01280        0x8 build/USB-II_STARTER_KIT/production/_ext/332309696/port.o
                0x000000009fc01280                __vector_dispatch_4
                0x0000000000000001                ASSERT (((_vector_spacing == 0x0) || (SIZEOF (.vector_4) <= (_vector_spacing << 0x5))), function at exception vector 4 too large)

.vector_5       0x000000009fc012a0        0x8
 *(.vector_5)
 .vector_5      0x000000009fc012a0        0x8 /opt/microchip/xc32/v3.01/bin/bin/../../lib/gcc/pic32mx/8.3.1/../../../../pic32mx/lib/libpic32.a(vector5.o)
                0x000000009fc012a0                __vector_dispatch_5
                0x0000000000000001                ASSERT (((_vector_spacing == 0x0) || (SIZEOF (.vector_5) <= (_vector_spacing << 0x5))), function at exception vector 5 too large)

.vector_6       0x000000009fc012c0        0x8
 *(.vector_6)
 .vector_6      0x000000009fc012c0        0x8 /opt/microchip/xc32/v3.01/bin/bin/../../lib/gcc/pic32mx/8.3.1/../../../../pic32mx/lib/libpic32.a(vector6.o)
                0x000000009fc012c0                __vector_dispatch_6
                0x0000000000000001                ASSERT (((_vector_spacing == 0x0) || (SIZEOF (.vector_6) <= (_vector_spacing << 0x5))), function at exception vector 6 too large)

.vector_7       0x000000009fc012e0        0x8
 *(.vector_7)
 .vector_7      0x000000009fc012e0        0x8 /opt/microchip/xc32/v3.01/bin/bin/../../lib/gcc/pic32mx/8.3.1/../../../../pic32mx/lib/libpic32.a(vector7.o)
                0x000000009fc012e0                __vector_dispatch_7
                0x0000000000000001                ASSERT (((_vector_spacing == 0x0) || (SIZEOF (.vector_7) <= (_vector_spacing << 0x5))), function at exception vector 7 too large)

.vector_8       0x000000009fc01300        0x8
 *(.vector_8)
 .vector_8      0x000000009fc01300        0x8 /opt/microchip/xc32/v3.01/bin/bin/../../lib/gcc/pic32mx/8.3.1/../../../../pic32mx/lib/libpic32.a(vector8.o)
                0x000000009fc01300                __vector_dispatch_8
                0x0000000000000001                ASSERT (((_vector_spacing == 0x0) || (SIZEOF (.vector_8) <= (_vector_spacing << 0x5))), function at exception vector 8 too large)

.vector_9       0x000000009fc01320        0x8
 *(.vector_9)
 .vector_9      0x000000009fc01320        0x8 /opt/microchip/xc32/v3.01/bin/bin/../../lib/gcc/pic32mx/8.3.1/../../../../pic32mx/lib/libpic32.a(vector9.o)
                0x000000009fc01320                __vector_dispatch_9
                0x0000000000000001                ASSERT (((_vector_spacing == 0x0) || (SIZEOF (.vector_9) <= (_vector_spacing << 0x5))), function at exception vector 9 too large)

.vector_10      0x000000009fc01340        0x8
 *(.vector_10)
 .vector_10     0x000000009fc01340        0x8 /opt/microchip/xc32/v3.01/bin/bin/../../lib/gcc/pic32mx/8.3.1/../../../../pic32mx/lib/libpic32.a(vector10.o)
                0x000000009fc01340                __vector_dispatch_10
                0x0000000000000001                ASSERT (((_vector_spacing == 0x0) || (SIZEOF (.vector_10) <= (_vector_spacing << 0x5))), function at exception vector 10 too large)

.vector_11      0x000000009fc01360        0x8
 *(.vector_11)
 .vector_11     0x000000009fc01360        0x8 /opt/microchip/xc32/v3.01/bin/bin/../../lib/gcc/pic32mx/8.3.1/../../../../pic32mx/lib/libpic32.a(vector11.o)
                0x000000009fc01360                __vector_dispatch_11
                0x0000000000000001                ASSERT (((_vector_spacing == 0x0) || (SIZEOF (.vector_11) <= (_vector_spacing << 0x5))), function at exception vector 11 too large)

.vector_12      0x000000009fc01380        0x8
 *(.vector_12)
 .vector_12     0x000000009fc01380        0x8 build/USB-II_STARTER_KIT/production/_ext/1472/libtman.o
                0x000000009fc01380                __vector_dispatch_12
                0x0000000000000001                ASSERT (((_vector_spacing == 0x0) || (SIZEOF (.vector_12) <= (_vector_spacing << 0x5))), function at exception vector 12 too large)

.vector_13      0x000000009fc013a0        0x8
 *(.vector_13)
 .vector_13     0x000000009fc013a0        0x8 /opt/microchip/xc32/v3.01/bin/bin/../../lib/gcc/pic32mx/8.3.1/../../../../pic32mx/lib/libpic32.a(vector13.o)
                0x000000009fc013a0                __vector_dispatch_13
                0x0000000000000001                ASSERT (((_vector_spacing == 0x0) || (SIZEOF (.vector_13) <= (_vector_spacing << 0x5))), function at exception vector 13 too large)

.vector_14      0x000000009fc013c0        0x8
 *(.vector_14)
 .vector_14     0x000000009fc013c0        0x8 /opt/microchip/xc32/v3.01/bin/bin/../../lib/gcc/pic32mx/8.3.1/../../../../pic32mx/lib/libpic32.a(vector14.o)
                0x000000009fc013c0                __vector_dispatch_14
                0x0000000000000001                ASSERT (((_vector_spacing == 0x0) || (SIZEOF (.vector_14) <= (_vector_spacing << 0x5))), function at exception vector 14 too large)

.vector_15      0x000000009fc013e0        0x8
 *(.vector_15)
 .vector_15     0x000000009fc013e0        0x8 /opt/microchip/xc32/v3.01/bin/bin/../../lib/gcc/pic32mx/8.3.1/../../../../pic32mx/lib/libpic32.a(vector15.o)
                0x000000009fc013e0                __vector_dispatch_15
                0x0000000000000001                ASSERT (((_vector_spacing == 0x0) || (SIZEOF (.vector_15) <= (_vector_spacing << 0x5))), function at exception vector 15 too large)

.vector_16      0x000000009fc01400        0x8
 *(.vector_16)
 .vector_16     0x000000009fc01400        0x8 /opt/microchip/xc32/v3.01/bin/bin/../../lib/gcc/pic32mx/8.3.1/../../../../pic32mx/lib/libpic32.a(vector16.o)
                0x000000009fc01400                __vector_dispatch_16
                0x0000000000000001                ASSERT (((_vector_spacing == 0x0) || (SIZEOF (.vector_16) <= (_vector_spacing << 0x5))), function at exception vector 16 too large)

.vector_17      0x000000009fc01420        0x8
 *(.vector_17)
 .vector_17     0x000000009fc01420        0x8 /opt/microchip/xc32/v3.01/bin/bin/../../lib/gcc/pic32mx/8.3.1/../../../../pic32mx/lib/libpic32.a(vector17.o)
                0x000000009fc01420                __vector_dispatch_17
                0x0000000000000001                ASSERT (((_vector_spacing == 0x0) || (SIZEOF (.vector_17) <= (_vector_spacing << 0x5))), function at exception vector 17 too large)

.vector_18      0x000000009fc01440        0x8
 *(.vector_18)
 .vector_18     0x000000009fc01440        0x8 /opt/microchip/xc32/v3.01/bin/bin/../../lib/gcc/pic32mx/8.3.1/../../../../pic32mx/lib/libpic32.a(vector18.o)
                0x000000009fc01440                __vector_dispatch_18
                0x0000000000000001                ASSERT (((_vector_spacing == 0x0) || (SIZEOF (.vector_18) <= (_vector_spacing << 0x5))), function at exception vector 18 too large)

.vector_19      0x000000009fc01460        0x8
 *(.vector_19)
 .vector_19     0x000000009fc01460        0x8 /opt/microchip/xc32/v3.01/bin/bin/../../lib/gcc/pic32mx/8.3.1/../../../../pic32mx/lib/libpic32.a(vector19.o)
                0x000000009fc01460                __vector_dispatch_19
                0x0000000000000001                ASSERT (((_vector_spacing == 0x0) || (SIZEOF (.vector_19) <= (_vector_spacing << 0x5))), function at exception vector 19 too large)

.vector_20      0x000000009fc01480        0x8
 *(.vector_20)
 .vector_20     0x000000009fc01480        0x8 /opt/microchip/xc32/v3.01/bin/bin/../../lib/gcc/pic32mx/8.3.1/../../../../pic32mx/lib/libpic32.a(vector20.o)
                0x000000009fc01480                __vector_dispatch_20
                0x0000000000000001                ASSERT (((_vector_spacing == 0x0) || (SIZEOF (.vector_20) <= (_vector_spacing << 0x5))), function at exception vector 20 too large)

.vector_21      0x000000009fc014a0        0x8
 *(.vector_21)
 .vector_21     0x000000009fc014a0        0x8 /opt/microchip/xc32/v3.01/bin/bin/../../lib/gcc/pic32mx/8.3.1/../../../../pic32mx/lib/libpic32.a(vector21.o)
                0x000000009fc014a0                __vector_dispatch_21
                0x0000000000000001                ASSERT (((_vector_spacing == 0x0) || (SIZEOF (.vector_21) <= (_vector_spacing << 0x5))), function at exception vector 21 too large)

.vector_22      0x000000009fc014c0        0x8
 *(.vector_22)
 .vector_22     0x000000009fc014c0        0x8 /opt/microchip/xc32/v3.01/bin/bin/../../lib/gcc/pic32mx/8.3.1/../../../../pic32mx/lib/libpic32.a(vector22.o)
                0x000000009fc014c0                __vector_dispatch_22
                0x0000000000000001                ASSERT (((_vector_spacing == 0x0) || (SIZEOF (.vector_22) <= (_vector_spacing << 0x5))), function at exception vector 22 too large)

.vector_23      0x000000009fc014e0        0x8
 *(.vector_23)
 .vector_23     0x000000009fc014e0        0x8 /opt/microchip/xc32/v3.01/bin/bin/../../lib/gcc/pic32mx/8.3.1/../../../../pic32mx/lib/libpic32.a(vector23.o)
                0x000000009fc014e0                __vector_dispatch_23
                0x0000000000000001                ASSERT (((_vector_spacing == 0x0) || (SIZEOF (.vector_23) <= (_vector_spacing << 0x5))), function at exception vector 23 too large)

.vector_24      0x000000009fc01500        0x8
 *(.vector_24)
 .vector_24     0x000000009fc01500        0x8 /opt/microchip/xc32/v3.01/bin/bin/../../lib/gcc/pic32mx/8.3.1/../../../../pic32mx/lib/libpic32.a(vector24.o)
                0x000000009fc01500                __vector_dispatch_24
                0x0000000000000001                ASSERT (((_vector_spacing == 0x0) || (SIZEOF (.vector_24) <= (_vector_spacing << 0x5))), function at exception vector 24 too large)

.vector_25      0x000000009fc01520        0x8
 *(.vector_25)
 .vector_25     0x000000009fc01520        0x8 /opt/microchip/xc32/v3.01/bin/bin/../../lib/gcc/pic32mx/8.3.1/../../../../pic32mx/lib/libpic32.a(vector25.o)
                0x000000009fc01520                __vector_dispatch_25
                0x0000000000000001                ASSERT (((_vector_spacing == 0x0) || (SIZEOF (.vector_25) <= (_vector_spacing << 0x5))), function at exception vector 25 too large)

.vector_26      0x000000009fc01540        0x8
 *(.vector_26)
 .vector_26     0x000000009fc01540        0x8 /opt/microchip/xc32/v3.01/bin/bin/../../lib/gcc/pic32mx/8.3.1/../../../../pic32mx/lib/libpic32.a(vector26.o)
                0x000000009fc01540                __vector_dispatch_26
                0x0000000000000001                ASSERT (((_vector_spacing == 0x0) || (SIZEOF (.vector_26) <= (_vector_spacing << 0x5))), function at exception vector 26 too large)

.vector_27      0x000000009fc01560        0x8
 *(.vector_27)
 .vector_27     0x000000009fc01560        0x8 /opt/microchip/xc32/v3.01/bin/bin/../../lib/gcc/pic32mx/8.3.1/../../../../pic32mx/lib/libpic32.a(vector27.o)
                0x000000009fc01560                __vector_dispatch_27
                0x0000000000000001                ASSERT (((_vector_spacing == 0x0) || (SIZEOF (.vector_27) <= (_vector_spacing << 0x5))), function at exception vector 27 too large)

.vector_28      0x000000009fc01580        0x8
 *(.vector_28)
 .vector_28     0x000000009fc01580        0x8 /opt/microchip/xc32/v3.01/bin/bin/../../lib/gcc/pic32mx/8.3.1/../../../../pic32mx/lib/libpic32.a(vector28.o)
                0x000000009fc01580                __vector_dispatch_28
                0x0000000000000001                ASSERT (((_vector_spacing == 0x0) || (SIZEOF (.vector_28) <= (_vector_spacing << 0x5))), function at exception vector 28 too large)

.vector_29      0x000000009fc015a0        0x8
 *(.vector_29)
 .vector_29     0x000000009fc015a0        0x8 /opt/microchip/xc32/v3.01/bin/bin/../../lib/gcc/pic32mx/8.3.1/../../../../pic32mx/lib/libpic32.a(vector29.o)
                0x000000009fc015a0                __vector_dispatch_29
                0x0000000000000001                ASSERT (((_vector_spacing == 0x0) || (SIZEOF (.vector_29) <= (_vector_spacing << 0x5))), function at exception vector 29 too large)

.vector_30      0x000000009fc015c0        0x8
 *(.vector_30)
 .vector_30     0x000000009fc015c0        0x8 /opt/microchip/xc32/v3.01/bin/bin/../../lib/gcc/pic32mx/8.3.1/../../../../pic32mx/lib/libpic32.a(vector30.o)
                0x000000009fc015c0                __vector_dispatch_30
                0x0000000000000001                ASSERT (((_vector_spacing == 0x0) || (SIZEOF (.vector_30) <= (_vector_spacing << 0x5))), function at exception vector 30 too large)

.vector_31      0x000000009fc015e0        0x8
 *(.vector_31)
 .vector_31     0x000000009fc015e0        0x8 /opt/microchip/xc32/v3.01/bin/bin/../../lib/gcc/pic32mx/8.3.1/../../../../pic32mx/lib/libpic32.a(vector31.o)
                0x000000009fc015e0                __vector_dispatch_31
                0x0000000000000001                ASSERT (((_vector_spacing == 0x0) || (SIZEOF (.vector_31) <= (_vector_spacing << 0x5))), function at exception vector 31 too large)

.vector_32      0x000000009fc01600        0x8
 *(.vector_32)
 .vector_32     0x000000009fc01600        0x8 /opt/microchip/xc32/v3.01/bin/bin/../../lib/gcc/pic32mx/8.3.1/../../../../pic32mx/lib/libpic32.a(vector32.o)
                0x000000009fc01600                __vector_dispatch_32
                0x0000000000000001                ASSERT (((_vector_spacing == 0x0) || (SIZEOF (.vector_32) <= (_vector_spacing << 0x5))), function at exception vector 32 too large)

.vector_33      0x000000009fc01620        0x8
 *(.vector_33)
 .vector_33     0x000000009fc01620        0x8 /opt/microchip/xc32/v3.01/bin/bin/../../lib/gcc/pic32mx/8.3.1/../../../../pic32mx/lib/libpic32.a(vector33.o)
                0x000000009fc01620                __vector_dispatch_33
                0x0000000000000001                ASSERT (((_vector_spacing == 0x0) || (SIZEOF (.vector_33) <= (_vector_spacing << 0x5))), function at exception vector 33 too large)

.vector_34      0x000000009fc01640        0x8
 *(.vector_34)
 .vector_34     0x000000009fc01640        0x8 /opt/microchip/xc32/v3.01/bin/bin/../../lib/gcc/pic32mx/8.3.1/../../../../pic32mx/lib/libpic32.a(vector34.o)
                0x000000009fc01640                __vector_dispatch_34
                0x0000000000000001                ASSERT (((_vector_spacing == 0x0) || (SIZEOF (.vector_34) <= (_vector_spacing << 0x5))), function at exception vector 34 too large)

.vector_35      0x000000009fc01660        0x8
 *(.vector_35)
 .vector_35     0x000000009fc01660        0x8 /opt/microchip/xc32/v3.01/bin/bin/../../lib/gcc/pic32mx/8.3.1/../../../../pic32mx/lib/libpic32.a(vector35.o)
                0x000000009fc01660                __vector_dispatch_35
                0x0000000000000001                ASSERT (((_vector_spacing == 0x0) || (SIZEOF (.vector_35) <= (_vector_spacing << 0x5))), function at exception vector 35 too large)

.vector_36      0x000000009fc01680        0x8
 *(.vector_36)
 .vector_36     0x000000009fc01680        0x8 /opt/microchip/xc32/v3.01/bin/bin/../../lib/gcc/pic32mx/8.3.1/../../../../pic32mx/lib/libpic32.a(vector36.o)
                0x000000009fc01680                __vector_dispatch_36
                0x0000000000000001                ASSERT (((_vector_spacing == 0x0) || (SIZEOF (.vector_36) <= (_vector_spacing << 0x5))), function at exception vector 36 too large)

.vector_37      0x000000009fc016a0        0x8
 *(.vector_37)
 .vector_37     0x000000009fc016a0        0x8 /opt/microchip/xc32/v3.01/bin/bin/../../lib/gcc/pic32mx/8.3.1/../../../../pic32mx/lib/libpic32.a(vector37.o)
                0x000000009fc016a0                __vector_dispatch_37
                0x0000000000000001                ASSERT (((_vector_spacing == 0x0) || (SIZEOF (.vector_37) <= (_vector_spacing << 0x5))), function at exception vector 37 too large)

.vector_38      0x000000009fc016c0        0x8
 *(.vector_38)
 .vector_38     0x000000009fc016c0        0x8 /opt/microchip/xc32/v3.01/bin/bin/../../lib/gcc/pic32mx/8.3.1/../../../../pic32mx/lib/libpic32.a(vector38.o)
                0x000000009fc016c0                __vector_dispatch_38
                0x0000000000000001                ASSERT (((_vector_spacing == 0x0) || (SIZEOF (.vector_38) <= (_vector_spacing << 0x5))), function at exception vector 38 too large)

.vector_39      0x000000009fc016e0        0x8
 *(.vector_39)
 .vector_39     0x000000009fc016e0        0x8 /opt/microchip/xc32/v3.01/bin/bin/../../lib/gcc/pic32mx/8.3.1/../../../../pic32mx/lib/libpic32.a(vector39.o)
                0x000000009fc016e0                __vector_dispatch_39
                0x0000000000000001                ASSERT (((_vector_spacing == 0x0) || (SIZEOF (.vector_39) <= (_vector_spacing << 0x5))), function at exception vector 39 too large)

.vector_40      0x000000009fc01700        0x8
 *(.vector_40)
 .vector_40     0x000000009fc01700        0x8 /opt/microchip/xc32/v3.01/bin/bin/../../lib/gcc/pic32mx/8.3.1/../../../../pic32mx/lib/libpic32.a(vector40.o)
                0x000000009fc01700                __vector_dispatch_40
                0x0000000000000001                ASSERT (((_vector_spacing == 0x0) || (SIZEOF (.vector_40) <= (_vector_spacing << 0x5))), function at exception vector 40 too large)

.vector_41      0x000000009fc01720        0x8
 *(.vector_41)
 .vector_41     0x000000009fc01720        0x8 /opt/microchip/xc32/v3.01/bin/bin/../../lib/gcc/pic32mx/8.3.1/../../../../pic32mx/lib/libpic32.a(vector41.o)
                0x000000009fc01720                __vector_dispatch_41
                0x0000000000000001                ASSERT (((_vector_spacing == 0x0) || (SIZEOF (.vector_41) <= (_vector_spacing << 0x5))), function at exception vector 41 too large)

.vector_42      0x000000009fc01740        0x8
 *(.vector_42)
 .vector_42     0x000000009fc01740        0x8 /opt/microchip/xc32/v3.01/bin/bin/../../lib/gcc/pic32mx/8.3.1/../../../../pic32mx/lib/libpic32.a(vector42.o)
                0x000000009fc01740                __vector_dispatch_42
                0x0000000000000001                ASSERT (((_vector_spacing == 0x0) || (SIZEOF (.vector_42) <= (_vector_spacing << 0x5))), function at exception vector 42 too large)

.vector_43      0x000000009fc01760        0x8
 *(.vector_43)
 .vector_43     0x000000009fc01760        0x8 /opt/microchip/xc32/v3.01/bin/bin/../../lib/gcc/pic32mx/8.3.1/../../../../pic32mx/lib/libpic32.a(vector43.o)
                0x000000009fc01760                __vector_dispatch_43
                0x0000000000000001                ASSERT (((_vector_spacing == 0x0) || (SIZEOF (.vector_43) <= (_vector_spacing << 0x5))), function at exception vector 43 too large)

.vector_44      0x000000009fc01780        0x8
 *(.vector_44)
 .vector_44     0x000000009fc01780        0x8 /opt/microchip/xc32/v3.01/bin/bin/../../lib/gcc/pic32mx/8.3.1/../../../../pic32mx/lib/libpic32.a(vector44.o)
                0x000000009fc01780                __vector_dispatch_44
                0x0000000000000001                ASSERT (((_vector_spacing == 0x0) || (SIZEOF (.vector_44) <= (_vector_spacing << 0x5))), function at exception vector 44 too large)

.vector_45      0x000000009fc017a0        0x8
 *(.vector_45)
 .vector_45     0x000000009fc017a0        0x8 /opt/microchip/xc32/v3.01/bin/bin/../../lib/gcc/pic32mx/8.3.1/../../../../pic32mx/lib/libpic32.a(vector45.o)
                0x000000009fc017a0                __vector_dispatch_45
                0x0000000000000001                ASSERT (((_vector_spacing == 0x0) || (SIZEOF (.vector_45) <= (_vector_spacing << 0x5))), function at exception vector 45 too large)

.vector_46      0x000000009fc017c0        0x8
 *(.vector_46)
 .vector_46     0x000000009fc017c0        0x8 /opt/microchip/xc32/v3.01/bin/bin/../../lib/gcc/pic32mx/8.3.1/../../../../pic32mx/lib/libpic32.a(vector46.o)
                0x000000009fc017c0                __vector_dispatch_46
                0x0000000000000001                ASSERT (((_vector_spacing == 0x0) || (SIZEOF (.vector_46) <= (_vector_spacing << 0x5))), function at exception vector 46 too large)

.vector_47      0x000000009fc017e0        0x8
 *(.vector_47)
 .vector_47     0x000000009fc017e0        0x8 /opt/microchip/xc32/v3.01/bin/bin/../../lib/gcc/pic32mx/8.3.1/../../../../pic32mx/lib/libpic32.a(vector47.o)
                0x000000009fc017e0                __vector_dispatch_47
                0x0000000000000001                ASSERT (((_vector_spacing == 0x0) || (SIZEOF (.vector_47) <= (_vector_spacing << 0x5))), function at exception vector 47 too large)

.vector_48      0x000000009fc01800        0x8
 *(.vector_48)
 .vector_48     0x000000009fc01800        0x8 /opt/microchip/xc32/v3.01/bin/bin/../../lib/gcc/pic32mx/8.3.1/../../../../pic32mx/lib/libpic32.a(vector48.o)
                0x000000009fc01800                __vector_dispatch_48
                0x0000000000000001                ASSERT (((_vector_spacing == 0x0) || (SIZEOF (.vector_48) <= (_vector_spacing << 0x5))), function at exception vector 48 too large)

.vector_49      0x000000009fc01820        0x8
 *(.vector_49)
 .vector_49     0x000000009fc01820        0x8 /opt/microchip/xc32/v3.01/bin/bin/../../lib/gcc/pic32mx/8.3.1/../../../../pic32mx/lib/libpic32.a(vector49.o)
                0x000000009fc01820                __vector_dispatch_49
                0x0000000000000001                ASSERT (((_vector_spacing == 0x0) || (SIZEOF (.vector_49) <= (_vector_spacing << 0x5))), function at exception vector 49 too large)

.vector_50      0x000000009fc01840        0x8
 *(.vector_50)
 .vector_50     0x000000009fc01840        0x8 /opt/microchip/xc32/v3.01/bin/bin/../../lib/gcc/pic32mx/8.3.1/../../../../pic32mx/lib/libpic32.a(vector50.o)
                0x000000009fc01840                __vector_dispatch_50
                0x0000000000000001                ASSERT (((_vector_spacing == 0x0) || (SIZEOF (.vector_50) <= (_vector_spacing << 0x5))), function at exception vector 50 too large)

.vector_51      0x000000009fc01860        0x8
 *(.vector_51)
 .vector_51     0x000000009fc01860        0x8 /opt/microchip/xc32/v3.01/bin/bin/../../lib/gcc/pic32mx/8.3.1/../../../../pic32mx/lib/libpic32.a(vector51.o)
                0x000000009fc01860                __vector_dispatch_51
                0x0000000000000001                ASSERT (((_vector_spacing == 0x0) || (SIZEOF (.vector_51) <= (_vector_spacing << 0x5))), function at exception vector 51 too large)

.vector_52      0x000000009fc01880        0x0
 *(.vector_52)
                0x0000000000000001                ASSERT (((_vector_spacing == 0x0) || (SIZEOF (.vector_52) <= (_vector_spacing << 0x5))), function at exception vector 52 too large)

.vector_53      0x000000009fc018a0        0x0
 *(.vector_53)
                0x0000000000000001                ASSERT (((_vector_spacing == 0x0) || (SIZEOF (.vector_53) <= (_vector_spacing << 0x5))), function at exception vector 53 too large)

.vector_54      0x000000009fc018c0        0x0
 *(.vector_54)
                0x0000000000000001                ASSERT (((_vector_spacing == 0x0) || (SIZEOF (.vector_54) <= (_vector_spacing << 0x5))), function at exception vector 54 too large)

.vector_55      0x000000009fc018e0        0x0
 *(.vector_55)
                0x0000000000000001                ASSERT (((_vector_spacing == 0x0) || (SIZEOF (.vector_55) <= (_vector_spacing << 0x5))), function at exception vector 55 too large)

.vector_56      0x000000009fc01900        0x0
 *(.vector_56)
                0x0000000000000001                ASSERT (((_vector_spacing == 0x0) || (SIZEOF (.vector_56) <= (_vector_spacing << 0x5))), function at exception vector 56 too large)

.vector_57      0x000000009fc01920        0x0
 *(.vector_57)
                0x0000000000000001                ASSERT (((_vector_spacing == 0x0) || (SIZEOF (.vector_57) <= (_vector_spacing << 0x5))), function at exception vector 57 too large)

.vector_58      0x000000009fc01940        0x0
 *(.vector_58)
                0x0000000000000001                ASSERT (((_vector_spacing == 0x0) || (SIZEOF (.vector_58) <= (_vector_spacing << 0x5))), function at exception vector 58 too large)

.vector_59      0x000000009fc01960        0x0
 *(.vector_59)
                0x0000000000000001                ASSERT (((_vector_spacing == 0x0) || (SIZEOF (.vector_59) <= (_vector_spacing << 0x5))), function at exception vector 59 too large)

.vector_60      0x000000009fc01980        0x0
 *(.vector_60)
                0x0000000000000001                ASSERT (((_vector_spacing == 0x0) || (SIZEOF (.vector_60) <= (_vector_spacing << 0x5))), function at exception vector 60 too large)

.vector_61      0x000000009fc019a0        0x0
 *(.vector_61)
                0x0000000000000001                ASSERT (((_vector_spacing == 0x0) || (SIZEOF (.vector_61) <= (_vector_spacing << 0x5))), function at exception vector 61 too large)

.vector_62      0x000000009fc019c0        0x0
 *(.vector_62)
                0x0000000000000001                ASSERT (((_vector_spacing == 0x0) || (SIZEOF (.vector_62) <= (_vector_spacing << 0x5))), function at exception vector 62 too large)

.vector_63      0x000000009fc019e0        0x0
 *(.vector_63)
                0x0000000000000001                ASSERT (((_vector_spacing == 0x0) || (SIZEOF (.vector_63) <= (_vector_spacing << 0x5))), function at exception vector 63 too large)

.startup
 *(.startup)

.text           0x000000009d000000        0x0
 *(.stub .gnu.linkonce.t.*)
 *(.text.*personality*)
 *(.mips16.fn.*)
 *(.mips16.call.*)
 *(.gnu.warning)
                0x000000009d000000                . = ALIGN (0x4)

.init           0x000000009d000000        0x0
 *crti.o(.init)
 *crtbegin.o(.init)
 *(EXCLUDE_FILE(*crtn.o *crtend?.o *crtend.o) .init)
 *crtend.o(.init)
 *crtn.o(.init)
                0x000000009d000000                . = ALIGN (0x4)

.fini           0x000000009d000000        0x0
 *(.fini)
                0x000000009d000000                . = ALIGN (0x4)

.preinit_array  0x000000009d000000        0x0
                [!provide]                        PROVIDE (__preinit_array_start = .)
 *(.preinit_array)
                [!provide]                        PROVIDE (__preinit_array_end = .)
                0x000000009d000000                . = ALIGN (0x4)

.init_array     0x000000009d000000        0x0
                [!provide]                        PROVIDE (__init_array_start = .)
 *(SORT_BY_NAME(.init_array.*))
 *(.init_array)
                [!provide]                        PROVIDE (__init_array_end = .)
                0x000000009d000000                . = ALIGN (0x4)

.fini_array     0x000000009d000000        0x0
                [!provide]                        PROVIDE (__fini_array_start = .)
 *(SORT_BY_NAME(.fini_array.*))
 *(.fini_array)
                [!provide]                        PROVIDE (__fini_array_end = .)
                0x000000009d000000                . = ALIGN (0x4)

.ctors          0x000000009d000000        0x0
 *crtbegin.o(.ctors)
 *crtbegin?.o(.ctors)
 *(EXCLUDE_FILE(*crtend?.o *crtend.o) .ctors)
 *(SORT_BY_NAME(.ctors.*))
 *(.ctors)
                0x000000009d000000                . = ALIGN (0x4)

.dtors          0x000000009d000000        0x0
 *crtbegin.o(.dtors)
 *crtbegin?.o(.dtors)
 *(EXCLUDE_FILE(*crtend?.o *crtend.o) .dtors)
 *(SORT_BY_NAME(.dtors.*))
 *(.dtors)
                0x000000009d000000                . = ALIGN (0x4)

.rodata         0x000000009d000000        0x0
 *(.gnu.linkonce.r.*)
 *(.rodata1)
                0x000000009d000000                . = ALIGN (0x4)

.sdata2         0x000000009d000000        0x0
 *(.sdata2 .sdata2.* .gnu.linkonce.s2.*)
                0x000000009d000000                . = ALIGN (0x4)

.sbss2          0x000000009d000000        0x0
 *(.sbss2 .sbss2.* .gnu.linkonce.sb2.*)
                0x000000009d000000                . = ALIGN (0x4)

.eh_frame_hdr
 *(.eh_frame_hdr)
                0x000000009d000000                . = ALIGN (0x4)

.eh_frame
 *(.eh_frame)
                0x000000009d000000                . = ALIGN (0x4)

.gcc_except_table
 *(.gcc_except_table .gcc_except_table.*)
                0x000000009d000000                . = ALIGN (0x4)

.dbg_data       0x00000000a0000000        0x0
                0x00000000a0000000                . = (. + DEFINED (_DEBUGGER)?0x200:0x0)

.jcr            0x00000000a0000000        0x0
 *(.jcr)
                0x00000000a0000000                . = ALIGN (0x4)

.eh_frame
 *(.eh_frame)
                0x00000000a0000000                . = ALIGN (0x4)

.gcc_except_table
 *(.gcc_except_table .gcc_except_table.*)
                0x00000000a0000000                . = ALIGN (0x4)

.persist        0x00000000a0000000        0x0
                0x00000000a0000000                _persist_begin = .
 *(.persist .persist.*)
                0x00000000a0000000                . = ALIGN (0x4)
                0x00000000a0000000                _persist_end = .

.data           0x00000000a0000000        0x0
 *(.gnu.linkonce.d.*)
 *(.data1)
                0x00000000a0000000                . = ALIGN (0x4)
                0x00000000a0000000                . = .
                0x00000000a0007ff0                _gp = (ALIGN (0x10) + 0x7ff0)

.got            0x00000000a0000000        0x0
 *(.got.plt)
 *(.got)
                0x00000000a0000000                . = ALIGN (0x4)

.sdata          0x00000000a0000000        0xc
                0x00000000a0000000                _sdata_begin = .
 *(.sdata .sdata.* .gnu.linkonce.s.*)
 .sdata         0x00000000a0000000        0x4 build/USB-II_STARTER_KIT/production/_ext/332309696/port.o
                0x00000000a0000000                uxInterruptNesting
 .sdata         0x00000000a0000004        0x4 build/USB-II_STARTER_KIT/production/_ext/1472/libtman.o
                0x00000000a0000004                current_tick
 .sdata         0x00000000a0000008        0x4 /opt/microchip/xc32/v3.01/bin/bin/../../lib/gcc/pic32mx/8.3.1/../../../../pic32mx/lib/libpic32.a(xc32_uart.o)
                0x00000000a0000008                __XC_UART
                0x00000000a000000c                . = ALIGN (0x4)
                0x00000000a000000c                _sdata_end = .

.lit8
 *(.lit8)

.lit4
 *(.lit4)
                0x00000000a000000c                . = ALIGN (0x4)
                0x00000000a000000c                _data_end = .
                0x00000000a000000c                _bss_begin = .

.sbss           0x00000000a000000c       0x78
                0x00000000a000000c                _sbss_begin = .
 *(.dynsbss)
 *(.sbss .sbss.* .gnu.linkonce.sb.*)
 .sbss          0x00000000a000000c        0x4 build/USB-II_STARTER_KIT/production/_ext/332309696/port.o
                0x00000000a000000c                uxSavedTaskStackPointer
 .sbss          0x00000000a0000010       0x3c build/USB-II_STARTER_KIT/production/_ext/449926602/tasks.o
                0x00000000a0000010                pxCurrentTCB
 .sbss          0x00000000a000004c       0x14 build/USB-II_STARTER_KIT/production/_ext/449926602/timers.o
 .sbss          0x00000000a0000060       0x20 build/USB-II_STARTER_KIT/production/_ext/1884096877/heap_4.o
 .sbss          0x00000000a0000080        0x4 build/USB-II_STARTER_KIT/production/_ext/1472/libtman.o
                0x00000000a0000080                task_list_len
 *(.scommon)
                0x00000000a0000084                _sbss_end = .
                0x00000000a0000084                . = ALIGN (0x4)

.bss            0x00000000a0000084        0x0
 *(.dynbss)
 *(COMMON)
                0x00000000a0000084                . = ALIGN ((. != 0x0)?0x4:0x1)
                0x00000000a0000084                . = ALIGN (0x4)
                0x00000000a0000084                _end = .
                0x00000000a0000084                _bss_end = .
                0x0000000000020000                _bmxdudba_address = LENGTH (kseg1_data_mem)
                0x0000000000020000                _bmxdupba_address = LENGTH (kseg1_data_mem)

/DISCARD/
 *(.pdr)
 *(.rel.dyn)
 *(.note.GNU-stack)
 *(.note.GNU-stack)
 *(.gnu_debuglink)
 *(.gnu.lto_*)
 *(.discard)

.gptab.sdata
 *(.gptab.data)
 *(.gptab.sdata)

.gptab.sbss
 *(.gptab.bss)
 *(.gptab.sbss)

.mdebug.abi32   0x0000000000000000        0x0
 *(.mdebug.abi32)
 .mdebug.abi32  0x0000000000000000        0x0 build/USB-II_STARTER_KIT/production/_ext/332309696/port.o
 .mdebug.abi32  0x0000000000000000        0x0 build/USB-II_STARTER_KIT/production/_ext/449926602/queue.o
 .mdebug.abi32  0x0000000000000000        0x0 build/USB-II_STARTER_KIT/production/_ext/449926602/tasks.o
 .mdebug.abi32  0x0000000000000000        0x0 build/USB-II_STARTER_KIT/production/_ext/449926602/list.o
 .mdebug.abi32  0x0000000000000000        0x0 build/USB-II_STARTER_KIT/production/_ext/449926602/timers.o
 .mdebug.abi32  0x0000000000000000        0x0 build/USB-II_STARTER_KIT/production/_ext/1884096877/heap_4.o
 .mdebug.abi32  0x0000000000000000        0x0 build/USB-II_STARTER_KIT/production/_ext/1472/main.o
 .mdebug.abi32  0x0000000000000000        0x0 build/USB-II_STARTER_KIT/production/_ext/1472/ConfigPerformance.o
 .mdebug.abi32  0x0000000000000000        0x0 build/USB-II_STARTER_KIT/production/_ext/1852901230/uart.o
 .mdebug.abi32  0x0000000000000000        0x0 build/USB-II_STARTER_KIT/production/_ext/1472/libtman.o
 .mdebug.abi32  0x0000000000000000        0x0 build/USB-II_STARTER_KIT/production/_ext/1472/mainSOTR_TMAN.o
 .mdebug.abi32  0x0000000000000000        0x0 /opt/microchip/xc32/v3.01/bin/bin/../../lib/gcc/pic32mx/8.3.1/../../../../pic32mx/lib/libpic32.a(default-bootstrap-exception-handler.o)
 .mdebug.abi32  0x0000000000000000        0x0 /opt/microchip/xc32/v3.01/bin/bin/../../lib/gcc/pic32mx/8.3.1/../../../../pic32mx/lib/libpic32.a(default-on-reset.o)
 .mdebug.abi32  0x0000000000000000        0x0 /opt/microchip/xc32/v3.01/bin/bin/../../lib/gcc/pic32mx/8.3.1/../../../../pic32mx/lib/libpic32.a(default-on-bootstrap.o)
 .mdebug.abi32  0x0000000000000000        0x0 /opt/microchip/xc32/v3.01/bin/bin/../../lib/gcc/pic32mx/8.3.1/../../../../pic32mx/lib/libpic32.a(xc32_uart.o)
 .mdebug.abi32  0x0000000000000000        0x0 /opt/microchip/xc32/v3.01/bin/bin/../../lib/gcc/pic32mx/8.3.1/../../../../pic32mx/lib/libpic32.a(defaultinterrupt.o)
 .mdebug.abi32  0x0000000000000000        0x0 /opt/microchip/xc32/v3.01/bin/bin/../../lib/gcc/pic32mx/8.3.1/../../../../pic32mx/lib/libc.a(puts.o)
 .mdebug.abi32  0x0000000000000000        0x0 /opt/microchip/xc32/v3.01/bin/bin/../../lib/gcc/pic32mx/8.3.1/../../../../pic32mx/lib/libc.a(printf_s.eo)
 .mdebug.abi32  0x0000000000000000        0x0 /opt/microchip/xc32/v3.01/bin/bin/../../lib/gcc/pic32mx/8.3.1/../../../../pic32mx/lib/libc.a(sprintf_cdnopuxX.eo)
 .mdebug.abi32  0x0000000000000000        0x0 /opt/microchip/xc32/v3.01/bin/bin/../../lib/gcc/pic32mx/8.3.1/../../../../pic32mx/lib/libc.a(_iob.o)
 .mdebug.abi32  0x0000000000000000        0x0 /opt/microchip/xc32/v3.01/bin/bin/../../lib/gcc/pic32mx/8.3.1/../../../../pic32mx/lib/libc.a(_fputc_simple.o)
 .mdebug.abi32  0x0000000000000000        0x0 /opt/microchip/xc32/v3.01/bin/bin/../../lib/gcc/pic32mx/8.3.1/../../../../pic32mx/lib/libc.a(doprnt_cdnopuxX.eo)
 .mdebug.abi32  0x0000000000000000        0x0 /opt/microchip/xc32/v3.01/bin/bin/../../lib/gcc/pic32mx/8.3.1/../../../../pic32mx/lib/libc.a(doprnt_s.eo)
 .mdebug.abi32  0x0000000000000000        0x0 /opt/microchip/xc32/v3.01/bin/bin/../../lib/gcc/pic32mx/8.3.1/../../../../pic32mx/lib/libc.a(_flsbuf_simple.o)
 .mdebug.abi32  0x0000000000000000        0x0 /opt/microchip/xc32/v3.01/bin/bin/../../lib/gcc/pic32mx/8.3.1/../../../../pic32mx/lib/libc.a(ctype.o)
 .mdebug.abi32  0x0000000000000000        0x0 /opt/microchip/xc32/v3.01/bin/bin/../../lib/gcc/pic32mx/8.3.1/libgcc.a(_lshrdi3.o)
 .mdebug.abi32  0x0000000000000000        0x0 /opt/microchip/xc32/v3.01/bin/bin/../../lib/gcc/pic32mx/8.3.1/libgcc.a(_udivdi3.o)
 .mdebug.abi32  0x0000000000000000        0x0 /opt/microchip/xc32/v3.01/bin/bin/../../lib/gcc/pic32mx/8.3.1/libgcc.a(_umoddi3.o)
 .mdebug.abi32  0x0000000000000000        0x0 /opt/microchip/xc32/v3.01/bin/bin/../../lib/gcc/pic32mx/8.3.1/../../../../pic32mx/lib/libpic32.a(write.o)
 .mdebug.abi32  0x0000000000000000        0x0 /opt/microchip/xc32/v3.01/bin/bin/../../lib/gcc/pic32mx/8.3.1/../../../../pic32mx/lib/libpic32.a(_mon_putc.o)

.mdebug.abiN32
 *(.mdebug.abiN32)

.mdebug.abi64
 *(.mdebug.abi64)

.mdebug.abiO64
 *(.mdebug.abiO64)

.mdebug.eabi32
 *(.mdebug.eabi32)

.mdebug.eabi64
 *(.mdebug.eabi64)

.gcc_compiled_long32
 *(.gcc_compiled_long32)

.gcc_compiled_long64
 *(.gcc_compiled_long64)

.stab
 *(.stab)

.stabstr
 *(.stabstr)

.stab.excl
 *(.stab.excl)

.stab.exclstr
 *(.stab.exclstr)

.stab.index
 *(.stab.index)

.stab.indexstr
 *(.stab.indexstr)

.comment        0x0000000000000000       0xea
 *(.comment)
 .comment       0x0000000000000000       0x53 build/USB-II_STARTER_KIT/production/_ext/332309696/port.o
                                         0x54 (size before relaxing)
 .comment       0x0000000000000053       0x54 build/USB-II_STARTER_KIT/production/_ext/449926602/queue.o
 .comment       0x0000000000000053       0x54 build/USB-II_STARTER_KIT/production/_ext/449926602/tasks.o
 .comment       0x0000000000000053       0x54 build/USB-II_STARTER_KIT/production/_ext/449926602/list.o
 .comment       0x0000000000000053       0x54 build/USB-II_STARTER_KIT/production/_ext/449926602/timers.o
 .comment       0x0000000000000053       0x54 build/USB-II_STARTER_KIT/production/_ext/1884096877/heap_4.o
 .comment       0x0000000000000053       0x54 build/USB-II_STARTER_KIT/production/_ext/1472/main.o
 .comment       0x0000000000000053       0x54 build/USB-II_STARTER_KIT/production/_ext/1472/ConfigPerformance.o
 .comment       0x0000000000000053       0x54 build/USB-II_STARTER_KIT/production/_ext/1852901230/uart.o
 .comment       0x0000000000000053       0x54 build/USB-II_STARTER_KIT/production/_ext/1472/libtman.o
 .comment       0x0000000000000053       0x54 build/USB-II_STARTER_KIT/production/_ext/1472/mainSOTR_TMAN.o
 .comment       0x0000000000000053       0x18 /opt/microchip/xc32/v3.01/bin/bin/../../lib/gcc/pic32mx/8.3.1/../../../../pic32mx/lib/libpic32.a(memcmp.o)
                                         0x19 (size before relaxing)
 .comment       0x000000000000006b       0x18 /opt/microchip/xc32/v3.01/bin/bin/../../lib/gcc/pic32mx/8.3.1/../../../../pic32mx/lib/libpic32.a(memset.o)
                                         0x19 (size before relaxing)
 .comment       0x0000000000000083       0x19 /opt/microchip/xc32/v3.01/bin/bin/../../lib/gcc/pic32mx/8.3.1/../../../../pic32mx/lib/libpic32.a(strlen.o)
                                         0x1a (size before relaxing)
 .comment       0x000000000000009c       0x54 /opt/microchip/xc32/v3.01/bin/bin/../../lib/gcc/pic32mx/8.3.1/../../../../pic32mx/lib/libpic32.a(default-bootstrap-exception-handler.o)
 .comment       0x000000000000009c       0x54 /opt/microchip/xc32/v3.01/bin/bin/../../lib/gcc/pic32mx/8.3.1/../../../../pic32mx/lib/libpic32.a(default-on-reset.o)
 .comment       0x000000000000009c       0x54 /opt/microchip/xc32/v3.01/bin/bin/../../lib/gcc/pic32mx/8.3.1/../../../../pic32mx/lib/libpic32.a(default-on-bootstrap.o)
 .comment       0x000000000000009c       0x54 /opt/microchip/xc32/v3.01/bin/bin/../../lib/gcc/pic32mx/8.3.1/../../../../pic32mx/lib/libpic32.a(xc32_uart.o)
 .comment       0x000000000000009c       0x54 /opt/microchip/xc32/v3.01/bin/bin/../../lib/gcc/pic32mx/8.3.1/../../../../pic32mx/lib/libpic32.a(defaultinterrupt.o)
 .comment       0x000000000000009c       0x54 /opt/microchip/xc32/v3.01/bin/bin/../../lib/gcc/pic32mx/8.3.1/../../../../pic32mx/lib/libc.a(puts.o)
 .comment       0x000000000000009c       0x54 /opt/microchip/xc32/v3.01/bin/bin/../../lib/gcc/pic32mx/8.3.1/../../../../pic32mx/lib/libc.a(printf_s.eo)
 .comment       0x000000000000009c       0x54 /opt/microchip/xc32/v3.01/bin/bin/../../lib/gcc/pic32mx/8.3.1/../../../../pic32mx/lib/libc.a(sprintf_cdnopuxX.eo)
 .comment       0x000000000000009c       0x54 /opt/microchip/xc32/v3.01/bin/bin/../../lib/gcc/pic32mx/8.3.1/../../../../pic32mx/lib/libc.a(_iob.o)
 .comment       0x000000000000009c       0x54 /opt/microchip/xc32/v3.01/bin/bin/../../lib/gcc/pic32mx/8.3.1/../../../../pic32mx/lib/libc.a(_fputc_simple.o)
 .comment       0x000000000000009c       0x54 /opt/microchip/xc32/v3.01/bin/bin/../../lib/gcc/pic32mx/8.3.1/../../../../pic32mx/lib/libc.a(doprnt_cdnopuxX.eo)
 .comment       0x000000000000009c       0x54 /opt/microchip/xc32/v3.01/bin/bin/../../lib/gcc/pic32mx/8.3.1/../../../../pic32mx/lib/libc.a(doprnt_s.eo)
 .comment       0x000000000000009c       0x54 /opt/microchip/xc32/v3.01/bin/bin/../../lib/gcc/pic32mx/8.3.1/../../../../pic32mx/lib/libc.a(_flsbuf_simple.o)
 .comment       0x000000000000009c       0x4e /opt/microchip/xc32/v3.01/bin/bin/../../lib/gcc/pic32mx/8.3.1/../../../../pic32mx/lib/libc.a(ctype.o)
                                         0xa2 (size before relaxing)
 .comment       0x00000000000000ea       0x54 /opt/microchip/xc32/v3.01/bin/bin/../../lib/gcc/pic32mx/8.3.1/libgcc.a(_lshrdi3.o)
 .comment       0x00000000000000ea       0x54 /opt/microchip/xc32/v3.01/bin/bin/../../lib/gcc/pic32mx/8.3.1/libgcc.a(_udivdi3.o)
 .comment       0x00000000000000ea       0x54 /opt/microchip/xc32/v3.01/bin/bin/../../lib/gcc/pic32mx/8.3.1/libgcc.a(_umoddi3.o)
 .comment       0x00000000000000ea       0x54 /opt/microchip/xc32/v3.01/bin/bin/../../lib/gcc/pic32mx/8.3.1/../../../../pic32mx/lib/libpic32.a(write.o)
 .comment       0x00000000000000ea       0x54 /opt/microchip/xc32/v3.01/bin/bin/../../lib/gcc/pic32mx/8.3.1/../../../../pic32mx/lib/libpic32.a(_mon_putc.o)

.debug
 *.elf(.debug)
 *(.debug)

.line
 *.elf(.line)
 *(.line)

.debug_srcinfo
 *.elf(.debug_srcinfo)
 *(.debug_srcinfo)

.debug_sfnames
 *.elf(.debug_sfnames)
 *(.debug_sfnames)

.debug_aranges  0x0000000000000000      0x388
 *.elf(.debug_aranges)
 *(.debug_aranges)
 .debug_aranges
                0x0000000000000000       0x20 build/USB-II_STARTER_KIT/production/_ext/332309696/port.o
 .debug_aranges
                0x0000000000000020       0x20 build/USB-II_STARTER_KIT/production/_ext/332309696/port_asm.o
 .debug_aranges
                0x0000000000000040       0x20 build/USB-II_STARTER_KIT/production/_ext/449926602/queue.o
 .debug_aranges
                0x0000000000000060       0x20 build/USB-II_STARTER_KIT/production/_ext/449926602/tasks.o
 .debug_aranges
                0x0000000000000080       0x20 build/USB-II_STARTER_KIT/production/_ext/449926602/list.o
 .debug_aranges
                0x00000000000000a0       0x20 build/USB-II_STARTER_KIT/production/_ext/449926602/timers.o
 .debug_aranges
                0x00000000000000c0       0x20 build/USB-II_STARTER_KIT/production/_ext/1884096877/heap_4.o
 .debug_aranges
                0x00000000000000e0       0x20 build/USB-II_STARTER_KIT/production/_ext/1472/main.o
 .debug_aranges
                0x0000000000000100       0x20 build/USB-II_STARTER_KIT/production/_ext/1472/ConfigPerformance.o
 .debug_aranges
                0x0000000000000120       0x20 build/USB-II_STARTER_KIT/production/_ext/1852901230/uart.o
 .debug_aranges
                0x0000000000000140       0x20 build/USB-II_STARTER_KIT/production/_ext/1472/libtman.o
 .debug_aranges
                0x0000000000000160       0x20 build/USB-II_STARTER_KIT/production/_ext/1472/mainSOTR_TMAN.o
 .debug_aranges
                0x0000000000000180       0x20 /opt/microchip/xc32/v3.01/bin/bin/../../lib/gcc/pic32mx/8.3.1/../../../../pic32mx/lib/libpic32.a(default-bootstrap-exception-handler.o)
 .debug_aranges
                0x00000000000001a0       0x20 /opt/microchip/xc32/v3.01/bin/bin/../../lib/gcc/pic32mx/8.3.1/../../../../pic32mx/lib/libpic32.a(default-on-reset.o)
 .debug_aranges
                0x00000000000001c0       0x20 /opt/microchip/xc32/v3.01/bin/bin/../../lib/gcc/pic32mx/8.3.1/../../../../pic32mx/lib/libpic32.a(default-on-bootstrap.o)
 .debug_aranges
                0x00000000000001e0       0x20 /opt/microchip/xc32/v3.01/bin/bin/../../lib/gcc/pic32mx/8.3.1/../../../../pic32mx/lib/libpic32.a(defaultinterrupt.o)
 .debug_aranges
                0x0000000000000200       0x28 /opt/microchip/xc32/v3.01/bin/bin/../../lib/gcc/pic32mx/8.3.1/../../../../pic32mx/lib/libc.a(puts.o)
 .debug_aranges
                0x0000000000000228       0x20 /opt/microchip/xc32/v3.01/bin/bin/../../lib/gcc/pic32mx/8.3.1/../../../../pic32mx/lib/libc.a(printf_s.eo)
 .debug_aranges
                0x0000000000000248       0x20 /opt/microchip/xc32/v3.01/bin/bin/../../lib/gcc/pic32mx/8.3.1/../../../../pic32mx/lib/libc.a(sprintf_cdnopuxX.eo)
 .debug_aranges
                0x0000000000000268       0x20 /opt/microchip/xc32/v3.01/bin/bin/../../lib/gcc/pic32mx/8.3.1/../../../../pic32mx/lib/libc.a(_fputc_simple.o)
 .debug_aranges
                0x0000000000000288       0x20 /opt/microchip/xc32/v3.01/bin/bin/../../lib/gcc/pic32mx/8.3.1/../../../../pic32mx/lib/libc.a(doprnt_cdnopuxX.eo)
 .debug_aranges
                0x00000000000002a8       0x20 /opt/microchip/xc32/v3.01/bin/bin/../../lib/gcc/pic32mx/8.3.1/../../../../pic32mx/lib/libc.a(doprnt_s.eo)
 .debug_aranges
                0x00000000000002c8       0x20 /opt/microchip/xc32/v3.01/bin/bin/../../lib/gcc/pic32mx/8.3.1/../../../../pic32mx/lib/libc.a(_flsbuf_simple.o)
 .debug_aranges
                0x00000000000002e8       0x20 /opt/microchip/xc32/v3.01/bin/bin/../../lib/gcc/pic32mx/8.3.1/libgcc.a(_lshrdi3.o)
 .debug_aranges
                0x0000000000000308       0x20 /opt/microchip/xc32/v3.01/bin/bin/../../lib/gcc/pic32mx/8.3.1/libgcc.a(_udivdi3.o)
 .debug_aranges
                0x0000000000000328       0x20 /opt/microchip/xc32/v3.01/bin/bin/../../lib/gcc/pic32mx/8.3.1/libgcc.a(_umoddi3.o)
 .debug_aranges
                0x0000000000000348       0x20 /opt/microchip/xc32/v3.01/bin/bin/../../lib/gcc/pic32mx/8.3.1/../../../../pic32mx/lib/libpic32.a(write.o)
 .debug_aranges
                0x0000000000000368       0x20 /opt/microchip/xc32/v3.01/bin/bin/../../lib/gcc/pic32mx/8.3.1/../../../../pic32mx/lib/libpic32.a(_mon_putc.o)

.debug_pubnames
 *.elf(.debug_pubnames)
 *(.debug_pubnames)

.debug_info     0x0000000000000000   0x22f715
 *.elf(.debug_info .gnu.linkonce.wi.*)
 *(.debug_info .gnu.linkonce.wi.*)
 .debug_info    0x0000000000000000    0x326c9 build/USB-II_STARTER_KIT/production/_ext/332309696/port.o
 .debug_info    0x00000000000326c9       0x26 build/USB-II_STARTER_KIT/production/_ext/332309696/port_asm.o
 .debug_info    0x00000000000326ef    0x33490 build/USB-II_STARTER_KIT/production/_ext/449926602/queue.o
 .debug_info    0x0000000000065b7f    0x342b1 build/USB-II_STARTER_KIT/production/_ext/449926602/tasks.o
 .debug_info    0x0000000000099e30    0x326b6 build/USB-II_STARTER_KIT/production/_ext/449926602/list.o
 .debug_info    0x00000000000cc4e6    0x32ebb build/USB-II_STARTER_KIT/production/_ext/449926602/timers.o
 .debug_info    0x00000000000ff3a1    0x3282a build/USB-II_STARTER_KIT/production/_ext/1884096877/heap_4.o
 .debug_info    0x0000000000131bcb    0x32606 build/USB-II_STARTER_KIT/production/_ext/1472/main.o
 .debug_info    0x00000000001641d1    0x32591 build/USB-II_STARTER_KIT/production/_ext/1472/ConfigPerformance.o
 .debug_info    0x0000000000196762    0x32544 build/USB-II_STARTER_KIT/production/_ext/1852901230/uart.o
 .debug_info    0x00000000001c8ca6    0x32a05 build/USB-II_STARTER_KIT/production/_ext/1472/libtman.o
 .debug_info    0x00000000001fb6ab    0x328ad build/USB-II_STARTER_KIT/production/_ext/1472/mainSOTR_TMAN.o
 .debug_info    0x000000000022df58       0x41 /opt/microchip/xc32/v3.01/bin/bin/../../lib/gcc/pic32mx/8.3.1/../../../../pic32mx/lib/libpic32.a(default-bootstrap-exception-handler.o)
 .debug_info    0x000000000022df99       0x3f /opt/microchip/xc32/v3.01/bin/bin/../../lib/gcc/pic32mx/8.3.1/../../../../pic32mx/lib/libpic32.a(default-on-reset.o)
 .debug_info    0x000000000022dfd8       0x3f /opt/microchip/xc32/v3.01/bin/bin/../../lib/gcc/pic32mx/8.3.1/../../../../pic32mx/lib/libpic32.a(default-on-bootstrap.o)
 .debug_info    0x000000000022e017       0x40 /opt/microchip/xc32/v3.01/bin/bin/../../lib/gcc/pic32mx/8.3.1/../../../../pic32mx/lib/libpic32.a(defaultinterrupt.o)
 .debug_info    0x000000000022e057       0x52 /opt/microchip/xc32/v3.01/bin/bin/../../lib/gcc/pic32mx/8.3.1/../../../../pic32mx/lib/libc.a(puts.o)
 .debug_info    0x000000000022e0a9       0x3e /opt/microchip/xc32/v3.01/bin/bin/../../lib/gcc/pic32mx/8.3.1/../../../../pic32mx/lib/libc.a(printf_s.eo)
 .debug_info    0x000000000022e0e7       0x3e /opt/microchip/xc32/v3.01/bin/bin/../../lib/gcc/pic32mx/8.3.1/../../../../pic32mx/lib/libc.a(sprintf_cdnopuxX.eo)
 .debug_info    0x000000000022e125       0x48 /opt/microchip/xc32/v3.01/bin/bin/../../lib/gcc/pic32mx/8.3.1/../../../../pic32mx/lib/libc.a(_fputc_simple.o)
 .debug_info    0x000000000022e16d       0x3f /opt/microchip/xc32/v3.01/bin/bin/../../lib/gcc/pic32mx/8.3.1/../../../../pic32mx/lib/libc.a(doprnt_cdnopuxX.eo)
 .debug_info    0x000000000022e1ac       0x3f /opt/microchip/xc32/v3.01/bin/bin/../../lib/gcc/pic32mx/8.3.1/../../../../pic32mx/lib/libc.a(doprnt_s.eo)
 .debug_info    0x000000000022e1eb       0x3e /opt/microchip/xc32/v3.01/bin/bin/../../lib/gcc/pic32mx/8.3.1/../../../../pic32mx/lib/libc.a(_flsbuf_simple.o)
 .debug_info    0x000000000022e229      0x33c /opt/microchip/xc32/v3.01/bin/bin/../../lib/gcc/pic32mx/8.3.1/libgcc.a(_lshrdi3.o)
 .debug_info    0x000000000022e565      0x85c /opt/microchip/xc32/v3.01/bin/bin/../../lib/gcc/pic32mx/8.3.1/libgcc.a(_udivdi3.o)
 .debug_info    0x000000000022edc1      0x8d4 /opt/microchip/xc32/v3.01/bin/bin/../../lib/gcc/pic32mx/8.3.1/libgcc.a(_umoddi3.o)
 .debug_info    0x000000000022f695       0x40 /opt/microchip/xc32/v3.01/bin/bin/../../lib/gcc/pic32mx/8.3.1/../../../../pic32mx/lib/libpic32.a(write.o)
 .debug_info    0x000000000022f6d5       0x40 /opt/microchip/xc32/v3.01/bin/bin/../../lib/gcc/pic32mx/8.3.1/../../../../pic32mx/lib/libpic32.a(_mon_putc.o)

.debug_abbrev   0x0000000000000000     0x25ee
 *.elf(.debug_abbrev)
 *(.debug_abbrev)
 .debug_abbrev  0x0000000000000000      0x351 build/USB-II_STARTER_KIT/production/_ext/332309696/port.o
 .debug_abbrev  0x0000000000000351       0x14 build/USB-II_STARTER_KIT/production/_ext/332309696/port_asm.o
 .debug_abbrev  0x0000000000000365      0x2c4 build/USB-II_STARTER_KIT/production/_ext/449926602/queue.o
 .debug_abbrev  0x0000000000000629      0x3ad build/USB-II_STARTER_KIT/production/_ext/449926602/tasks.o
 .debug_abbrev  0x00000000000009d6      0x23f build/USB-II_STARTER_KIT/production/_ext/449926602/list.o
 .debug_abbrev  0x0000000000000c15      0x326 build/USB-II_STARTER_KIT/production/_ext/449926602/timers.o
 .debug_abbrev  0x0000000000000f3b      0x2dc build/USB-II_STARTER_KIT/production/_ext/1884096877/heap_4.o
 .debug_abbrev  0x0000000000001217      0x273 build/USB-II_STARTER_KIT/production/_ext/1472/main.o
 .debug_abbrev  0x000000000000148a      0x221 build/USB-II_STARTER_KIT/production/_ext/1472/ConfigPerformance.o
 .debug_abbrev  0x00000000000016ab      0x27c build/USB-II_STARTER_KIT/production/_ext/1852901230/uart.o
 .debug_abbrev  0x0000000000001927      0x2cc build/USB-II_STARTER_KIT/production/_ext/1472/libtman.o
 .debug_abbrev  0x0000000000001bf3      0x252 build/USB-II_STARTER_KIT/production/_ext/1472/mainSOTR_TMAN.o
 .debug_abbrev  0x0000000000001e45       0x31 /opt/microchip/xc32/v3.01/bin/bin/../../lib/gcc/pic32mx/8.3.1/../../../../pic32mx/lib/libpic32.a(default-bootstrap-exception-handler.o)
 .debug_abbrev  0x0000000000001e76       0x2e /opt/microchip/xc32/v3.01/bin/bin/../../lib/gcc/pic32mx/8.3.1/../../../../pic32mx/lib/libpic32.a(default-on-reset.o)
 .debug_abbrev  0x0000000000001ea4       0x2e /opt/microchip/xc32/v3.01/bin/bin/../../lib/gcc/pic32mx/8.3.1/../../../../pic32mx/lib/libpic32.a(default-on-bootstrap.o)
 .debug_abbrev  0x0000000000001ed2       0x31 /opt/microchip/xc32/v3.01/bin/bin/../../lib/gcc/pic32mx/8.3.1/../../../../pic32mx/lib/libpic32.a(defaultinterrupt.o)
 .debug_abbrev  0x0000000000001f03       0x2e /opt/microchip/xc32/v3.01/bin/bin/../../lib/gcc/pic32mx/8.3.1/../../../../pic32mx/lib/libc.a(puts.o)
 .debug_abbrev  0x0000000000001f31       0x2e /opt/microchip/xc32/v3.01/bin/bin/../../lib/gcc/pic32mx/8.3.1/../../../../pic32mx/lib/libc.a(printf_s.eo)
 .debug_abbrev  0x0000000000001f5f       0x2e /opt/microchip/xc32/v3.01/bin/bin/../../lib/gcc/pic32mx/8.3.1/../../../../pic32mx/lib/libc.a(sprintf_cdnopuxX.eo)
 .debug_abbrev  0x0000000000001f8d       0x37 /opt/microchip/xc32/v3.01/bin/bin/../../lib/gcc/pic32mx/8.3.1/../../../../pic32mx/lib/libc.a(_fputc_simple.o)
 .debug_abbrev  0x0000000000001fc4       0x2e /opt/microchip/xc32/v3.01/bin/bin/../../lib/gcc/pic32mx/8.3.1/../../../../pic32mx/lib/libc.a(doprnt_cdnopuxX.eo)
 .debug_abbrev  0x0000000000001ff2       0x2e /opt/microchip/xc32/v3.01/bin/bin/../../lib/gcc/pic32mx/8.3.1/../../../../pic32mx/lib/libc.a(doprnt_s.eo)
 .debug_abbrev  0x0000000000002020       0x2e /opt/microchip/xc32/v3.01/bin/bin/../../lib/gcc/pic32mx/8.3.1/../../../../pic32mx/lib/libc.a(_flsbuf_simple.o)
 .debug_abbrev  0x000000000000204e      0x17e /opt/microchip/xc32/v3.01/bin/bin/../../lib/gcc/pic32mx/8.3.1/libgcc.a(_lshrdi3.o)
 .debug_abbrev  0x00000000000021cc      0x1d8 /opt/microchip/xc32/v3.01/bin/bin/../../lib/gcc/pic32mx/8.3.1/libgcc.a(_udivdi3.o)
 .debug_abbrev  0x00000000000023a4      0x1ee /opt/microchip/xc32/v3.01/bin/bin/../../lib/gcc/pic32mx/8.3.1/libgcc.a(_umoddi3.o)
 .debug_abbrev  0x0000000000002592       0x2e /opt/microchip/xc32/v3.01/bin/bin/../../lib/gcc/pic32mx/8.3.1/../../../../pic32mx/lib/libpic32.a(write.o)
 .debug_abbrev  0x00000000000025c0       0x2e /opt/microchip/xc32/v3.01/bin/bin/../../lib/gcc/pic32mx/8.3.1/../../../../pic32mx/lib/libpic32.a(_mon_putc.o)

.debug_line     0x0000000000000000     0x55dd
 *.elf(.debug_line)
 *(.debug_line)
 .debug_line    0x0000000000000000      0x2d8 build/USB-II_STARTER_KIT/production/_ext/332309696/port.o
 .debug_line    0x00000000000002d8       0xe4 build/USB-II_STARTER_KIT/production/_ext/332309696/port_asm.o
 .debug_line    0x00000000000003bc      0xa1c build/USB-II_STARTER_KIT/production/_ext/449926602/queue.o
 .debug_line    0x0000000000000dd8      0xfac build/USB-II_STARTER_KIT/production/_ext/449926602/tasks.o
 .debug_line    0x0000000000001d84      0x302 build/USB-II_STARTER_KIT/production/_ext/449926602/list.o
 .debug_line    0x0000000000002086      0x5c8 build/USB-II_STARTER_KIT/production/_ext/449926602/timers.o
 .debug_line    0x000000000000264e      0x4b8 build/USB-II_STARTER_KIT/production/_ext/1884096877/heap_4.o
 .debug_line    0x0000000000002b06      0x2a6 build/USB-II_STARTER_KIT/production/_ext/1472/main.o
 .debug_line    0x0000000000002dac      0x2bc build/USB-II_STARTER_KIT/production/_ext/1472/ConfigPerformance.o
 .debug_line    0x0000000000003068      0x242 build/USB-II_STARTER_KIT/production/_ext/1852901230/uart.o
 .debug_line    0x00000000000032aa      0x49a build/USB-II_STARTER_KIT/production/_ext/1472/libtman.o
 .debug_line    0x0000000000003744      0x386 build/USB-II_STARTER_KIT/production/_ext/1472/mainSOTR_TMAN.o
 .debug_line    0x0000000000003aca       0xca /opt/microchip/xc32/v3.01/bin/bin/../../lib/gcc/pic32mx/8.3.1/../../../../pic32mx/lib/libpic32.a(default-bootstrap-exception-handler.o)
 .debug_line    0x0000000000003b94       0xa6 /opt/microchip/xc32/v3.01/bin/bin/../../lib/gcc/pic32mx/8.3.1/../../../../pic32mx/lib/libpic32.a(default-on-reset.o)
 .debug_line    0x0000000000003c3a       0xaa /opt/microchip/xc32/v3.01/bin/bin/../../lib/gcc/pic32mx/8.3.1/../../../../pic32mx/lib/libpic32.a(default-on-bootstrap.o)
 .debug_line    0x0000000000003ce4        0x0 /opt/microchip/xc32/v3.01/bin/bin/../../lib/gcc/pic32mx/8.3.1/../../../../pic32mx/lib/libpic32.a(xc32_uart.o)
 .debug_line    0x0000000000003ce4       0xc9 /opt/microchip/xc32/v3.01/bin/bin/../../lib/gcc/pic32mx/8.3.1/../../../../pic32mx/lib/libpic32.a(defaultinterrupt.o)
 .debug_line    0x0000000000003dad       0xc3 /opt/microchip/xc32/v3.01/bin/bin/../../lib/gcc/pic32mx/8.3.1/../../../../pic32mx/lib/libc.a(puts.o)
 .debug_line    0x0000000000003e70       0xa8 /opt/microchip/xc32/v3.01/bin/bin/../../lib/gcc/pic32mx/8.3.1/../../../../pic32mx/lib/libc.a(printf_s.eo)
 .debug_line    0x0000000000003f18       0xc3 /opt/microchip/xc32/v3.01/bin/bin/../../lib/gcc/pic32mx/8.3.1/../../../../pic32mx/lib/libc.a(sprintf_cdnopuxX.eo)
 .debug_line    0x0000000000003fdb        0x0 /opt/microchip/xc32/v3.01/bin/bin/../../lib/gcc/pic32mx/8.3.1/../../../../pic32mx/lib/libc.a(_iob.o)
 .debug_line    0x0000000000003fdb       0xf3 /opt/microchip/xc32/v3.01/bin/bin/../../lib/gcc/pic32mx/8.3.1/../../../../pic32mx/lib/libc.a(_fputc_simple.o)
 .debug_line    0x00000000000040ce      0x35b /opt/microchip/xc32/v3.01/bin/bin/../../lib/gcc/pic32mx/8.3.1/../../../../pic32mx/lib/libc.a(doprnt_cdnopuxX.eo)
 .debug_line    0x0000000000004429      0x2e7 /opt/microchip/xc32/v3.01/bin/bin/../../lib/gcc/pic32mx/8.3.1/../../../../pic32mx/lib/libc.a(doprnt_s.eo)
 .debug_line    0x0000000000004710       0xfb /opt/microchip/xc32/v3.01/bin/bin/../../lib/gcc/pic32mx/8.3.1/../../../../pic32mx/lib/libc.a(_flsbuf_simple.o)
 .debug_line    0x000000000000480b        0x0 /opt/microchip/xc32/v3.01/bin/bin/../../lib/gcc/pic32mx/8.3.1/../../../../pic32mx/lib/libc.a(ctype.o)
 .debug_line    0x000000000000480b      0x290 /opt/microchip/xc32/v3.01/bin/bin/../../lib/gcc/pic32mx/8.3.1/libgcc.a(_lshrdi3.o)
 .debug_line    0x0000000000004a9b      0x490 /opt/microchip/xc32/v3.01/bin/bin/../../lib/gcc/pic32mx/8.3.1/libgcc.a(_udivdi3.o)
 .debug_line    0x0000000000004f2b      0x4d9 /opt/microchip/xc32/v3.01/bin/bin/../../lib/gcc/pic32mx/8.3.1/libgcc.a(_umoddi3.o)
 .debug_line    0x0000000000005404       0xb8 /opt/microchip/xc32/v3.01/bin/bin/../../lib/gcc/pic32mx/8.3.1/../../../../pic32mx/lib/libpic32.a(write.o)
 .debug_line    0x00000000000054bc      0x121 /opt/microchip/xc32/v3.01/bin/bin/../../lib/gcc/pic32mx/8.3.1/../../../../pic32mx/lib/libpic32.a(_mon_putc.o)

.debug_frame    0x0000000000000000     0x1aa0
 *.elf(.debug_frame)
 *(.debug_frame)
 .debug_frame   0x0000000000000000      0x144 build/USB-II_STARTER_KIT/production/_ext/332309696/port.o
 .debug_frame   0x0000000000000144      0x420 build/USB-II_STARTER_KIT/production/_ext/449926602/queue.o
 .debug_frame   0x0000000000000564      0x848 build/USB-II_STARTER_KIT/production/_ext/449926602/tasks.o
 .debug_frame   0x0000000000000dac       0xb0 build/USB-II_STARTER_KIT/production/_ext/449926602/list.o
 .debug_frame   0x0000000000000e5c      0x340 build/USB-II_STARTER_KIT/production/_ext/449926602/timers.o
 .debug_frame   0x000000000000119c      0x124 build/USB-II_STARTER_KIT/production/_ext/1884096877/heap_4.o
 .debug_frame   0x00000000000012c0      0x10c build/USB-II_STARTER_KIT/production/_ext/1472/main.o
 .debug_frame   0x00000000000013cc       0xb8 build/USB-II_STARTER_KIT/production/_ext/1472/ConfigPerformance.o
 .debug_frame   0x0000000000001484       0xb8 build/USB-II_STARTER_KIT/production/_ext/1852901230/uart.o
 .debug_frame   0x000000000000153c      0x1a0 build/USB-II_STARTER_KIT/production/_ext/1472/libtman.o
 .debug_frame   0x00000000000016dc       0xdc build/USB-II_STARTER_KIT/production/_ext/1472/mainSOTR_TMAN.o
 .debug_frame   0x00000000000017b8       0x2c /opt/microchip/xc32/v3.01/bin/bin/../../lib/gcc/pic32mx/8.3.1/../../../../pic32mx/lib/libpic32.a(default-bootstrap-exception-handler.o)
 .debug_frame   0x00000000000017e4       0x20 /opt/microchip/xc32/v3.01/bin/bin/../../lib/gcc/pic32mx/8.3.1/../../../../pic32mx/lib/libpic32.a(default-on-reset.o)
 .debug_frame   0x0000000000001804       0x20 /opt/microchip/xc32/v3.01/bin/bin/../../lib/gcc/pic32mx/8.3.1/../../../../pic32mx/lib/libpic32.a(default-on-bootstrap.o)
 .debug_frame   0x0000000000001824       0x20 /opt/microchip/xc32/v3.01/bin/bin/../../lib/gcc/pic32mx/8.3.1/../../../../pic32mx/lib/libpic32.a(defaultinterrupt.o)
 .debug_frame   0x0000000000001844       0x50 /opt/microchip/xc32/v3.01/bin/bin/../../lib/gcc/pic32mx/8.3.1/../../../../pic32mx/lib/libc.a(puts.o)
 .debug_frame   0x0000000000001894       0x2c /opt/microchip/xc32/v3.01/bin/bin/../../lib/gcc/pic32mx/8.3.1/../../../../pic32mx/lib/libc.a(printf_s.eo)
 .debug_frame   0x00000000000018c0       0x2c /opt/microchip/xc32/v3.01/bin/bin/../../lib/gcc/pic32mx/8.3.1/../../../../pic32mx/lib/libc.a(sprintf_cdnopuxX.eo)
 .debug_frame   0x00000000000018ec       0x34 /opt/microchip/xc32/v3.01/bin/bin/../../lib/gcc/pic32mx/8.3.1/../../../../pic32mx/lib/libc.a(_fputc_simple.o)
 .debug_frame   0x0000000000001920       0x40 /opt/microchip/xc32/v3.01/bin/bin/../../lib/gcc/pic32mx/8.3.1/../../../../pic32mx/lib/libc.a(doprnt_cdnopuxX.eo)
 .debug_frame   0x0000000000001960       0x40 /opt/microchip/xc32/v3.01/bin/bin/../../lib/gcc/pic32mx/8.3.1/../../../../pic32mx/lib/libc.a(doprnt_s.eo)
 .debug_frame   0x00000000000019a0       0x30 /opt/microchip/xc32/v3.01/bin/bin/../../lib/gcc/pic32mx/8.3.1/../../../../pic32mx/lib/libc.a(_flsbuf_simple.o)
 .debug_frame   0x00000000000019d0       0x20 /opt/microchip/xc32/v3.01/bin/bin/../../lib/gcc/pic32mx/8.3.1/libgcc.a(_lshrdi3.o)
 .debug_frame   0x00000000000019f0       0x20 /opt/microchip/xc32/v3.01/bin/bin/../../lib/gcc/pic32mx/8.3.1/libgcc.a(_udivdi3.o)
 .debug_frame   0x0000000000001a10       0x20 /opt/microchip/xc32/v3.01/bin/bin/../../lib/gcc/pic32mx/8.3.1/libgcc.a(_umoddi3.o)
 .debug_frame   0x0000000000001a30       0x34 /opt/microchip/xc32/v3.01/bin/bin/../../lib/gcc/pic32mx/8.3.1/../../../../pic32mx/lib/libpic32.a(write.o)
 .debug_frame   0x0000000000001a64       0x3c /opt/microchip/xc32/v3.01/bin/bin/../../lib/gcc/pic32mx/8.3.1/../../../../pic32mx/lib/libpic32.a(_mon_putc.o)

.debug_str      0x0000000000000000    0xb706c
 *.elf(.debug_str)
 *(.debug_str)
 .debug_str     0x0000000000000000    0x101f7 build/USB-II_STARTER_KIT/production/_ext/332309696/port.o
 .debug_str     0x00000000000101f7       0x94 build/USB-II_STARTER_KIT/production/_ext/332309696/port_asm.o
 .debug_str     0x000000000001028b    0x106b0 build/USB-II_STARTER_KIT/production/_ext/449926602/queue.o
 .debug_str     0x000000000002093b    0x10e42 build/USB-II_STARTER_KIT/production/_ext/449926602/tasks.o
 .debug_str     0x000000000003177d    0x10155 build/USB-II_STARTER_KIT/production/_ext/449926602/list.o
 .debug_str     0x00000000000418d2    0x105c6 build/USB-II_STARTER_KIT/production/_ext/449926602/timers.o
 .debug_str     0x0000000000051e98    0x1031a build/USB-II_STARTER_KIT/production/_ext/1884096877/heap_4.o
 .debug_str     0x00000000000621b2    0x1010b build/USB-II_STARTER_KIT/production/_ext/1472/main.o
 .debug_str     0x00000000000722bd    0x1011a build/USB-II_STARTER_KIT/production/_ext/1472/ConfigPerformance.o
 .debug_str     0x00000000000823d7    0x1005f build/USB-II_STARTER_KIT/production/_ext/1852901230/uart.o
 .debug_str     0x0000000000092436    0x102cf build/USB-II_STARTER_KIT/production/_ext/1472/libtman.o
 .debug_str     0x00000000000a2705    0x100ad build/USB-II_STARTER_KIT/production/_ext/1472/mainSOTR_TMAN.o
 .debug_str     0x00000000000b27b2      0x3b3 /opt/microchip/xc32/v3.01/bin/bin/../../lib/gcc/pic32mx/8.3.1/../../../../pic32mx/lib/libpic32.a(default-bootstrap-exception-handler.o)
 .debug_str     0x00000000000b2b65      0x38d /opt/microchip/xc32/v3.01/bin/bin/../../lib/gcc/pic32mx/8.3.1/../../../../pic32mx/lib/libpic32.a(default-on-reset.o)
 .debug_str     0x00000000000b2ef2      0x395 /opt/microchip/xc32/v3.01/bin/bin/../../lib/gcc/pic32mx/8.3.1/../../../../pic32mx/lib/libpic32.a(default-on-bootstrap.o)
 .debug_str     0x00000000000b3287      0x37c /opt/microchip/xc32/v3.01/bin/bin/../../lib/gcc/pic32mx/8.3.1/../../../../pic32mx/lib/libpic32.a(xc32_uart.o)
 .debug_str     0x00000000000b3603      0x3a7 /opt/microchip/xc32/v3.01/bin/bin/../../lib/gcc/pic32mx/8.3.1/../../../../pic32mx/lib/libpic32.a(defaultinterrupt.o)
 .debug_str     0x00000000000b39aa      0x3b4 /opt/microchip/xc32/v3.01/bin/bin/../../lib/gcc/pic32mx/8.3.1/../../../../pic32mx/lib/libc.a(puts.o)
 .debug_str     0x00000000000b3d5e      0x3b5 /opt/microchip/xc32/v3.01/bin/bin/../../lib/gcc/pic32mx/8.3.1/../../../../pic32mx/lib/libc.a(printf_s.eo)
 .debug_str     0x00000000000b4113      0x3be /opt/microchip/xc32/v3.01/bin/bin/../../lib/gcc/pic32mx/8.3.1/../../../../pic32mx/lib/libc.a(sprintf_cdnopuxX.eo)
 .debug_str     0x00000000000b44d1      0x3a9 /opt/microchip/xc32/v3.01/bin/bin/../../lib/gcc/pic32mx/8.3.1/../../../../pic32mx/lib/libc.a(_iob.o)
 .debug_str     0x00000000000b487a      0x3b0 /opt/microchip/xc32/v3.01/bin/bin/../../lib/gcc/pic32mx/8.3.1/../../../../pic32mx/lib/libc.a(_fputc_simple.o)
 .debug_str     0x00000000000b4c2a      0x3be /opt/microchip/xc32/v3.01/bin/bin/../../lib/gcc/pic32mx/8.3.1/../../../../pic32mx/lib/libc.a(doprnt_cdnopuxX.eo)
 .debug_str     0x00000000000b4fe8      0x3b7 /opt/microchip/xc32/v3.01/bin/bin/../../lib/gcc/pic32mx/8.3.1/../../../../pic32mx/lib/libc.a(doprnt_s.eo)
 .debug_str     0x00000000000b539f      0x3b3 /opt/microchip/xc32/v3.01/bin/bin/../../lib/gcc/pic32mx/8.3.1/../../../../pic32mx/lib/libc.a(_flsbuf_simple.o)
 .debug_str     0x00000000000b5752      0x3aa /opt/microchip/xc32/v3.01/bin/bin/../../lib/gcc/pic32mx/8.3.1/../../../../pic32mx/lib/libc.a(ctype.o)
 .debug_str     0x00000000000b5afc      0x4a6 /opt/microchip/xc32/v3.01/bin/bin/../../lib/gcc/pic32mx/8.3.1/libgcc.a(_lshrdi3.o)
 .debug_str     0x00000000000b5fa2      0x4e3 /opt/microchip/xc32/v3.01/bin/bin/../../lib/gcc/pic32mx/8.3.1/libgcc.a(_udivdi3.o)
 .debug_str     0x00000000000b6485      0x4e3 /opt/microchip/xc32/v3.01/bin/bin/../../lib/gcc/pic32mx/8.3.1/libgcc.a(_umoddi3.o)
 .debug_str     0x00000000000b6968      0x37e /opt/microchip/xc32/v3.01/bin/bin/../../lib/gcc/pic32mx/8.3.1/../../../../pic32mx/lib/libpic32.a(write.o)
 .debug_str     0x00000000000b6ce6      0x386 /opt/microchip/xc32/v3.01/bin/bin/../../lib/gcc/pic32mx/8.3.1/../../../../pic32mx/lib/libpic32.a(_mon_putc.o)

.debug_loc      0x0000000000000000     0x15ed
 *.elf(.debug_loc)
 *(.debug_loc)
 .debug_loc     0x0000000000000000       0x2c /opt/microchip/xc32/v3.01/bin/bin/../../lib/gcc/pic32mx/8.3.1/../../../../pic32mx/lib/libpic32.a(default-bootstrap-exception-handler.o)
 .debug_loc     0x000000000000002c       0x99 /opt/microchip/xc32/v3.01/bin/bin/../../lib/gcc/pic32mx/8.3.1/libgcc.a(_lshrdi3.o)
 .debug_loc     0x00000000000000c5      0xb5b /opt/microchip/xc32/v3.01/bin/bin/../../lib/gcc/pic32mx/8.3.1/libgcc.a(_udivdi3.o)
 .debug_loc     0x0000000000000c20      0x969 /opt/microchip/xc32/v3.01/bin/bin/../../lib/gcc/pic32mx/8.3.1/libgcc.a(_umoddi3.o)
 .debug_loc     0x0000000000001589       0x20 /opt/microchip/xc32/v3.01/bin/bin/../../lib/gcc/pic32mx/8.3.1/../../../../pic32mx/lib/libpic32.a(write.o)
 .debug_loc     0x00000000000015a9       0x44 /opt/microchip/xc32/v3.01/bin/bin/../../lib/gcc/pic32mx/8.3.1/../../../../pic32mx/lib/libpic32.a(_mon_putc.o)

.debug_macinfo
 *.elf(.debug_macinfo)
 *(.debug_macinfo)

.debug_weaknames
 *.elf(.debug_weaknames)
 *(.debug_weaknames)

.debug_funcnames
 *.elf(.debug_funcnames)
 *(.debug_funcnames)

.debug_typenames
 *.elf(.debug_typenames)
 *(.debug_typenames)

.debug_varnames
 *.elf(.debug_varnames)
 *(.debug_varnames)

.debug_pubtypes
 *.elf(.debug_pubtypes)
 *(.debug_pubtypes)

.debug_ranges   0x0000000000000000      0x248
 *.elf(.debug_ranges)
 *(.debug_ranges)
 .debug_ranges  0x0000000000000000       0x10 /opt/microchip/xc32/v3.01/bin/bin/../../lib/gcc/pic32mx/8.3.1/../../../../pic32mx/lib/libpic32.a(default-bootstrap-exception-handler.o)
 .debug_ranges  0x0000000000000010       0x10 /opt/microchip/xc32/v3.01/bin/bin/../../lib/gcc/pic32mx/8.3.1/../../../../pic32mx/lib/libpic32.a(default-on-reset.o)
 .debug_ranges  0x0000000000000020       0x10 /opt/microchip/xc32/v3.01/bin/bin/../../lib/gcc/pic32mx/8.3.1/../../../../pic32mx/lib/libpic32.a(default-on-bootstrap.o)
 .debug_ranges  0x0000000000000030       0x10 /opt/microchip/xc32/v3.01/bin/bin/../../lib/gcc/pic32mx/8.3.1/../../../../pic32mx/lib/libpic32.a(defaultinterrupt.o)
 .debug_ranges  0x0000000000000040       0x18 /opt/microchip/xc32/v3.01/bin/bin/../../lib/gcc/pic32mx/8.3.1/../../../../pic32mx/lib/libc.a(puts.o)
 .debug_ranges  0x0000000000000058       0x10 /opt/microchip/xc32/v3.01/bin/bin/../../lib/gcc/pic32mx/8.3.1/../../../../pic32mx/lib/libc.a(printf_s.eo)
 .debug_ranges  0x0000000000000068       0x10 /opt/microchip/xc32/v3.01/bin/bin/../../lib/gcc/pic32mx/8.3.1/../../../../pic32mx/lib/libc.a(sprintf_cdnopuxX.eo)
 .debug_ranges  0x0000000000000078       0x10 /opt/microchip/xc32/v3.01/bin/bin/../../lib/gcc/pic32mx/8.3.1/../../../../pic32mx/lib/libc.a(_fputc_simple.o)
 .debug_ranges  0x0000000000000088       0x10 /opt/microchip/xc32/v3.01/bin/bin/../../lib/gcc/pic32mx/8.3.1/../../../../pic32mx/lib/libc.a(doprnt_cdnopuxX.eo)
 .debug_ranges  0x0000000000000098       0x10 /opt/microchip/xc32/v3.01/bin/bin/../../lib/gcc/pic32mx/8.3.1/../../../../pic32mx/lib/libc.a(doprnt_s.eo)
 .debug_ranges  0x00000000000000a8       0x10 /opt/microchip/xc32/v3.01/bin/bin/../../lib/gcc/pic32mx/8.3.1/../../../../pic32mx/lib/libc.a(_flsbuf_simple.o)
 .debug_ranges  0x00000000000000b8       0xd0 /opt/microchip/xc32/v3.01/bin/bin/../../lib/gcc/pic32mx/8.3.1/libgcc.a(_udivdi3.o)
 .debug_ranges  0x0000000000000188       0xa0 /opt/microchip/xc32/v3.01/bin/bin/../../lib/gcc/pic32mx/8.3.1/libgcc.a(_umoddi3.o)
 .debug_ranges  0x0000000000000228       0x10 /opt/microchip/xc32/v3.01/bin/bin/../../lib/gcc/pic32mx/8.3.1/../../../../pic32mx/lib/libpic32.a(write.o)
 .debug_ranges  0x0000000000000238       0x10 /opt/microchip/xc32/v3.01/bin/bin/../../lib/gcc/pic32mx/8.3.1/../../../../pic32mx/lib/libpic32.a(_mon_putc.o)

.gnu.attributes
                0x0000000000000000       0x10
 *(.gnu.attributes)
 .gnu.attributes
                0x0000000000000000       0x10 /opt/microchip/xc32/v3.01/bin/bin/../../lib/gcc/pic32mx/8.3.1/../../../../pic32mx/lib/debug-exception-return.o
 .gnu.attributes
                0x0000000000000010       0x10 build/USB-II_STARTER_KIT/production/_ext/332309696/port.o
 .gnu.attributes
                0x0000000000000020       0x10 build/USB-II_STARTER_KIT/production/_ext/332309696/port_asm.o
 .gnu.attributes
                0x0000000000000030       0x10 build/USB-II_STARTER_KIT/production/_ext/449926602/queue.o
 .gnu.attributes
                0x0000000000000040       0x10 build/USB-II_STARTER_KIT/production/_ext/449926602/tasks.o
 .gnu.attributes
                0x0000000000000050       0x10 build/USB-II_STARTER_KIT/production/_ext/449926602/list.o
 .gnu.attributes
                0x0000000000000060       0x10 build/USB-II_STARTER_KIT/production/_ext/449926602/timers.o
 .gnu.attributes
                0x0000000000000070       0x10 build/USB-II_STARTER_KIT/production/_ext/1884096877/heap_4.o
 .gnu.attributes
                0x0000000000000080       0x10 build/USB-II_STARTER_KIT/production/_ext/1472/main.o
 .gnu.attributes
                0x0000000000000090       0x10 build/USB-II_STARTER_KIT/production/_ext/1472/ConfigPerformance.o
 .gnu.attributes
                0x00000000000000a0       0x10 build/USB-II_STARTER_KIT/production/_ext/1852901230/uart.o
 .gnu.attributes
                0x00000000000000b0       0x10 build/USB-II_STARTER_KIT/production/_ext/1472/libtman.o
 .gnu.attributes
                0x00000000000000c0       0x10 build/USB-II_STARTER_KIT/production/_ext/1472/mainSOTR_TMAN.o
 .gnu.attributes
                0x00000000000000d0       0x10 /tmp/cc6Z6kKN.o
 .gnu.attributes
                0x00000000000000e0       0x10 /tmp/ccIKcPcR.o
 .gnu.attributes
                0x00000000000000f0       0x10 /tmp/cc8rH7tr.o
 .gnu.attributes
                0x0000000000000100       0x10 /opt/microchip/xc32/v3.01/bin/bin/../../lib/gcc/pic32mx/8.3.1/../../../../pic32mx/lib/./proc/32MX795F512L/default_isr_vectors.o
 .gnu.attributes
                0x0000000000000110       0x10 /opt/microchip/xc32/v3.01/bin/bin/../../lib/gcc/pic32mx/8.3.1/../../../../pic32mx/lib/pic32_software_reset.o
 .gnu.attributes
                0x0000000000000120       0x10 /opt/microchip/xc32/v3.01/bin/bin/../../lib/gcc/pic32mx/8.3.1/../../../../pic32mx/lib/libpic32.a(memcmp.o)
 .gnu.attributes
                0x0000000000000130       0x10 /opt/microchip/xc32/v3.01/bin/bin/../../lib/gcc/pic32mx/8.3.1/../../../../pic32mx/lib/libpic32.a(memcpy.o)
 .gnu.attributes
                0x0000000000000140       0x10 /opt/microchip/xc32/v3.01/bin/bin/../../lib/gcc/pic32mx/8.3.1/../../../../pic32mx/lib/libpic32.a(memset.o)
 .gnu.attributes
                0x0000000000000150       0x10 /opt/microchip/xc32/v3.01/bin/bin/../../lib/gcc/pic32mx/8.3.1/../../../../pic32mx/lib/libpic32.a(strlen.o)
 .gnu.attributes
                0x0000000000000160       0x10 /opt/microchip/xc32/v3.01/bin/bin/../../lib/gcc/pic32mx/8.3.1/../../../../pic32mx/lib/libpic32.a(default-bootstrap-exception-handler.o)
 .gnu.attributes
                0x0000000000000170       0x10 /opt/microchip/xc32/v3.01/bin/bin/../../lib/gcc/pic32mx/8.3.1/../../../../pic32mx/lib/libpic32.a(default-on-reset.o)
 .gnu.attributes
                0x0000000000000180       0x10 /opt/microchip/xc32/v3.01/bin/bin/../../lib/gcc/pic32mx/8.3.1/../../../../pic32mx/lib/libpic32.a(default-on-bootstrap.o)
 .gnu.attributes
                0x0000000000000190       0x10 /opt/microchip/xc32/v3.01/bin/bin/../../lib/gcc/pic32mx/8.3.1/../../../../pic32mx/lib/libpic32.a(default-nmi-handler.o)
 .gnu.attributes
                0x00000000000001a0       0x10 /opt/microchip/xc32/v3.01/bin/bin/../../lib/gcc/pic32mx/8.3.1/../../../../pic32mx/lib/libpic32.a(xc32_uart.o)
 .gnu.attributes
                0x00000000000001b0       0x10 /opt/microchip/xc32/v3.01/bin/bin/../../lib/gcc/pic32mx/8.3.1/../../../../pic32mx/lib/libpic32.a(pic32_data_init.o)
 .gnu.attributes
                0x00000000000001c0       0x10 /opt/microchip/xc32/v3.01/bin/bin/../../lib/gcc/pic32mx/8.3.1/../../../../pic32mx/lib/libpic32.a(general-exception.o)
 .gnu.attributes
                0x00000000000001d0       0x10 /opt/microchip/xc32/v3.01/bin/bin/../../lib/gcc/pic32mx/8.3.1/../../../../pic32mx/lib/libpic32.a(vector0.o)
 .gnu.attributes
                0x00000000000001e0       0x10 /opt/microchip/xc32/v3.01/bin/bin/../../lib/gcc/pic32mx/8.3.1/../../../../pic32mx/lib/libpic32.a(vector2.o)
 .gnu.attributes
                0x00000000000001f0       0x10 /opt/microchip/xc32/v3.01/bin/bin/../../lib/gcc/pic32mx/8.3.1/../../../../pic32mx/lib/libpic32.a(vector3.o)
 .gnu.attributes
                0x0000000000000200       0x10 /opt/microchip/xc32/v3.01/bin/bin/../../lib/gcc/pic32mx/8.3.1/../../../../pic32mx/lib/libpic32.a(vector5.o)
 .gnu.attributes
                0x0000000000000210       0x10 /opt/microchip/xc32/v3.01/bin/bin/../../lib/gcc/pic32mx/8.3.1/../../../../pic32mx/lib/libpic32.a(vector6.o)
 .gnu.attributes
                0x0000000000000220       0x10 /opt/microchip/xc32/v3.01/bin/bin/../../lib/gcc/pic32mx/8.3.1/../../../../pic32mx/lib/libpic32.a(vector7.o)
 .gnu.attributes
                0x0000000000000230       0x10 /opt/microchip/xc32/v3.01/bin/bin/../../lib/gcc/pic32mx/8.3.1/../../../../pic32mx/lib/libpic32.a(vector8.o)
 .gnu.attributes
                0x0000000000000240       0x10 /opt/microchip/xc32/v3.01/bin/bin/../../lib/gcc/pic32mx/8.3.1/../../../../pic32mx/lib/libpic32.a(vector9.o)
 .gnu.attributes
                0x0000000000000250       0x10 /opt/microchip/xc32/v3.01/bin/bin/../../lib/gcc/pic32mx/8.3.1/../../../../pic32mx/lib/libpic32.a(vector10.o)
 .gnu.attributes
                0x0000000000000260       0x10 /opt/microchip/xc32/v3.01/bin/bin/../../lib/gcc/pic32mx/8.3.1/../../../../pic32mx/lib/libpic32.a(vector11.o)
 .gnu.attributes
                0x0000000000000270       0x10 /opt/microchip/xc32/v3.01/bin/bin/../../lib/gcc/pic32mx/8.3.1/../../../../pic32mx/lib/libpic32.a(vector13.o)
 .gnu.attributes
                0x0000000000000280       0x10 /opt/microchip/xc32/v3.01/bin/bin/../../lib/gcc/pic32mx/8.3.1/../../../../pic32mx/lib/libpic32.a(vector14.o)
 .gnu.attributes
                0x0000000000000290       0x10 /opt/microchip/xc32/v3.01/bin/bin/../../lib/gcc/pic32mx/8.3.1/../../../../pic32mx/lib/libpic32.a(vector15.o)
 .gnu.attributes
                0x00000000000002a0       0x10 /opt/microchip/xc32/v3.01/bin/bin/../../lib/gcc/pic32mx/8.3.1/../../../../pic32mx/lib/libpic32.a(vector16.o)
 .gnu.attributes
                0x00000000000002b0       0x10 /opt/microchip/xc32/v3.01/bin/bin/../../lib/gcc/pic32mx/8.3.1/../../../../pic32mx/lib/libpic32.a(vector17.o)
 .gnu.attributes
                0x00000000000002c0       0x10 /opt/microchip/xc32/v3.01/bin/bin/../../lib/gcc/pic32mx/8.3.1/../../../../pic32mx/lib/libpic32.a(vector18.o)
 .gnu.attributes
                0x00000000000002d0       0x10 /opt/microchip/xc32/v3.01/bin/bin/../../lib/gcc/pic32mx/8.3.1/../../../../pic32mx/lib/libpic32.a(vector19.o)
 .gnu.attributes
                0x00000000000002e0       0x10 /opt/microchip/xc32/v3.01/bin/bin/../../lib/gcc/pic32mx/8.3.1/../../../../pic32mx/lib/libpic32.a(vector20.o)
 .gnu.attributes
                0x00000000000002f0       0x10 /opt/microchip/xc32/v3.01/bin/bin/../../lib/gcc/pic32mx/8.3.1/../../../../pic32mx/lib/libpic32.a(vector21.o)
 .gnu.attributes
                0x0000000000000300       0x10 /opt/microchip/xc32/v3.01/bin/bin/../../lib/gcc/pic32mx/8.3.1/../../../../pic32mx/lib/libpic32.a(vector22.o)
 .gnu.attributes
                0x0000000000000310       0x10 /opt/microchip/xc32/v3.01/bin/bin/../../lib/gcc/pic32mx/8.3.1/../../../../pic32mx/lib/libpic32.a(vector23.o)
 .gnu.attributes
                0x0000000000000320       0x10 /opt/microchip/xc32/v3.01/bin/bin/../../lib/gcc/pic32mx/8.3.1/../../../../pic32mx/lib/libpic32.a(vector24.o)
 .gnu.attributes
                0x0000000000000330       0x10 /opt/microchip/xc32/v3.01/bin/bin/../../lib/gcc/pic32mx/8.3.1/../../../../pic32mx/lib/libpic32.a(vector25.o)
 .gnu.attributes
                0x0000000000000340       0x10 /opt/microchip/xc32/v3.01/bin/bin/../../lib/gcc/pic32mx/8.3.1/../../../../pic32mx/lib/libpic32.a(vector26.o)
 .gnu.attributes
                0x0000000000000350       0x10 /opt/microchip/xc32/v3.01/bin/bin/../../lib/gcc/pic32mx/8.3.1/../../../../pic32mx/lib/libpic32.a(vector27.o)
 .gnu.attributes
                0x0000000000000360       0x10 /opt/microchip/xc32/v3.01/bin/bin/../../lib/gcc/pic32mx/8.3.1/../../../../pic32mx/lib/libpic32.a(vector28.o)
 .gnu.attributes
                0x0000000000000370       0x10 /opt/microchip/xc32/v3.01/bin/bin/../../lib/gcc/pic32mx/8.3.1/../../../../pic32mx/lib/libpic32.a(vector29.o)
 .gnu.attributes
                0x0000000000000380       0x10 /opt/microchip/xc32/v3.01/bin/bin/../../lib/gcc/pic32mx/8.3.1/../../../../pic32mx/lib/libpic32.a(vector30.o)
 .gnu.attributes
                0x0000000000000390       0x10 /opt/microchip/xc32/v3.01/bin/bin/../../lib/gcc/pic32mx/8.3.1/../../../../pic32mx/lib/libpic32.a(vector31.o)
 .gnu.attributes
                0x00000000000003a0       0x10 /opt/microchip/xc32/v3.01/bin/bin/../../lib/gcc/pic32mx/8.3.1/../../../../pic32mx/lib/libpic32.a(vector32.o)
 .gnu.attributes
                0x00000000000003b0       0x10 /opt/microchip/xc32/v3.01/bin/bin/../../lib/gcc/pic32mx/8.3.1/../../../../pic32mx/lib/libpic32.a(vector33.o)
 .gnu.attributes
                0x00000000000003c0       0x10 /opt/microchip/xc32/v3.01/bin/bin/../../lib/gcc/pic32mx/8.3.1/../../../../pic32mx/lib/libpic32.a(vector34.o)
 .gnu.attributes
                0x00000000000003d0       0x10 /opt/microchip/xc32/v3.01/bin/bin/../../lib/gcc/pic32mx/8.3.1/../../../../pic32mx/lib/libpic32.a(vector35.o)
 .gnu.attributes
                0x00000000000003e0       0x10 /opt/microchip/xc32/v3.01/bin/bin/../../lib/gcc/pic32mx/8.3.1/../../../../pic32mx/lib/libpic32.a(vector36.o)
 .gnu.attributes
                0x00000000000003f0       0x10 /opt/microchip/xc32/v3.01/bin/bin/../../lib/gcc/pic32mx/8.3.1/../../../../pic32mx/lib/libpic32.a(vector37.o)
 .gnu.attributes
                0x0000000000000400       0x10 /opt/microchip/xc32/v3.01/bin/bin/../../lib/gcc/pic32mx/8.3.1/../../../../pic32mx/lib/libpic32.a(vector38.o)
 .gnu.attributes
                0x0000000000000410       0x10 /opt/microchip/xc32/v3.01/bin/bin/../../lib/gcc/pic32mx/8.3.1/../../../../pic32mx/lib/libpic32.a(vector39.o)
 .gnu.attributes
                0x0000000000000420       0x10 /opt/microchip/xc32/v3.01/bin/bin/../../lib/gcc/pic32mx/8.3.1/../../../../pic32mx/lib/libpic32.a(vector40.o)
 .gnu.attributes
                0x0000000000000430       0x10 /opt/microchip/xc32/v3.01/bin/bin/../../lib/gcc/pic32mx/8.3.1/../../../../pic32mx/lib/libpic32.a(vector41.o)
 .gnu.attributes
                0x0000000000000440       0x10 /opt/microchip/xc32/v3.01/bin/bin/../../lib/gcc/pic32mx/8.3.1/../../../../pic32mx/lib/libpic32.a(vector42.o)
 .gnu.attributes
                0x0000000000000450       0x10 /opt/microchip/xc32/v3.01/bin/bin/../../lib/gcc/pic32mx/8.3.1/../../../../pic32mx/lib/libpic32.a(vector43.o)
 .gnu.attributes
                0x0000000000000460       0x10 /opt/microchip/xc32/v3.01/bin/bin/../../lib/gcc/pic32mx/8.3.1/../../../../pic32mx/lib/libpic32.a(vector44.o)
 .gnu.attributes
                0x0000000000000470       0x10 /opt/microchip/xc32/v3.01/bin/bin/../../lib/gcc/pic32mx/8.3.1/../../../../pic32mx/lib/libpic32.a(vector45.o)
 .gnu.attributes
                0x0000000000000480       0x10 /opt/microchip/xc32/v3.01/bin/bin/../../lib/gcc/pic32mx/8.3.1/../../../../pic32mx/lib/libpic32.a(vector46.o)
 .gnu.attributes
                0x0000000000000490       0x10 /opt/microchip/xc32/v3.01/bin/bin/../../lib/gcc/pic32mx/8.3.1/../../../../pic32mx/lib/libpic32.a(vector47.o)
 .gnu.attributes
                0x00000000000004a0       0x10 /opt/microchip/xc32/v3.01/bin/bin/../../lib/gcc/pic32mx/8.3.1/../../../../pic32mx/lib/libpic32.a(vector48.o)
 .gnu.attributes
                0x00000000000004b0       0x10 /opt/microchip/xc32/v3.01/bin/bin/../../lib/gcc/pic32mx/8.3.1/../../../../pic32mx/lib/libpic32.a(vector49.o)
 .gnu.attributes
                0x00000000000004c0       0x10 /opt/microchip/xc32/v3.01/bin/bin/../../lib/gcc/pic32mx/8.3.1/../../../../pic32mx/lib/libpic32.a(vector50.o)
 .gnu.attributes
                0x00000000000004d0       0x10 /opt/microchip/xc32/v3.01/bin/bin/../../lib/gcc/pic32mx/8.3.1/../../../../pic32mx/lib/libpic32.a(vector51.o)
 .gnu.attributes
                0x00000000000004e0       0x10 /opt/microchip/xc32/v3.01/bin/bin/../../lib/gcc/pic32mx/8.3.1/../../../../pic32mx/lib/libpic32.a(defaultinterrupt.o)
 .gnu.attributes
                0x00000000000004f0       0x10 /opt/microchip/xc32/v3.01/bin/bin/../../lib/gcc/pic32mx/8.3.1/../../../../pic32mx/lib/libc.a(puts.o)
 .gnu.attributes
                0x0000000000000500       0x10 /opt/microchip/xc32/v3.01/bin/bin/../../lib/gcc/pic32mx/8.3.1/../../../../pic32mx/lib/libc.a(printf_s.eo)
 .gnu.attributes
                0x0000000000000510       0x10 /opt/microchip/xc32/v3.01/bin/bin/../../lib/gcc/pic32mx/8.3.1/../../../../pic32mx/lib/libc.a(sprintf_cdnopuxX.eo)
 .gnu.attributes
                0x0000000000000520       0x10 /opt/microchip/xc32/v3.01/bin/bin/../../lib/gcc/pic32mx/8.3.1/../../../../pic32mx/lib/libc.a(_iob.o)
 .gnu.attributes
                0x0000000000000530       0x10 /opt/microchip/xc32/v3.01/bin/bin/../../lib/gcc/pic32mx/8.3.1/../../../../pic32mx/lib/libc.a(_fputc_simple.o)
 .gnu.attributes
                0x0000000000000540       0x10 /opt/microchip/xc32/v3.01/bin/bin/../../lib/gcc/pic32mx/8.3.1/../../../../pic32mx/lib/libc.a(doprnt_cdnopuxX.eo)
 .gnu.attributes
                0x0000000000000550       0x10 /opt/microchip/xc32/v3.01/bin/bin/../../lib/gcc/pic32mx/8.3.1/../../../../pic32mx/lib/libc.a(doprnt_s.eo)
 .gnu.attributes
                0x0000000000000560       0x10 /opt/microchip/xc32/v3.01/bin/bin/../../lib/gcc/pic32mx/8.3.1/../../../../pic32mx/lib/libc.a(_flsbuf_simple.o)
 .gnu.attributes
                0x0000000000000570       0x10 /opt/microchip/xc32/v3.01/bin/bin/../../lib/gcc/pic32mx/8.3.1/../../../../pic32mx/lib/libc.a(ctype.o)
 .gnu.attributes
                0x0000000000000580       0x10 /opt/microchip/xc32/v3.01/bin/bin/../../lib/gcc/pic32mx/8.3.1/../../../../pic32mx/lib/libm.a(dp32mul.o)
 .gnu.attributes
                0x0000000000000590       0x10 /opt/microchip/xc32/v3.01/bin/bin/../../lib/gcc/pic32mx/8.3.1/../../../../pic32mx/lib/libm.a(dptoul.o)
 .gnu.attributes
                0x00000000000005a0       0x10 /opt/microchip/xc32/v3.01/bin/bin/../../lib/gcc/pic32mx/8.3.1/../../../../pic32mx/lib/libm.a(fp32mul.o)
 .gnu.attributes
                0x00000000000005b0       0x10 /opt/microchip/xc32/v3.01/bin/bin/../../lib/gcc/pic32mx/8.3.1/../../../../pic32mx/lib/libm.a(fptodp.o)
 .gnu.attributes
                0x00000000000005c0       0x10 /opt/microchip/xc32/v3.01/bin/bin/../../lib/gcc/pic32mx/8.3.1/libgcc.a(_lshrdi3.o)
 .gnu.attributes
                0x00000000000005d0       0x10 /opt/microchip/xc32/v3.01/bin/bin/../../lib/gcc/pic32mx/8.3.1/libgcc.a(_udivdi3.o)
 .gnu.attributes
                0x00000000000005e0       0x10 /opt/microchip/xc32/v3.01/bin/bin/../../lib/gcc/pic32mx/8.3.1/libgcc.a(_umoddi3.o)
 .gnu.attributes
                0x00000000000005f0       0x10 /opt/microchip/xc32/v3.01/bin/bin/../../lib/gcc/pic32mx/8.3.1/../../../../pic32mx/lib/libpic32.a(write.o)
 .gnu.attributes
                0x0000000000000600       0x10 /opt/microchip/xc32/v3.01/bin/bin/../../lib/gcc/pic32mx/8.3.1/../../../../pic32mx/lib/libpic32.a(_mon_putc.o)
OUTPUT(dist/USB-II_STARTER_KIT/production/SOTR_TMAN.X.production.elf elf32-tradlittlemips)
LOAD stack
LOAD data_init

.reginfo        0x0000000000000000       0x18
 .reginfo       0x0000000000000000       0x18 /opt/microchip/xc32/v3.01/bin/bin/../../lib/gcc/pic32mx/8.3.1/../../../../pic32mx/lib/debug-exception-return.o

.stack          0x00000000a0008898      0x400
 .stack         0x00000000a0008898      0x400 stack

.bss            0x00000000a0000084     0x8234
 .bss           0x00000000a0000084     0x6d60 build/USB-II_STARTER_KIT/production/_ext/1884096877/heap_4.o
 .bss           0x00000000a0006de4     0x14d4 build/USB-II_STARTER_KIT/production/_ext/1472/libtman.o
                0x00000000a0006de4                task_list

.bss            0x00000000a00082b8      0x4b0
 .bss           0x00000000a00082b8      0x3e8 build/USB-II_STARTER_KIT/production/_ext/332309696/port.o
                0x00000000a00082b8                xISRStack
 .bss           0x00000000a00086a0       0xc8 build/USB-II_STARTER_KIT/production/_ext/449926602/tasks.o

.data           0x00000000a0008768       0xa4
 .data          0x00000000a0008768       0xa4 /opt/microchip/xc32/v3.01/bin/bin/../../lib/gcc/pic32mx/8.3.1/../../../../pic32mx/lib/libc.a(_iob.o)
                0x00000000a0008768                _Files
                0x00000000a000876c                _iob

.bss            0x00000000a000880c       0x41
 .bss           0x00000000a000880c       0x41 /opt/microchip/xc32/v3.01/bin/bin/../../lib/gcc/pic32mx/8.3.1/../../../../pic32mx/lib/libc.a(_iob.o)
                0x00000000a000880c                _sobuf
                0x00000000a000882c                _sibuf