Copyright 1986-2020 Xilinx, Inc. All Rights Reserved.
---------------------------------------------------------------------------------------------------
| Tool Version : Vivado v.2020.2 (win64) Build 3064766 Wed Nov 18 09:12:45 MST 2020
| Date         : Mon Jun 21 15:30:43 2021
| Host         : EURICO-PC running 64-bit major release  (build 9200)
| Command      : report_incremental_reuse -file mb_design_wrapper_incremental_reuse_pre_placed.rpt
| Design       : mb_design_wrapper
| Device       : xc7a100t
| Design State : Fully Routed
---------------------------------------------------------------------------------------------------

Incremental Implementation Information

Table of Contents
-----------------
1. Incremental Flow Summary
2. Reuse Summary
3. Reference Checkpoint Information
4. Comparison with Reference Run
5. Optimization Comparison With Reference Run
5.1 iphys_opt_replay Optimizations
5.2 QoR Suggestion Optimizations
6. Command Comparison with Reference Run
6.1 Reference:
6.2 Incremental:
7. Non Reuse Information

1. Incremental Flow Summary
---------------------------

+-----------------------+------------------+
|    Flow Information   |       Value      |
+-----------------------+------------------+
| Synthesis Flow        |          Default |
| Auto Incremental      |              Yes |
| Incremental Directive | RuntimeOptimized |
| Reuse mode            |             High |
| Target WNS            |              0.0 |
| QoR Suggestions       |                0 |
+-----------------------+------------------+


2. Reuse Summary
----------------

+-------+----------------------+----------------------------+--------------------+-------+
|  Type | Matched % (of Total) | Current Reuse % (of Total) | Fixed % (of Total) | Total |
+-------+----------------------+----------------------------+--------------------+-------+
| Cells |               100.00 |                     100.00 |               1.21 | 15904 |
| Nets  |               100.00 |                     100.00 |               0.00 | 11667 |
| Pins  |                    - |                     100.00 |                  - | 62096 |
| Ports |               100.00 |                     100.00 |             100.00 |   103 |
+-------+----------------------+----------------------------+--------------------+-------+


3. Reference Checkpoint Information
-----------------------------------

+----------------+-------------------------------------------------------------------------------------------------------------------------+
| DCP Location:  | C:/Xilinx/projects/MB_basePlatform_old/MB_DMA_Base/MB_DMA_Base.srcs/utils_1/imports/impl_1/mb_design_wrapper_routed.dcp |
+----------------+-------------------------------------------------------------------------------------------------------------------------+


+--------------------------------+----------------------------+
|         DCP Information        |            Value           |
+--------------------------------+----------------------------+
| Vivado Version                 |                     2020.2 |
| DCP State                      |                 POST_ROUTE |
| Recorded WNS                   |                      0.157 |
| Recorded WHS                   |                      0.029 |
| Reference Speed File Version   | PRODUCTION 1.23 2018-06-13 |
| Incremental Speed File Version | PRODUCTION 1.23 2018-06-13 |
+--------------------------------+----------------------------+
* Recorded WNS/WHS timing numbers are estimated timing numbers. They may vary slightly from sign-off timing numbers.


4. Comparison with Reference Run
--------------------------------

+-----------------+---------------------------+---------------------------+---------------------------+
|                 |          WNS(ns)          |  Runtime(elapsed)(hh:mm)  |    Runtime(cpu)(hh:mm)    |
+-----------------+-------------+-------------+-------------+-------------+-------------+-------------+
|      Stage      |  Reference  | Incremental |  Reference  | Incremental |  Reference  | Incremental |
+-----------------+-------------+-------------+-------------+-------------+-------------+-------------+
| synth_design    |             |             |       00:02 |       00:01 |       00:02 |       00:01 |
| opt_design      |             |             |     < 1 min |     < 1 min |     < 1 min |     < 1 min |
| read_checkpoint |             |             |     < 1 min |     < 1 min |     < 1 min |     < 1 min |
| place_design    |       0.157 |             |     < 1 min |             |     < 1 min |             |
| phys_opt_design |       0.157 |             |     < 1 min |             |     < 1 min |             |
| route_design    |       0.157 |             |     < 1 min |             |     < 1 min |             |
+-----------------+-------------+-------------+-------------+-------------+-------------+-------------+


5. Optimization Comparison With Reference Run
---------------------------------------------

5.1 iphys_opt_replay Optimizations
----------------------------------

+-------------------------+--------+------------+
| iphys_opt_design replay | Reused | Not Reused |
+-------------------------+--------+------------+


5.2 QoR Suggestion Optimizations
--------------------------------

+-----------------+-------+
| QoR Suggestions | Value |
+-----------------+-------+


6. Command Comparison with Reference Run
----------------------------------------

6.1 Reference:
--------------
synth_design-verilog_define default::[not_specified] -top  mb_design_wrapper -part  xc7a100tcsg324-1 
opt_design
read_checkpoint -directive RuntimeOptimized  -incremental -auto_incremental C:/Xilinx/projects/MB_basePlatform_old/MB_DMA_Base/MB_DMA_Base.srcs/utils_1/imports/impl_1/mb_design_wrapper_routed.dcp
place_design
phys_opt_design
route_design

6.2 Incremental:
----------------
synth_design-verilog_define default::[not_specified] -top  mb_design_wrapper -part  xc7a100tcsg324-1 
opt_design
read_checkpoint -directive RuntimeOptimized  -incremental -auto_incremental C:/Xilinx/projects/MB_basePlatform_old/MB_DMA_Base/MB_DMA_Base.srcs/utils_1/imports/impl_1/mb_design_wrapper_routed.dcp

7. Non Reuse Information
------------------------

+-----------------------+------+
|          Type         |   %  |
+-----------------------+------+
| Non-Reused Cells      | 0.00 |
| Partially reused nets | 0.00 |
| Non-Reused nets       | 0.00 |
| Non-Reused Ports      | 0.00 |
+-----------------------+------+


